[00:08:07] [HTTP] - CONNECT  404
[00:57:46] [HTTP] - GET /board.cgi 404
[01:01:42] [HTTP] - GET / 404
[01:49:49] [HTTP] - GET /SDK/webLanguage 404
[02:40:58] [HTTP] - CONNECT  404
[03:02:37] [HTTP] - GET / 404
[03:02:37] [HTTP] - CONNECT  404
[04:22:40] [HTTP] - GET /login 404
[04:38:41] [HTTP] - GET / 404
[04:48:33] [HTTP] - GET /v1/vector/collections/describe 404
[04:48:33] [HTTP] - GET /v1 404
[04:48:34] [HTTP] - GET / 404
[04:48:36] [HTTP] - GET / 404
[04:48:37] [HTTP] - GET /favicon.ico 404
[04:53:19] [HTTP] - GET /v1 404
[04:59:19] [HTTP] - GET /v1/vector/collections/describe 404
[04:59:32] [HTTP] - GET / 404
[05:24:47] [HTTP] - GET /json/ 404
[05:24:47] [HTTP] - CONNECT  404
[05:34:05] [HTTP] - GET / 404
[05:54:03] [HTTP] - GET /images/js/eas/eas.js 404
[06:10:56] [HTTP] - GET / 404
[06:14:16] [HTTP] - GET / 404
[06:14:26] [HTTP] - GET / 404
[06:14:27] [HTTP] - PRI * 404
[06:14:35] [HTTP] - GET /security.txt 404
[06:36:15] [HTTP] - GET / 404
[06:47:12] [HTTP] - GET / 404
[07:20:25] [HTTP] - GET /boaform/admin/formLogin 404
[07:24:44] [HTTP] - CONNECT  404
[07:28:32] [HTTP] - GET / 404
[07:28:36] [HTTP] - GET / 404
[07:28:36] [HTTP] - GET /nmaplowercheck1782948516 404
[07:28:36] [HTTP] - POST /sdk 404
[07:28:36] [HTTP] - GET /evox/about 404
[07:28:36] [HTTP] - GET /HNAP1 404
[07:28:46] [HTTP] - GET / 404
[07:28:46] [HTTP] - GET / 404
[09:26:42] [HTTP] - POST /GponForm/diag_Form 404
