[19:43:59] [HTTP] - POST /api/auth/login 200
[19:44:00] [HTTP] - GET /api/devices 200
[19:44:00] [HTTP] - GET /api/devices 200
[19:44:03] [HTTP] - GET /api/users/cpops 200
[19:44:07] [HTTP] - GET /api/certificates 200
[19:45:59] [HTTP] - GET /api/certificates 401
[19:52:42] [HTTP] - GET /api/devices 401
[20:10:54] [HTTP] - GET /api/auth/me 200
[20:10:54] [HTTP] - GET /api/devices 200
[20:10:54] [HTTP] - GET /api/devices 200
[20:19:06] [HTTP] - GET /api/auth/me 200
[20:19:06] [HTTP] - GET /api/devices 200
[20:19:08] [HTTP] - GET /api/devices 200
[20:19:56] [HTTP] - GET /api/users/cpops 200
[20:20:11] [HTTP] - GET /login 404
[20:21:15] [HTTP] - GET /api/auth/me 200
[20:21:15] [HTTP] - GET /api/users/cpops 200
[20:21:15] [HTTP] - GET /api/devices 200
[20:21:57] [HTTP] - GET /api/auth/me 200
[20:21:57] [HTTP] - GET /api/users/cpops 200
[20:21:57] [HTTP] - GET /api/devices 200
[20:21:59] [HTTP] - GET /api/devices 200
[20:22:00] [HTTP] - GET /api/devices 200
[20:22:00] [HTTP] - GET /api/certificates 200
[20:25:40] [HTTP] - GET / 404
[20:25:46] [HTTP] - GET / 404
[20:26:27] [HTTP] - GET /api/users/cpops 200
[20:26:29] [HTTP] - GET /api/certificates 200
[20:30:13] [HTTP] - GET /api/devices 200
[20:30:15] [HTTP] - GET /api/ocpp/10ba6a57-670f-40db-9a4e-4b054577a7fd/transactions/active 200
[20:30:15] [HTTP] - GET /api/devices 200
[20:30:15] [HTTP] - GET /api/ocpp/10ba6a57-670f-40db-9a4e-4b054577a7fd/transactions 200
[20:33:30] [HTTP] - GET /api/devices 200
[20:33:32] [HTTP] - POST /api/auth/logout 200
[20:33:39] [HTTP] - POST /api/auth/login 200
[20:33:40] [HTTP] - GET /api/devices 200
[20:33:40] [HTTP] - GET /api/users/cpops 200
[20:33:40] [HTTP] - GET /api/devices 200
[20:33:43] [HTTP] - GET /api/users 200
[20:35:05] [HTTP] - GET /api/users/cpops 200
[20:35:05] [HTTP] - GET /api/users/cpops 200
[20:35:24] [HTTP] - GET / 404
[20:35:24] [HTTP] - GET / 404
[20:37:30] [HTTP] - GET /api/certificates 200
[20:37:50] [HTTP] - POST /api/auth/logout 200
[20:37:58] [HTTP] - POST /api/auth/login 200
[20:37:58] [HTTP] - GET /api/devices 200
[20:37:58] [HTTP] - GET /api/devices 200
[20:38:18] [HTTP] - GET /api/users 200
[20:38:47] [HTTP] - GET /api/users/cpops 200
[20:40:24] [HTTP] - GET /api/devices 200
[20:40:25] [HTTP] - GET /api/devices 200
[20:40:25] [HTTP] - GET /api/certificates 200
[20:40:51] [HTTP] - GET /api/users/cpops 200
[20:43:06] [HTTP] - GET /api/profiles 200
[20:43:06] [HTTP] - GET /api/devices 200
[20:43:08] [HTTP] - GET /api/devices 200
[20:43:08] [HTTP] - GET /api/certificates 200
[20:44:12] [HTTP] - GET /api/users/cpops 200
[20:50:54] [HTTP] - GET /api/profiles 401
