[15:20:43] [HTTP] - POST /api/auth/login 401
[15:20:50] [HTTP] - POST /api/auth/login 200
[15:20:50] [HTTP] - GET /api/devices 200
[15:20:50] [HTTP] - GET /api/devices 200
[15:20:51] [HTTP] - GET /api/users/cpops 200
[15:21:10] [HTTP] - GET /api/certificates 200
[15:21:10] [HTTP] - GET /api/users/cpops 200
[15:21:10] [HTTP] - GET /api/devices 200
[15:21:13] [HTTP] - GET /api/devices 200
[15:21:13] [HTTP] - GET /api/users/cpops 200
[15:21:14] [HTTP] - GET /api/profiles 200
[15:21:14] [HTTP] - GET /api/devices 200
[15:21:14] [HTTP] - GET /api/users/cpops 200
[15:21:16] [HTTP] - GET /api/devices 200
[15:21:16] [HTTP] - GET /api/users/cpops 200
[15:21:16] [HTTP] - GET /api/certificates 200
[15:21:17] [HTTP] - GET /api/devices 200
[15:21:17] [HTTP] - GET /api/users/cpops 200
[15:21:17] [HTTP] - GET /api/devices 200
[15:21:17] [HTTP] - GET /api/profiles 200
[15:21:17] [HTTP] - GET /api/users/cpops 200
[15:21:18] [HTTP] - GET /api/devices 200
[15:21:18] [HTTP] - GET /api/users/cpops 200
[15:21:18] [HTTP] - GET /api/ocpp/51dcf43b-9718-4ea4-a1e2-5ad1621e60da/transactions/active 200
[15:21:18] [HTTP] - GET /api/ocpp/51dcf43b-9718-4ea4-a1e2-5ad1621e60da/transactions 200
[15:21:19] [HTTP] - GET /api/devices 200
[15:21:19] [HTTP] - GET /api/users/cpops 200
[15:21:20] [HTTP] - GET /api/devices 200
[15:21:20] [HTTP] - GET /api/certificates 200
[15:21:20] [HTTP] - GET /api/users/cpops 200
[15:22:26] [HTTP] - GET /api/users 200
[15:22:29] [HTTP] - GET /api/users/cpops 200
[15:22:29] [HTTP] - GET /api/users/cpops 200
