[16:06:42] [HTTP] - GET /api/auth/me 401
[16:06:51] [HTTP] - POST /api/auth/login 401
[16:06:59] [HTTP] - POST /api/auth/login 200
[16:06:59] [HTTP] - GET /api/users/cpops 200
[16:07:00] [HTTP] - GET /api/devices 200
[16:07:00] [HTTP] - GET /api/devices 200
[16:07:06] [HTTP] - GET /api/users 200
[16:07:11] [HTTP] - GET /api/users/cpops 200
[16:07:11] [HTTP] - GET /api/devices 200
[16:07:13] [HTTP] - POST /api/auth/logout 200
[16:07:17] [HTTP] - POST /api/auth/login 200
[16:07:17] [HTTP] - GET /api/devices 200
[16:07:18] [HTTP] - GET /api/devices 200
[16:08:09] [HTTP] - GET /api/users/cpops 200
[16:08:16] [HTTP] - GET /api/certificates 200
[16:10:05] [HTTP] - POST /api/certificates 201
[16:10:05] [HTTP] - POST /api/certificates 201
[16:10:06] [HTTP] - POST /api/certificates 201
[16:10:06] [HTTP] - GET /api/certificates 200
[16:10:47] [HTTP] - POST /api/certificates 201
[16:10:47] [HTTP] - POST /api/certificates 201
[16:10:48] [HTTP] - POST /api/certificates 201
[16:10:48] [HTTP] - GET /api/certificates 200
[16:10:56] [HTTP] - GET /api/certificates 200
[16:11:03] [HTTP] - GET /api/certificates 200
[16:24:35] [HTTP] - GET /api/events/logs 200
[16:24:37] [HTTP] - GET /api/events/logs 200
[16:24:39] [HTTP] - GET /api/events/logs 200
[16:24:44] [HTTP] - GET /api/events/logs 200
[16:24:48] [HTTP] - GET /api/events/logs 200
[16:24:57] [HTTP] - GET /api/profiles 200
[16:24:57] [HTTP] - GET /api/users/cpops 200
[16:24:59] [HTTP] - GET /api/idtags 200
[16:24:59] [HTTP] - GET /api/users/cpops 200
[16:25:01] [HTTP] - GET /api/users/cpops 200
[16:25:02] [HTTP] - GET /api/devices 200
[16:25:02] [HTTP] - GET /api/users/cpops 200
[16:25:16] [HTTP] - GET /api/users 200
[16:25:19] [HTTP] - GET /api/users/cpops 200
[16:25:22] [HTTP] - GET /api/devices 200
[16:25:23] [HTTP] - GET /api/certificates 200
[16:25:23] [HTTP] - GET /api/devices 200
[16:34:27] [HTTP] - POST /api/ocpp/38a7a838-bbc8-49b9-a16f-715e1f07324b/install-certificate 200
[16:34:36] [HTTP] - POST /api/ocpp/38a7a838-bbc8-49b9-a16f-715e1f07324b/install-certificate 200
[16:34:43] [HTTP] - POST /api/ocpp/38a7a838-bbc8-49b9-a16f-715e1f07324b/sign-certificate 200
[16:45:23] [HTTP] - POST /api/ocpp/38a7a838-bbc8-49b9-a16f-715e1f07324b/sign-certificate 200
[16:45:50] [HTTP] - GET /api/devices 200
[16:45:50] [HTTP] - GET /api/profiles 200
[16:46:00] [HTTP] - GET /api/ocpp/38a7a838-bbc8-49b9-a16f-715e1f07324b/transactions/active 200
[16:46:00] [HTTP] - GET /api/devices 200
[16:46:00] [HTTP] - GET /api/ocpp/38a7a838-bbc8-49b9-a16f-715e1f07324b/transactions 200
[16:46:02] [HTTP] - GET /api/devices 200
[16:46:02] [HTTP] - GET /api/profiles 200
[16:46:03] [HTTP] - GET /api/devices 200
[16:46:23] [HTTP] - GET /api/devices 200
[16:46:23] [HTTP] - GET /api/certificates 200
[16:46:29] [HTTP] - POST /api/ocpp/38a7a838-bbc8-49b9-a16f-715e1f07324b/sign-certificate 200
[16:53:13] [HTTP] - GET /api/devices 200
[16:53:13] [HTTP] - GET /api/profiles 200
[16:53:13] [HTTP] - GET /api/devices 200
[16:53:15] [HTTP] - GET /api/devices 200
[16:53:15] [HTTP] - GET /api/certificates 200
[16:53:47] [HTTP] - POST /api/ocpp/38a7a838-bbc8-49b9-a16f-715e1f07324b/sign-certificate 200
[16:59:06] [HTTP] - POST /api/ocpp/38a7a838-bbc8-49b9-a16f-715e1f07324b/sign-certificate 200
[17:13:27] [HTTP] - GET /api/devices 200
[17:13:27] [HTTP] - GET /api/users/cpops 200
[17:13:35] [HTTP] - POST /api/devices 201
[17:13:36] [HTTP] - GET /api/devices 200
[17:13:39] [HTTP] - GET /api/devices 200
[17:20:28] [HTTP] - GET /api/auth/me 200
[17:20:29] [HTTP] - GET /api/devices 200
[17:20:29] [HTTP] - GET /api/devices 200
[17:20:32] [HTTP] - GET /api/devices 200
[17:20:34] [HTTP] - GET /api/ocpp/10ba6a57-670f-40db-9a4e-4b054577a7fd/transactions/active 200
[17:20:34] [HTTP] - GET /api/ocpp/10ba6a57-670f-40db-9a4e-4b054577a7fd/transactions 200
[17:20:34] [HTTP] - GET /api/devices 200
[17:20:35] [HTTP] - GET /api/profiles 200
[17:20:35] [HTTP] - GET /api/devices 200
[17:20:37] [HTTP] - GET /api/ocpp/10ba6a57-670f-40db-9a4e-4b054577a7fd/transactions/active 200
[17:20:37] [HTTP] - GET /api/devices 200
[17:20:37] [HTTP] - GET /api/ocpp/10ba6a57-670f-40db-9a4e-4b054577a7fd/transactions 200
[17:20:41] [HTTP] - GET /api/devices 200
[17:20:45] [HTTP] - GET /api/ocpp/10ba6a57-670f-40db-9a4e-4b054577a7fd/configuration 200
[17:25:00] [HTTP] - GET /api/ocpp/10ba6a57-670f-40db-9a4e-4b054577a7fd/configuration 200
[17:25:14] [HTTP] - POST /api/ocpp/10ba6a57-670f-40db-9a4e-4b054577a7fd/configuration/set 200
[17:25:19] [HTTP] - GET /api/ocpp/10ba6a57-670f-40db-9a4e-4b054577a7fd/configuration 200
[17:25:25] [HTTP] - GET /api/devices 200
[17:25:26] [HTTP] - GET /api/ocpp/10ba6a57-670f-40db-9a4e-4b054577a7fd/transactions/active 200
[17:25:26] [HTTP] - GET /api/ocpp/10ba6a57-670f-40db-9a4e-4b054577a7fd/transactions 200
[17:25:26] [HTTP] - GET /api/devices 200
[17:25:26] [HTTP] - GET /api/certificates 200
[17:25:42] [HTTP] - POST /api/ocpp/10ba6a57-670f-40db-9a4e-4b054577a7fd/install-certificate 200
[17:25:59] [HTTP] - POST /api/ocpp/10ba6a57-670f-40db-9a4e-4b054577a7fd/install-certificate 200
[17:26:13] [HTTP] - POST /api/ocpp/10ba6a57-670f-40db-9a4e-4b054577a7fd/sign-certificate 200
[17:32:27] [HTTP] - GET /api/devices 200
[17:32:43] [HTTP] - GET /api/devices 200
[17:32:46] [HTTP] - GET /api/devices 200
[17:32:54] [HTTP] - GET /api/devices 200
[17:32:55] [HTTP] - GET /api/certificates 200
[17:36:40] [HTTP] - GET /api/devices 200
[17:36:55] [HTTP] - CONNECT  404
[17:39:57] [HTTP] - GET /api/ocpp/10ba6a57-670f-40db-9a4e-4b054577a7fd/transactions/active 200
[17:39:57] [HTTP] - GET /api/devices 200
[17:39:57] [HTTP] - GET /api/ocpp/10ba6a57-670f-40db-9a4e-4b054577a7fd/transactions 200
[17:39:59] [HTTP] - GET /api/ocpp/38a7a838-bbc8-49b9-a16f-715e1f07324b/transactions/active 200
[17:40:00] [HTTP] - GET /api/ocpp/38a7a838-bbc8-49b9-a16f-715e1f07324b/transactions 200
[17:40:02] [HTTP] - GET /api/devices 200
[17:40:02] [HTTP] - GET /api/certificates 200
[17:40:07] [HTTP] - POST /api/ocpp/38a7a838-bbc8-49b9-a16f-715e1f07324b/sign-certificate 200
[17:42:47] [HTTP] - GET /api/users/cpops 200
[17:42:50] [HTTP] - GET /api/certificates 200
[17:43:04] [HTTP] - GET /api/devices 200
[17:43:04] [HTTP] - GET /api/certificates 200
[17:54:18] [HTTP] - GET /images/js/eas/eas.js 404
[18:02:11] [HTTP] - GET /api/auth/me 200
[18:02:12] [HTTP] - GET /api/certificates 200
[18:02:12] [HTTP] - GET /api/devices 200
[18:02:12] [HTTP] - GET /api/devices 200
[18:02:19] [HTTP] - GET /api/devices 200
[18:02:20] [HTTP] - GET /api/devices 200
[18:02:45] [HTTP] - GET /api/auth/me 200
[18:02:45] [HTTP] - GET /api/devices 200
[18:02:45] [HTTP] - GET /api/devices 200
[18:02:49] [HTTP] - GET /api/devices 200
[18:03:08] [HTTP] - GET /api/auth/me 200
[18:03:08] [HTTP] - GET /api/devices 200
[18:03:09] [HTTP] - GET /api/devices 200
[18:03:14] [HTTP] - GET /api/devices 200
[18:03:14] [HTTP] - GET /api/certificates 200
[18:03:22] [HTTP] - GET /api/ocpp/10ba6a57-670f-40db-9a4e-4b054577a7fd/configuration 504
[18:07:38] [HTTP] - HEAD / 404
[18:07:43] [HTTP] - GET / 404
[18:07:43] [HTTP] - GET /favicon.ico 404
[18:07:48] [HTTP] - GET /favicon.ico 404
[18:07:49] [HTTP] - GET /ads.txt 404
[18:07:49] [HTTP] - GET /app-ads.txt 404
[18:07:51] [HTTP] - GET /sellers.json 404
[18:16:28] [HTTP] - GET / 404
[18:53:59] [HTTP] - GET /.env 404
[18:57:11] [HTTP] - GET /api/auth/me 401
[19:03:28] [HTTP] - GET / 404
[19:03:28] [HTTP] - GET / 404
[19:03:28] [HTTP] - GET / 404
[20:23:49] [HTTP] - GET /hudson 404
[20:32:05] [HTTP] - GET /hudson 404
[20:33:23] [HTTP] - GET /SDK/webLanguage 404
[20:33:51] [HTTP] - GET /actuator/health 404
[22:26:34] [HTTP] - GET /wp-json/gravitysmtp/v1/tests/mock-data 404
[23:55:18] [HTTP] - CONNECT  404
