[16:45:47] [HTTP] - GET /api/auth/me 401
[16:45:53] [HTTP] - POST /api/auth/login 200
[16:45:53] [HTTP] - GET /api/users/cpops 200
[16:45:53] [HTTP] - GET /api/devices 200
[16:45:53] [HTTP] - GET /api/devices 200
[16:45:59] [HTTP] - GET /api/devices 200
[16:46:03] [HTTP] - POST /api/auth/logout 200
[16:46:09] [HTTP] - POST /api/auth/login 200
[16:46:09] [HTTP] - GET /api/devices 200
[16:46:10] [HTTP] - GET /api/devices 200
[16:46:12] [HTTP] - GET /api/users 200
[16:46:14] [HTTP] - GET /api/devices 200
[16:46:14] [HTTP] - GET /api/users/cpops 200
[16:46:15] [HTTP] - GET /api/users/cpops 200
[16:46:19] [HTTP] - GET /api/idtags 200
[16:46:19] [HTTP] - GET /api/users/cpops 200
[16:46:20] [HTTP] - GET /api/users/cpops 200
[16:46:20] [HTTP] - GET /api/profiles 200
[16:46:24] [HTTP] - GET /api/users/cpops 200
[16:47:16] [HTTP] - GET /api/auth/me 200
[16:47:17] [HTTP] - GET /api/devices 200
[16:47:17] [HTTP] - GET /api/devices 200
[16:47:51] [HTTP] - GET /api/events/logs 200
[16:47:52] [HTTP] - GET /api/events/logs 200
[16:51:15] [HTTP] - GET /api/auth/me 200
[16:51:15] [HTTP] - GET /api/devices 200
[16:51:26] [HTTP] - GET /api/events/logs 200
[19:00:19] [HTTP] - GET / 404
[19:40:55] [HTTP] - GET / 404
