[19:06:33] [HTTP] - POST /api/auth/login 200
[19:06:33] [HTTP] - GET /api/users/cpops 200
[19:06:33] [HTTP] - GET /api/devices 200
[19:06:33] [HTTP] - GET /api/devices 200
[19:06:36] [HTTP] - GET /api/users/cpops 200
[19:07:16] [HTTP] - GET /api/vdv/profiles 200
[19:07:18] [HTTP] - GET /api/vdv/carinfos 200
[19:07:23] [HTTP] - GET /api/users/cpops 200
[19:07:39] [HTTP] - GET /api/events/logs 200
[19:07:49] [HTTP] - GET /api/devices 200
[19:07:49] [HTTP] - GET /api/users/cpops 200
[19:07:49] [HTTP] - GET /api/users/cpops 200
[19:07:50] [HTTP] - GET /api/users 200
[19:08:03] [HTTP] - POST /api/users 201
[19:08:03] [HTTP] - GET /api/users 200
[19:08:04] [HTTP] - GET /api/users/cpops 200
[19:08:05] [HTTP] - GET /api/devices 200
[19:08:05] [HTTP] - GET /api/users/cpops 200
[19:08:19] [HTTP] - POST /api/devices 201
[19:08:19] [HTTP] - GET /api/devices 200
[19:08:23] [HTTP] - GET /api/users/cpops 200
[19:08:43] [HTTP] - GET /api/events/logs 200
[19:09:07] [HTTP] - GET /api/certificates 200
[19:09:07] [HTTP] - GET /api/users/cpops 200
[19:09:07] [HTTP] - GET /api/devices 200
[19:09:15] [HTTP] - GET /api/users/cpops 200
[19:09:15] [HTTP] - GET /api/users/cpops 200
[19:09:17] [HTTP] - GET /api/certificates 200
[19:09:21] [HTTP] - GET /api/certificates 200
[19:09:55] [HTTP] - GET /api/idtags 200
[19:09:55] [HTTP] - GET /api/users/cpops 200
[19:09:56] [HTTP] - GET /api/users/cpops 200
[19:09:56] [HTTP] - GET /api/profiles 200
[19:09:56] [HTTP] - GET /api/users/cpops 200
[19:09:57] [HTTP] - GET /api/users/cpops 200
[19:09:58] [HTTP] - GET /api/users 200
[19:10:01] [HTTP] - GET /api/profiles 200
[19:10:01] [HTTP] - GET /api/users/cpops 200
[19:10:01] [HTTP] - GET /api/users/cpops 200
[19:10:08] [HTTP] - GET /api/profiles 200
[19:10:12] [HTTP] - GET /api/devices 200
[19:10:12] [HTTP] - GET /api/users/cpops 200
[19:10:16] [HTTP] - GET /api/devices 200
[19:10:16] [HTTP] - GET /api/users/cpops 200
[19:10:17] [HTTP] - GET /api/users/cpops 200
[19:10:19] [HTTP] - GET /api/vdv/profiles 200
[19:10:20] [HTTP] - GET /api/vdv/profiles 200
[19:10:22] [HTTP] - GET /api/vdv/carinfos 200
[19:10:24] [HTTP] - GET /api/users/cpops 200
[19:10:43] [HTTP] - GET /api/events/logs 200
[19:10:44] [HTTP] - GET /api/events/logs 200
[19:10:46] [HTTP] - GET /api/events/logs 200
[19:10:49] [HTTP] - GET /api/events/logs 200
[19:11:36] [HTTP] - GET /api/users/cpops 200
[19:11:37] [HTTP] - GET /api/devices 200
[19:11:37] [HTTP] - GET /api/certificates 200
[19:11:42] [HTTP] - GET /api/devices 200
[19:11:42] [HTTP] - GET /api/users/cpops 200
[19:11:44] [HTTP] - GET /api/users/cpops 200
[19:11:44] [HTTP] - GET /api/certificates 200
[19:11:44] [HTTP] - GET /api/devices 200
[19:11:46] [HTTP] - GET /api/devices 200
[19:11:46] [HTTP] - GET /api/users/cpops 200
[19:11:46] [HTTP] - GET /api/users/cpops 200
[19:11:46] [HTTP] - GET /api/users/cpops 200
[19:11:47] [HTTP] - GET /api/users/cpops 200
[19:11:47] [HTTP] - GET / 404
[19:11:47] [HTTP] - GET /api/users/cpops 200
[19:11:47] [HTTP] - GET /api/devices 200
[19:11:47] [HTTP] - GET /api/users/cpops 200
[19:11:51] [HTTP] - CONNECT  404
[19:11:51] [HTTP] - GET /api/devices 200
[19:11:53] [HTTP] - GET /api/users/cpops 200
[19:11:53] [HTTP] - GET /api/users/cpops 200
[19:11:56] [HTTP] - GET /api/users 200
[19:12:09] [HTTP] - GET /api/users/cpops 200
[19:12:11] [HTTP] - GET /api/vdv/profiles 200
[19:12:47] [HTTP] - POST /api/vdv/profiles 201
[19:12:47] [HTTP] - GET /api/vdv/profiles 200
[19:12:54] [HTTP] - GET / 404
[19:13:08] [HTTP] - POST /api/vdv/carinfos 201
[19:13:09] [HTTP] - GET /api/vdv/carinfos 200
[19:13:21] [HTTP] - POST /api/auth/logout 200
[19:13:25] [HTTP] - POST /api/auth/login 200
[19:13:25] [HTTP] - GET /api/devices 200
[19:13:25] [HTTP] - GET /api/devices 200
[19:13:27] [HTTP] - POST /api/auth/logout 200
[19:13:32] [HTTP] - POST /api/auth/login 200
[19:13:32] [HTTP] - GET /api/users/cpops 200
[19:13:32] [HTTP] - GET /api/devices 200
[19:13:33] [HTTP] - GET /api/devices 200
[19:13:33] [HTTP] - GET /api/users 200
[19:13:41] [HTTP] - PUT /api/users/2d520504-c0d8-47b9-b2f0-63ffe9bc15b5/permissions 200
[19:13:41] [HTTP] - GET /api/users 200
[19:13:43] [HTTP] - POST /api/auth/logout 200
[19:13:48] [HTTP] - POST /api/auth/login 200
[19:13:48] [HTTP] - GET /api/users/cpops 200
[19:13:49] [HTTP] - GET /api/devices 200
[19:13:49] [HTTP] - GET /api/devices 200
[19:13:50] [HTTP] - GET /api/users/cpops 200
[19:13:57] [HTTP] - POST /api/auth/logout 200
[19:14:00] [HTTP] - POST /api/auth/login 200
[19:14:01] [HTTP] - GET /api/devices 200
[19:14:01] [HTTP] - GET /api/devices 200
[19:14:03] [HTTP] - GET /api/users 200
[19:14:15] [HTTP] - GET /api/vdv/profiles 200
[19:14:24] [HTTP] - GET /api/vdv/carinfos 200
[19:20:48] [HTTP] - GET /api/users 200
[19:20:55] [HTTP] - GET /api/vdv/profiles 200
[19:20:57] [HTTP] - POST /api/auth/logout 200
[19:21:08] [HTTP] - POST /api/auth/login 200
[19:21:09] [HTTP] - GET /api/devices 200
[19:21:09] [HTTP] - GET /api/users/cpops 200
[19:21:09] [HTTP] - GET /api/devices 200
[19:21:12] [HTTP] - GET /api/users/cpops 200
[19:21:16] [HTTP] - GET /api/vdv/profiles 200
[19:21:18] [HTTP] - GET /api/vdv/profiles 200
[19:21:20] [HTTP] - GET /api/vdv/profiles 200
[19:21:28] [HTTP] - DELETE /api/vdv/profiles/4e378065-181d-4e7f-aecc-7811c6d8aebd 204
[19:21:29] [HTTP] - GET /api/vdv/profiles 200
[19:21:31] [HTTP] - GET /api/vdv/carinfos 500
[19:21:34] [HTTP] - GET /api/vdv/carinfos 500
[19:22:25] [HTTP] - GET /api/vdv/carinfos 200
[19:22:37] [HTTP] - POST /api/vdv/profiles 201
[19:22:38] [HTTP] - GET /api/vdv/profiles 200
[19:22:41] [HTTP] - GET /api/vdv/carinfos 200
[19:22:48] [HTTP] - POST /api/vdv/carinfos 201
[19:22:48] [HTTP] - GET /api/vdv/carinfos 200
[19:23:02] [HTTP] - POST /api/auth/logout 200
[19:23:09] [HTTP] - POST /api/auth/login 200
[19:23:09] [HTTP] - GET /api/devices 200
[19:23:09] [HTTP] - GET /api/users/cpops 200
[19:23:10] [HTTP] - GET /api/devices 200
[19:23:11] [HTTP] - POST /api/auth/logout 200
[19:23:16] [HTTP] - POST /api/auth/login 200
[19:23:16] [HTTP] - GET /api/devices 200
[19:23:17] [HTTP] - GET /api/devices 200
[19:23:18] [HTTP] - GET /api/users 200
[19:23:24] [HTTP] - GET /api/vdv/profiles 200
[19:23:27] [HTTP] - GET /api/vdv/carinfos 200
[19:24:16] [HTTP] - POST /api/auth/logout 200
[19:24:22] [HTTP] - POST /api/auth/login 200
[19:24:23] [HTTP] - GET /api/devices 200
[19:24:23] [HTTP] - GET /api/users/cpops 200
[19:24:23] [HTTP] - GET /api/devices 200
[19:24:24] [HTTP] - GET /api/users/cpops 200
[19:24:27] [HTTP] - GET /api/vdv/profiles 200
[19:24:30] [HTTP] - DELETE /api/vdv/profiles/690d0e4a-1dc7-410e-882a-97453dddea3c 204
[19:24:31] [HTTP] - GET /api/vdv/profiles 200
[19:24:34] [HTTP] - GET /api/vdv/carinfos 500
[19:24:50] [HTTP] - POST /api/vdv/profiles 201
[19:24:50] [HTTP] - GET /api/vdv/profiles 200
[19:25:26] [HTTP] - POST /api/vdv/carinfos 201
[19:25:26] [HTTP] - GET /api/vdv/carinfos 500
[19:25:56] [HTTP] - POST /api/vdv/carinfos 201
[19:25:56] [HTTP] - GET /api/vdv/carinfos 500
[19:26:29] [HTTP] - GET /api/vdv/profiles 200
[19:30:29] [HTTP] - POST /api/auth/logout 200
[19:30:36] [HTTP] - POST /api/auth/login 200
[19:30:37] [HTTP] - GET /api/users/cpops 200
[19:30:37] [HTTP] - GET /api/devices 200
[19:30:37] [HTTP] - GET /api/devices 200
[19:30:38] [HTTP] - GET /api/users/cpops 200
[19:30:40] [HTTP] - GET /api/vdv/profiles 200
[19:30:43] [HTTP] - DELETE /api/vdv/profiles/859906d0-19e2-42fd-b4de-df6243ae76eb 204
[19:30:44] [HTTP] - GET /api/vdv/profiles 200
[19:30:48] [HTTP] - GET /api/vdv/carinfos 500
[19:31:48] [HTTP] - POST /api/vdv/profiles 400
[19:34:31] [HTTP] - POST /api/auth/logout 200
[19:34:37] [HTTP] - POST /api/auth/login 200
[19:34:37] [HTTP] - GET /api/users/cpops 200
[19:34:37] [HTTP] - GET /api/devices 200
[19:34:38] [HTTP] - GET /api/devices 200
[19:34:39] [HTTP] - GET /api/users/cpops 200
[19:34:41] [HTTP] - GET /api/vdv/profiles 200
[19:34:50] [HTTP] - POST /api/vdv/profiles 400
[19:35:02] [HTTP] - GET /api/vdv/profiles 200
[19:35:03] [HTTP] - GET /api/vdv/profiles 200
[19:35:20] [HTTP] - POST /api/vdv/profiles 400
[19:35:49] [HTTP] - GET /api/auth/me 401
[19:35:53] [HTTP] - POST /api/auth/login 200
[19:35:53] [HTTP] - GET /api/devices 200
[19:35:53] [HTTP] - GET /api/users/cpops 200
[19:35:53] [HTTP] - GET /api/devices 200
[19:35:56] [HTTP] - GET /api/users/cpops 200
[19:35:58] [HTTP] - GET /api/vdv/profiles 200
[19:36:13] [HTTP] - POST /api/vdv/profiles 201
[19:36:13] [HTTP] - GET /api/vdv/profiles 200
[19:37:33] [HTTP] - GET /api/vdv/carinfos 200
[19:37:40] [HTTP] - POST /api/vdv/carinfos 201
[19:37:41] [HTTP] - GET /api/vdv/carinfos 200
[19:37:43] [HTTP] - GET /api/vdv/carinfos 200
[19:37:45] [HTTP] - GET /api/vdv/profiles 200
[19:37:47] [HTTP] - POST /api/auth/logout 200
[19:37:52] [HTTP] - POST /api/auth/login 200
[19:37:53] [HTTP] - GET /api/devices 200
[19:37:53] [HTTP] - GET /api/devices 200
[19:37:54] [HTTP] - GET /api/users/cpops 200
[19:37:55] [HTTP] - GET /api/vdv/profiles 200
[19:37:56] [HTTP] - GET /api/vdv/carinfos 200
[19:42:40] [HTTP] - GET /api/auth/me 200
[19:42:41] [HTTP] - GET /api/devices 200
[19:42:41] [HTTP] - GET /api/users/cpops 200
[19:42:43] [HTTP] - POST /api/auth/logout 200
[19:42:48] [HTTP] - POST /api/auth/login 200
[19:42:48] [HTTP] - GET /api/users/cpops 200
[19:42:48] [HTTP] - GET /api/devices 200
[19:42:49] [HTTP] - GET /api/devices 200
[19:42:50] [HTTP] - GET /api/users/cpops 200
[19:42:54] [HTTP] - GET /api/vdv/profiles 200
[19:42:57] [HTTP] - GET /api/vdv/carinfos 200
[19:47:34] [HTTP] - POST /api/auth/logout 200
[19:47:37] [HTTP] - POST /api/auth/login 200
[19:47:38] [HTTP] - GET /api/devices 200
[19:47:38] [HTTP] - GET /api/devices 200
[19:47:39] [HTTP] - GET /api/users/cpops 200
[19:47:41] [HTTP] - GET /api/vdv/profiles 200
[19:47:42] [HTTP] - GET /api/vdv/carinfos 200
[19:48:13] [HTTP] - POST /api/vdv/profiles 201
[19:48:13] [HTTP] - GET /api/vdv/profiles 200
[19:48:16] [HTTP] - GET /api/vdv/carinfos 200
[19:48:18] [HTTP] - GET /api/vdv/carinfos 200
[19:48:24] [HTTP] - POST /api/auth/logout 200
[19:48:29] [HTTP] - POST /api/auth/login 200
[19:48:29] [HTTP] - GET /api/users/cpops 200
[19:48:29] [HTTP] - GET /api/devices 200
[19:48:29] [HTTP] - GET /api/devices 200
[19:48:31] [HTTP] - GET /api/users/cpops 200
[19:50:01] [HTTP] - GET /api/auth/me 200
[19:50:01] [HTTP] - GET /api/devices 200
[19:50:01] [HTTP] - GET /api/users/cpops 200
[19:50:39] [HTTP] - GET /api/users/cpops 401
[19:50:50] [HTTP] - GET /api/users/cpops 401
[19:52:21] [HTTP] - GET /api/vdv/settings 401
[19:52:53] [HTTP] - GET /api/auth/me 200
[19:52:53] [HTTP] - GET /api/devices 200
[19:52:53] [HTTP] - GET /api/users/cpops 200
[19:52:53] [HTTP] - GET /api/devices 200
[19:52:55] [HTTP] - GET /api/users/cpops 200
[19:52:55] [HTTP] - GET /api/vdv/settings 200
[19:53:00] [HTTP] - POST /api/auth/logout 200
[19:53:06] [HTTP] - POST /api/auth/login 200
[19:53:06] [HTTP] - GET /api/users/cpops 200
[19:53:06] [HTTP] - GET /api/devices 200
[19:53:06] [HTTP] - GET /api/devices 200
[19:53:07] [HTTP] - GET /api/users/cpops 200
[19:53:09] [HTTP] - GET /api/vdv/settings 200
[19:53:12] [HTTP] - GET /api/vdv/profiles 200
[19:53:13] [HTTP] - GET /api/vdv/carinfos 200
[19:53:19] [HTTP] - GET /api/vdv/settings 200
[19:53:51] [HTTP] - GET /api/auth/me 200
[19:53:51] [HTTP] - GET /api/devices 200
[19:53:51] [HTTP] - GET /api/users/cpops 200
[19:53:53] [HTTP] - GET /api/vdv/settings 200
[19:54:00] [HTTP] - POST /api/auth/logout 200
[19:54:05] [HTTP] - POST /api/auth/login 200
[19:54:06] [HTTP] - GET /api/devices 200
[19:54:06] [HTTP] - GET /api/users/cpops 200
[19:54:06] [HTTP] - GET /api/devices 200
[19:54:07] [HTTP] - GET /api/users/cpops 200
[19:54:08] [HTTP] - GET /api/vdv/settings 200
[19:54:11] [HTTP] - POST /api/vdv/settings 200
[19:54:29] [HTTP] - POST /api/vdv/settings 200
[19:55:04] [HTTP] - POST /api/vdv/settings/restart 200
[19:55:12] [HTTP] - GET /api/auth/me 200
[19:55:13] [HTTP] - GET /api/devices 200
[19:55:13] [HTTP] - GET /api/users/cpops 200
[19:55:14] [HTTP] - GET /api/vdv/settings 200
[19:58:03] [HTTP] - GET /api/users/cpops 401
[19:58:15] [HTTP] - GET /api/users/cpops 401
[19:58:25] [HTTP] - GET /api/auth/me 200
[19:58:25] [HTTP] - GET /api/devices 200
[19:58:25] [HTTP] - GET /api/users/cpops 200
[19:58:25] [HTTP] - GET /api/devices 200
[20:01:11] [HTTP] - GET /api/users/cpops 200
[20:01:13] [HTTP] - GET /api/vdv/settings 200
[20:04:08] [HTTP] - GET /api/users/cpops 401
[20:04:17] [HTTP] - GET /api/users/cpops 401
[20:05:55] [HTTP] - GET /api/auth/me 200
[20:05:55] [HTTP] - GET /api/devices 200
[20:05:55] [HTTP] - GET /api/users/cpops 200
[20:05:55] [HTTP] - GET /api/devices 200
[20:05:57] [HTTP] - GET /api/devices 200
[20:05:57] [HTTP] - GET /api/users/cpops 200
[20:05:59] [HTTP] - GET /api/users/cpops 200
[20:05:59] [HTTP] - GET /api/vdv/settings 200
[20:06:11] [HTTP] - POST /api/vdv/settings 200
[20:06:22] [HTTP] - POST /api/vdv/settings 200
[20:06:27] [HTTP] - POST /api/vdv/settings 200
[20:08:35] [HTTP] - GET / 404
[20:10:01] [HTTP] - GET /api/users/cpops 401
[20:11:28] [HTTP] - GET /api/auth/me 200
[20:11:28] [HTTP] - GET /api/devices 200
[20:11:28] [HTTP] - GET /api/users/cpops 200
[20:11:28] [HTTP] - GET /api/devices 200
[20:11:30] [HTTP] - GET /api/users/cpops 200
[20:11:31] [HTTP] - GET /api/vdv/settings 200
[20:11:53] [HTTP] - POST /api/vdv/settings/upload-cert 404
[20:13:17] [HTTP] - GET /api/auth/me 200
[20:13:17] [HTTP] - GET /api/devices 200
[20:13:17] [HTTP] - GET /api/users/cpops 200
[20:13:37] [HTTP] - GET /api/auth/me 200
[20:13:38] [HTTP] - GET /api/devices 200
[20:13:38] [HTTP] - GET /api/users/cpops 200
[20:13:39] [HTTP] - GET /api/vdv/settings 200
[20:14:04] [HTTP] - POST /api/vdv/settings/upload-cert 200
[20:14:06] [HTTP] - POST /api/vdv/settings/upload-cert 200
[20:14:08] [HTTP] - POST /api/vdv/settings/upload-cert 200
[20:14:14] [HTTP] - POST /api/vdv/settings 200
[20:14:34] [HTTP] - POST /api/vdv/settings/restart 200
[20:19:20] [HTTP] - GET /api/vdv/carinfos 200
[20:19:25] [HTTP] - GET /api/vdv/carinfos 200
[20:19:27] [HTTP] - GET /api/vdv/profiles 200
[20:19:35] [HTTP] - GET /api/vdv/settings 200
[20:19:42] [HTTP] - PUT /api/vdv/carinfos/e5682edd-bea3-4d50-bb3e-530cbe51008e 500
[20:19:57] [HTTP] - PUT /api/vdv/carinfos/e5682edd-bea3-4d50-bb3e-530cbe51008e 500
[20:20:11] [HTTP] - POST /api/auth/logout 200
[20:20:16] [HTTP] - POST /api/auth/login 200
[20:20:16] [HTTP] - GET /api/devices 200
[20:20:16] [HTTP] - GET /api/devices 200
[20:20:18] [HTTP] - GET /api/users/cpops 200
[20:20:20] [HTTP] - GET /api/vdv/carinfos 200
[20:20:25] [HTTP] - GET /api/vdv/profiles 200
[20:22:32] [HTTP] - GET / 404
[21:05:37] [HTTP] - GET / 404
[21:05:38] [HTTP] - PRI * 404
[21:06:12] [HTTP] - GET /.well-known/security.txt 404
[21:34:57] [HTTP] - GET / 404
[23:52:10] [HTTP] - GET / 404
[23:52:16] [HTTP] - CONNECT  404
