[13:50:12] [DEVICE] << [2,"3697c6e9-d1c8-4521-b604-0c8bf3a31b14","BootNotification",{"chargePointVendor":"NA","chargePointModel":"NA","firmwareVersion":"vOB020T22T--01.00.007--","chargePointSerialNumber":"CED888888888","iccid":"NA","imsi":"NA"}]
[13:50:12] [DEVICE] >> [3,"3697c6e9-d1c8-4521-b604-0c8bf3a31b14",{"currentTime":"2026-07-01T05:50:12Z","interval":60,"status":"Accepted"}]
[13:50:13] [DEVICE] << [2,"b6b1b2f9-3978-4da2-8a98-4e5cd9c4e584","StatusNotification",{"connectorId":1, "errorCode":"NoError", "status":"Available","info":"","timestamp":"2026-07-01T05:50:12.109Z","vendorId":"NA","vendorErrorCode":""}]
[13:50:13] [DEVICE] >> [3,"b6b1b2f9-3978-4da2-8a98-4e5cd9c4e584",{}]
[13:50:13] [DEVICE] << [2,"5812d543-3709-4aee-ae61-86f9db9fb597","StatusNotification",{"connectorId":0, "errorCode":"NoError", "status":"Available","info":"","timestamp":"2026-07-01T05:50:12.311Z","vendorId":"NA","vendorErrorCode":""}]
[13:50:13] [DEVICE] >> [3,"5812d543-3709-4aee-ae61-86f9db9fb597",{}]
[13:50:47] [DEVICE] << [2,"883408a5-ec6e-4324-b35e-2d151df1cd03","Heartbeat",{}]
[13:50:47] [DEVICE] >> [3,"883408a5-ec6e-4324-b35e-2d151df1cd03",{"currentTime":"2026-07-01T05:50:47Z"}]
[13:51:47] [DEVICE] << [2,"964b6333-4302-439c-b8bb-50041d0b4b9c","Heartbeat",{}]
[13:51:47] [DEVICE] >> [3,"964b6333-4302-439c-b8bb-50041d0b4b9c",{"currentTime":"2026-07-01T05:51:47Z"}]
[13:52:47] [DEVICE] << [2,"3eebe143-1476-4d3a-9198-9e2ab6ba4e85","Heartbeat",{}]
[13:52:47] [DEVICE] >> [3,"3eebe143-1476-4d3a-9198-9e2ab6ba4e85",{"currentTime":"2026-07-01T05:52:47Z"}]
[13:53:47] [DEVICE] << [2,"e8d1b3e0-9d5a-4021-a794-f4fcc8b779ae","Heartbeat",{}]
[13:53:47] [DEVICE] >> [3,"e8d1b3e0-9d5a-4021-a794-f4fcc8b779ae",{"currentTime":"2026-07-01T05:53:47Z"}]
[13:53:58] [DEVICE] >> [2,"c753f5c2-559d-4d18-8dff-220559cd7410","DataTransfer",{"data":"{\"requestedMessage\":\"SignCertificate\"}","messageId":"TriggerMessage","vendorId":"org.openchargealliance.iso15118pnc"}]
[13:53:58] [DEVICE] << [3,"c753f5c2-559d-4d18-8dff-220559cd7410",{"status":"Accepted"}]
[13:53:58] [DEVICE] << [2,"fa0057ce-50fa-4708-bf61-db7612819f10","DataTransfer",{"vendorId":"org.openchargealliance.iso15118pnc","messageId":"SignCertificate","data":"{\"csr\":\"-----BEGIN CERTIFICATE REQUEST-----\\nMIHsMIGTAgEAMDExCzAJBgNVBAoMAk5BMRUwEwYDVQQDDAxDRUQ4ODg4ODg4ODgx\\nCzAJBgNVBAYTAkNOMFkwEwYHKoZIzj0CAQYIKoZIzj0DAQcDQgAEZdmY24KI9hpD\\naeKo9Cbfq1/W7N2AYtoZyS/W2e0DD+t+qLu4uqR0V5SKNdRnqRA6QAWCTGr6QUm2\\nhrobtj6Fa6AAMAoGCCqGSM49BAMCA0gAMEUCICiFphCqlYR/4JG5XPLoZ9r5w/Wv\\nJXSlPldtBtLF5rX8AiEAmtcgCsbWd4TStbJZ9+l...
[13:53:59] [DEVICE] >> [3,"fa0057ce-50fa-4708-bf61-db7612819f10",{"status":"Accepted"}]
[13:53:59] [DEVICE] >> [2,"aa28d075-48db-4f46-b3de-3e76ed206fd7","DataTransfer",{"data":"{\"certificateChain\":\"-----BEGIN CERTIFICATE-----\\nMIIB2zCCAYGgAwIBAgIEATFdwDAKBggqhkjOPQQDAjBYMRMwEQYKCZImiZPyLGQB\\nGRYDVjJHMQswCQYDVQQGEwJDTjEMMAoGA1UECgwDR1dUMSYwJAYDVQQDDB1HV1Rf\\nUEtJLTFfQ1JUX1BST1ZfU1VCMl9WQUxJRDAeFw0yNTA3MTUxNDA5MzBaFw0zNDA3\\nMDUxNDA5MzBaMDExCzAJBgNVBAYTAkNOMQswCQYDVQQKEwJOQTEVMBMGA1UEAxMM\\nQ0VEODg4ODg4ODg4MFkwEwYHKoZIzj0CAQYIKoZIzj0DAQcDQgAEZdmY24KI9hpD\\naeKo9Cbfq1/W7N2AYtoZyS/W2e0DD+t+qLu4uqR0V5SKN...
[13:53:59] [DEVICE] << [3,"aa28d075-48db-4f46-b3de-3e76ed206fd7",{"status":"Accepted"}]
[13:54:47] [DEVICE] << [2,"7378aa1f-d22c-4008-8998-f666aa952906","Heartbeat",{}]
[13:54:47] [DEVICE] >> [3,"7378aa1f-d22c-4008-8998-f666aa952906",{"currentTime":"2026-07-01T05:54:47Z"}]
[13:55:47] [DEVICE] << [2,"76610452-774a-4c6e-ba91-9c79ac4db533","Heartbeat",{}]
[13:55:47] [DEVICE] >> [3,"76610452-774a-4c6e-ba91-9c79ac4db533",{"currentTime":"2026-07-01T05:55:47Z"}]
[13:56:47] [DEVICE] << [2,"f2f57914-378d-451c-b9cc-5c3db4195863","Heartbeat",{}]
[13:56:47] [DEVICE] >> [3,"f2f57914-378d-451c-b9cc-5c3db4195863",{"currentTime":"2026-07-01T05:56:47Z"}]
[13:57:47] [DEVICE] << [2,"1ff4a0c2-7c7e-4b74-9dbf-70ba1485c425","Heartbeat",{}]
[13:57:47] [DEVICE] >> [3,"1ff4a0c2-7c7e-4b74-9dbf-70ba1485c425",{"currentTime":"2026-07-01T05:57:47Z"}]
[13:58:47] [DEVICE] << [2,"b730bbd3-9e6d-42f1-8987-e9657d946c97","Heartbeat",{}]
[13:58:47] [DEVICE] >> [3,"b730bbd3-9e6d-42f1-8987-e9657d946c97",{"currentTime":"2026-07-01T05:58:47Z"}]
[13:59:47] [DEVICE] << [2,"fff3ad41-4285-4c02-8806-b8280516b156","Heartbeat",{}]
[13:59:47] [DEVICE] >> [3,"fff3ad41-4285-4c02-8806-b8280516b156",{"currentTime":"2026-07-01T05:59:47Z"}]
[14:00:47] [DEVICE] << [2,"b8316b58-2866-494b-b5f0-f5ce4dfccc18","Heartbeat",{}]
[14:00:47] [DEVICE] >> [3,"b8316b58-2866-494b-b5f0-f5ce4dfccc18",{"currentTime":"2026-07-01T06:00:47Z"}]
[14:01:47] [DEVICE] << [2,"bc20c07a-5c8c-4ee8-b3f1-5f2428bf7625","Heartbeat",{}]
[14:01:47] [DEVICE] >> [3,"bc20c07a-5c8c-4ee8-b3f1-5f2428bf7625",{"currentTime":"2026-07-01T06:01:47Z"}]
[14:02:47] [DEVICE] << [2,"cc84f0c9-8ba3-443f-9adc-acd8348270a7","Heartbeat",{}]
[14:02:47] [DEVICE] >> [3,"cc84f0c9-8ba3-443f-9adc-acd8348270a7",{"currentTime":"2026-07-01T06:02:47Z"}]
[14:03:47] [DEVICE] << [2,"029bc33f-ed29-483a-bacf-6c727a9a3ba7","Heartbeat",{}]
[14:03:47] [DEVICE] >> [3,"029bc33f-ed29-483a-bacf-6c727a9a3ba7",{"currentTime":"2026-07-01T06:03:47Z"}]
[14:04:47] [DEVICE] << [2,"10827545-7d5a-4de4-8192-2c2541bd6ac0","Heartbeat",{}]
[14:04:47] [DEVICE] >> [3,"10827545-7d5a-4de4-8192-2c2541bd6ac0",{"currentTime":"2026-07-01T06:04:47Z"}]
[14:05:47] [DEVICE] << [2,"a84c674e-e5ee-4bc4-8999-2cecaa4626d1","Heartbeat",{}]
[14:05:47] [DEVICE] >> [3,"a84c674e-e5ee-4bc4-8999-2cecaa4626d1",{"currentTime":"2026-07-01T06:05:47Z"}]
[14:06:47] [DEVICE] << [2,"bc3aa454-4e3c-418e-a576-a2a23d929ae7","Heartbeat",{}]
[14:06:47] [DEVICE] >> [3,"bc3aa454-4e3c-418e-a576-a2a23d929ae7",{"currentTime":"2026-07-01T06:06:47Z"}]
[14:07:47] [DEVICE] << [2,"f2296ef4-3b5a-4e48-bd9e-05e43ec97c4a","Heartbeat",{}]
[14:07:47] [DEVICE] >> [3,"f2296ef4-3b5a-4e48-bd9e-05e43ec97c4a",{"currentTime":"2026-07-01T06:07:47Z"}]
[14:08:47] [DEVICE] << [2,"8b5a47b3-e4b4-411b-946b-c1384290524b","Heartbeat",{}]
[14:08:47] [DEVICE] >> [3,"8b5a47b3-e4b4-411b-946b-c1384290524b",{"currentTime":"2026-07-01T06:08:47Z"}]
[14:09:47] [DEVICE] << [2,"7d7510ed-9eda-4a42-abde-bfa0d78ca9e7","Heartbeat",{}]
[14:09:47] [DEVICE] >> [3,"7d7510ed-9eda-4a42-abde-bfa0d78ca9e7",{"currentTime":"2026-07-01T06:09:47Z"}]
[14:10:47] [DEVICE] << [2,"33c1bf8b-9c0c-4c90-a896-d067e28e6a48","Heartbeat",{}]
[14:10:47] [DEVICE] >> [3,"33c1bf8b-9c0c-4c90-a896-d067e28e6a48",{"currentTime":"2026-07-01T06:10:47Z"}]
[14:11:47] [DEVICE] << [2,"f59f67d6-532c-484c-ac44-13b07f116303","Heartbeat",{}]
[14:11:47] [DEVICE] >> [3,"f59f67d6-532c-484c-ac44-13b07f116303",{"currentTime":"2026-07-01T06:11:47Z"}]
[14:12:47] [DEVICE] << [2,"da52a3a7-dbc4-4872-ac2d-27146f082cf8","Heartbeat",{}]
[14:12:48] [DEVICE] >> [3,"da52a3a7-dbc4-4872-ac2d-27146f082cf8",{"currentTime":"2026-07-01T06:12:48Z"}]
[14:13:47] [DEVICE] << [2,"47f74905-a183-4100-9091-a0c8032468ec","Heartbeat",{}]
[14:13:47] [DEVICE] >> [3,"47f74905-a183-4100-9091-a0c8032468ec",{"currentTime":"2026-07-01T06:13:47Z"}]
[14:14:47] [DEVICE] << [2,"2382d114-d0cd-4352-9733-ad067fc90926","Heartbeat",{}]
[14:14:48] [DEVICE] >> [3,"2382d114-d0cd-4352-9733-ad067fc90926",{"currentTime":"2026-07-01T06:14:48Z"}]
[14:15:47] [DEVICE] << [2,"13cabe37-2269-4421-a174-826f97a75524","Heartbeat",{}]
[14:15:48] [DEVICE] >> [3,"13cabe37-2269-4421-a174-826f97a75524",{"currentTime":"2026-07-01T06:15:48Z"}]
[14:16:47] [DEVICE] << [2,"dbc3e5c5-b307-4aaf-87b1-ff132e25d3bc","Heartbeat",{}]
[14:16:48] [DEVICE] >> [3,"dbc3e5c5-b307-4aaf-87b1-ff132e25d3bc",{"currentTime":"2026-07-01T06:16:48Z"}]
[14:17:47] [DEVICE] << [2,"d8678fde-1cee-48b0-bbcb-65a6b93e69d1","Heartbeat",{}]
[14:17:48] [DEVICE] >> [3,"d8678fde-1cee-48b0-bbcb-65a6b93e69d1",{"currentTime":"2026-07-01T06:17:48Z"}]
[14:17:55] [DEVICE] << [2,"e990cb86-9b9d-4f1a-8d8a-8ef092cb385d","StatusNotification",{"connectorId":1, "errorCode":"NoError", "status":"Faulted","info":"","timestamp":"2026-07-01T06:17:54.957Z","vendorId":"NA","vendorErrorCode":"333c"}]
[14:17:55] [DEVICE] >> [3,"e990cb86-9b9d-4f1a-8d8a-8ef092cb385d",{}]
[14:18:47] [DEVICE] << [2,"e88a7f48-21db-4844-8116-47dfe53b0022","Heartbeat",{}]
[14:18:48] [DEVICE] >> [3,"e88a7f48-21db-4844-8116-47dfe53b0022",{"currentTime":"2026-07-01T06:18:48Z"}]
[14:19:48] [DEVICE] << [2,"d4f9cb92-567c-4e14-ad12-02b598574783","Heartbeat",{}]
[14:19:48] [DEVICE] >> [3,"d4f9cb92-567c-4e14-ad12-02b598574783",{"currentTime":"2026-07-01T06:19:48Z"}]
[14:20:03] [DEVICE] << [2,"8fceab54-93a3-4b32-a0da-3036488f0c81","StatusNotification",{"connectorId":1, "errorCode":"NoError", "status":"Available","info":"","timestamp":"2026-07-01T06:20:03.045Z","vendorId":"NA","vendorErrorCode":""}]
[14:20:03] [DEVICE] >> [3,"8fceab54-93a3-4b32-a0da-3036488f0c81",{}]
[14:20:48] [DEVICE] << [2,"a446bfc4-e91b-44ef-92f5-33e0967e2fd8","Heartbeat",{}]
[14:20:48] [DEVICE] >> [3,"a446bfc4-e91b-44ef-92f5-33e0967e2fd8",{"currentTime":"2026-07-01T06:20:48Z"}]
[14:21:48] [DEVICE] << [2,"267d4a38-4f17-49a0-87ba-4ecd5dfab352","Heartbeat",{}]
[14:21:48] [DEVICE] >> [3,"267d4a38-4f17-49a0-87ba-4ecd5dfab352",{"currentTime":"2026-07-01T06:21:48Z"}]
[14:22:48] [DEVICE] << [2,"0d935618-af15-4a0c-bbe5-343b814c977b","Heartbeat",{}]
[14:22:48] [DEVICE] >> [3,"0d935618-af15-4a0c-bbe5-343b814c977b",{"currentTime":"2026-07-01T06:22:48Z"}]
[14:23:48] [DEVICE] << [2,"007fbabb-7d48-40bc-8900-c3b3768c58e5","Heartbeat",{}]
[14:23:48] [DEVICE] >> [3,"007fbabb-7d48-40bc-8900-c3b3768c58e5",{"currentTime":"2026-07-01T06:23:48Z"}]
[14:24:48] [DEVICE] << [2,"ec66e4dd-e3ab-484b-b9ce-9b9cecb33227","Heartbeat",{}]
[14:24:48] [DEVICE] >> [3,"ec66e4dd-e3ab-484b-b9ce-9b9cecb33227",{"currentTime":"2026-07-01T06:24:48Z"}]
[14:25:48] [DEVICE] << [2,"6d3542ca-facd-466c-94c1-bbedc9e413a8","Heartbeat",{}]
[14:25:48] [DEVICE] >> [3,"6d3542ca-facd-466c-94c1-bbedc9e413a8",{"currentTime":"2026-07-01T06:25:48Z"}]
[14:26:48] [DEVICE] << [2,"6de2d348-96f7-44f6-a74b-8a01a9575d9c","Heartbeat",{}]
[14:26:48] [DEVICE] >> [3,"6de2d348-96f7-44f6-a74b-8a01a9575d9c",{"currentTime":"2026-07-01T06:26:48Z"}]
[14:27:48] [DEVICE] << [2,"eacfa962-4b2e-4d4c-8f2f-1f699081a285","Heartbeat",{}]
[14:27:48] [DEVICE] >> [3,"eacfa962-4b2e-4d4c-8f2f-1f699081a285",{"currentTime":"2026-07-01T06:27:48Z"}]
[14:28:45] [DEVICE] << [2,"cd80c0be-f5a6-42a1-ad3c-e9c6f4842ea8","BootNotification",{"chargePointVendor":"NA","chargePointModel":"NA","firmwareVersion":"vOB020T22T--01.00.007--","chargePointSerialNumber":"CED888888888","iccid":"NA","imsi":"NA"}]
[14:28:45] [DEVICE] >> [3,"cd80c0be-f5a6-42a1-ad3c-e9c6f4842ea8",{"currentTime":"2026-07-01T06:28:45Z","interval":60,"status":"Accepted"}]
[14:28:45] [DEVICE] << [2,"1ccd63d5-2051-4468-8d27-3bbc5d9bcf3e","StatusNotification",{"connectorId":1, "errorCode":"NoError", "status":"Available","info":"","timestamp":"2026-07-01T06:28:45.105Z","vendorId":"NA","vendorErrorCode":""}]
[14:28:45] [DEVICE] >> [3,"1ccd63d5-2051-4468-8d27-3bbc5d9bcf3e",{}]
[14:28:45] [DEVICE] << [2,"05e02db8-44ac-4983-8aa4-26ce40e88c9d","StatusNotification",{"connectorId":0, "errorCode":"NoError", "status":"Available","info":"","timestamp":"2026-07-01T06:28:45.306Z","vendorId":"NA","vendorErrorCode":""}]
[14:28:45] [DEVICE] >> [3,"05e02db8-44ac-4983-8aa4-26ce40e88c9d",{}]
[14:28:48] [DEVICE] >> [2,"56dceffa-f1d6-4284-b5c7-df4a59915a40","DataTransfer",{"data":"{\"requestedMessage\":\"SignCertificate\"}","messageId":"TriggerMessage","vendorId":"org.openchargealliance.iso15118pnc"}]
[14:28:48] [DEVICE] << [3,"56dceffa-f1d6-4284-b5c7-df4a59915a40",{"status":"Accepted"}]
[14:28:48] [DEVICE] << [2,"05779ced-45f4-4376-ac31-8ef4efc1b665","DataTransfer",{"vendorId":"org.openchargealliance.iso15118pnc","messageId":"SignCertificate","data":"{\"csr\":\"-----BEGIN CERTIFICATE REQUEST-----\\nMIHrMIGTAgEAMDExCzAJBgNVBAoMAk5BMRUwEwYDVQQDDAxDRUQ4ODg4ODg4ODgx\\nCzAJBgNVBAYTAkNOMFkwEwYHKoZIzj0CAQYIKoZIzj0DAQcDQgAEGKVKkL8SrCI0\\nCWpUYrZQv7q/K58oQW1hSmp/bk5vRRg6qnQKkI5f8uw/uCqAStZLXteQztNdkv1f\\nCSSpd7vGLKAAMAoGCCqGSM49BAMCA0cAMEQCIBUbYZOr3Vx69iJXF75NpZZt3jAG\\nXS+DKa3BIFLOg0aJAiBOdv0M4wYaoPGqtAotgFr...
[14:28:49] [DEVICE] >> [3,"05779ced-45f4-4376-ac31-8ef4efc1b665",{"status":"Accepted"}]
[14:28:49] [DEVICE] >> [2,"1531faec-15c4-4484-94aa-bc8db44311d4","DataTransfer",{"data":"{\"certificateChain\":\"-----BEGIN CERTIFICATE-----\\nMIIB2zCCAYGgAwIBAgIEATFdwTAKBggqhkjOPQQDAjBYMRMwEQYKCZImiZPyLGQB\\nGRYDVjJHMQswCQYDVQQGEwJDTjEMMAoGA1UECgwDR1dUMSYwJAYDVQQDDB1HV1Rf\\nUEtJLTFfQ1JUX1BST1ZfU1VCMl9WQUxJRDAeFw0yNTA3MTUxNDA5MzBaFw0zNDA3\\nMDUxNDA5MzBaMDExCzAJBgNVBAYTAkNOMQswCQYDVQQKEwJOQTEVMBMGA1UEAxMM\\nQ0VEODg4ODg4ODg4MFkwEwYHKoZIzj0CAQYIKoZIzj0DAQcDQgAEGKVKkL8SrCI0\\nCWpUYrZQv7q/K58oQW1hSmp/bk5vRRg6qnQKkI5f8uw/u...
[14:28:49] [DEVICE] << [3,"1531faec-15c4-4484-94aa-bc8db44311d4",{"status":"Accepted"}]
[14:29:19] [DEVICE] << [2,"f0d62d85-92bc-4071-8cf2-40095b09496c","Heartbeat",{}]
[14:29:19] [DEVICE] >> [3,"f0d62d85-92bc-4071-8cf2-40095b09496c",{"currentTime":"2026-07-01T06:29:19Z"}]
[14:30:19] [DEVICE] << [2,"59f187e7-617d-4e06-bb18-41d07cd19dbb","Heartbeat",{}]
[14:30:20] [DEVICE] >> [3,"59f187e7-617d-4e06-bb18-41d07cd19dbb",{"currentTime":"2026-07-01T06:30:20Z"}]
[14:31:19] [DEVICE] << [2,"a343cc34-b6c3-4610-9879-936004a78565","Heartbeat",{}]
[14:31:19] [DEVICE] >> [3,"a343cc34-b6c3-4610-9879-936004a78565",{"currentTime":"2026-07-01T06:31:19Z"}]
[14:32:19] [DEVICE] << [2,"a0baee6f-e8bc-4791-8a00-e415e93dbfcb","Heartbeat",{}]
[14:32:19] [DEVICE] >> [3,"a0baee6f-e8bc-4791-8a00-e415e93dbfcb",{"currentTime":"2026-07-01T06:32:19Z"}]
[14:33:20] [DEVICE] << [2,"9dad12be-ce59-4105-a5ab-e779f47a22c6","Heartbeat",{}]
[14:33:20] [DEVICE] >> [3,"9dad12be-ce59-4105-a5ab-e779f47a22c6",{"currentTime":"2026-07-01T06:33:20Z"}]
[14:33:36] [DEVICE] << [2,"e32d37ed-af0c-4da3-8848-10e2a0a2577a","StatusNotification",{"connectorId":1, "errorCode":"NoError", "status":"Faulted","info":"","timestamp":"2026-07-01T06:33:35.289Z","vendorId":"NA","vendorErrorCode":"333c"}]
[14:33:36] [DEVICE] >> [3,"e32d37ed-af0c-4da3-8848-10e2a0a2577a",{}]
[14:34:20] [DEVICE] << [2,"bc64ef97-9537-4232-a6a2-bfafc41fdc1e","Heartbeat",{}]
[14:34:20] [DEVICE] >> [3,"bc64ef97-9537-4232-a6a2-bfafc41fdc1e",{"currentTime":"2026-07-01T06:34:20Z"}]
[14:35:03] [DEVICE] << [2,"f324dcbe-ced7-4045-a67d-f0b63a07c65d","StatusNotification",{"connectorId":1, "errorCode":"NoError", "status":"Available","info":"","timestamp":"2026-07-01T06:35:02.471Z","vendorId":"NA","vendorErrorCode":""}]
[14:35:03] [DEVICE] >> [3,"f324dcbe-ced7-4045-a67d-f0b63a07c65d",{}]
[14:35:11] [DEVICE] >> [2,"15da2775-5585-436d-a61c-cc2ce18b5d8a","DataTransfer",{"data":"{\"requestedMessage\":\"SignCertificate\"}","messageId":"TriggerMessage","vendorId":"org.openchargealliance.iso15118pnc"}]
[14:35:11] [DEVICE] << [3,"15da2775-5585-436d-a61c-cc2ce18b5d8a",{"status":"Accepted"}]
[14:35:11] [DEVICE] << [2,"427c4e2d-a2b4-4d38-b128-e4ef116e2f19","DataTransfer",{"vendorId":"org.openchargealliance.iso15118pnc","messageId":"SignCertificate","data":"{\"csr\":\"-----BEGIN CERTIFICATE REQUEST-----\\nMIHsMIGTAgEAMDExCzAJBgNVBAoMAk5BMRUwEwYDVQQDDAxDRUQ4ODg4ODg4ODgx\\nCzAJBgNVBAYTAkNOMFkwEwYHKoZIzj0CAQYIKoZIzj0DAQcDQgAEWf/nTVyiceFd\\nzeIHKm2uEi4maN23XaJao4n/CzPjFm5P/KmqR2Fm9w77RXvaaFP8j1HW65iU9xxY\\ntExB4kmdH6AAMAoGCCqGSM49BAMCA0gAMEUCIB0vPc/jTr1lB/dmfoRJzR7mD9l9\\nXcMfbQk4n27cq3qDAiEAkiN2IKRiJHkngNn+4wr...
[14:35:12] [DEVICE] >> [3,"427c4e2d-a2b4-4d38-b128-e4ef116e2f19",{"status":"Accepted"}]
[14:35:12] [DEVICE] >> [2,"50ad730c-835f-4b15-aa47-de9769df7f55","DataTransfer",{"data":"{\"certificateChain\":\"-----BEGIN CERTIFICATE-----\\nMIIB3DCCAYGgAwIBAgIEATFdwjAKBggqhkjOPQQDAjBYMRMwEQYKCZImiZPyLGQB\\nGRYDVjJHMQswCQYDVQQGEwJDTjEMMAoGA1UECgwDR1dUMSYwJAYDVQQDDB1HV1Rf\\nUEtJLTFfQ1JUX1BST1ZfU1VCMl9WQUxJRDAeFw0yNTA3MTUxNDA5MzBaFw0zNDA3\\nMDUxNDA5MzBaMDExCzAJBgNVBAYTAkNOMQswCQYDVQQKEwJOQTEVMBMGA1UEAxMM\\nQ0VEODg4ODg4ODg4MFkwEwYHKoZIzj0CAQYIKoZIzj0DAQcDQgAEWf/nTVyiceFd\\nzeIHKm2uEi4maN23XaJao4n/CzPjFm5P/KmqR2Fm9w77R...
[14:35:12] [DEVICE] << [3,"50ad730c-835f-4b15-aa47-de9769df7f55",{"status":"Accepted"}]
[14:35:20] [DEVICE] << [2,"cd5b6692-6171-4780-83e9-3f5d04007631","Heartbeat",{}]
[14:35:20] [DEVICE] >> [3,"cd5b6692-6171-4780-83e9-3f5d04007631",{"currentTime":"2026-07-01T06:35:20Z"}]
[14:36:20] [DEVICE] << [2,"95405710-3a78-49db-97ef-3003bc9a5bb5","Heartbeat",{}]
[14:36:20] [DEVICE] >> [3,"95405710-3a78-49db-97ef-3003bc9a5bb5",{"currentTime":"2026-07-01T06:36:20Z"}]
[14:37:20] [DEVICE] << [2,"3001ec29-34a2-4c30-a64a-0bb31d4af046","Heartbeat",{}]
[14:37:20] [DEVICE] >> [3,"3001ec29-34a2-4c30-a64a-0bb31d4af046",{"currentTime":"2026-07-01T06:37:20Z"}]
[14:38:20] [DEVICE] << [2,"654ef3c5-e53f-48e9-be59-e97969dc415a","Heartbeat",{}]
[14:38:20] [DEVICE] >> [3,"654ef3c5-e53f-48e9-be59-e97969dc415a",{"currentTime":"2026-07-01T06:38:20Z"}]
[14:39:20] [DEVICE] << [2,"9de1d28e-87da-4d6b-8f53-24451aae42de","Heartbeat",{}]
[14:39:20] [DEVICE] >> [3,"9de1d28e-87da-4d6b-8f53-24451aae42de",{"currentTime":"2026-07-01T06:39:20Z"}]
[14:40:20] [DEVICE] << [2,"33c7a95d-381c-47d2-99df-688aa489cc08","Heartbeat",{}]
[14:40:20] [DEVICE] >> [3,"33c7a95d-381c-47d2-99df-688aa489cc08",{"currentTime":"2026-07-01T06:40:20Z"}]
[14:41:20] [DEVICE] << [2,"625586dc-d3ce-4bd8-bc21-fa43c09159ea","Heartbeat",{}]
[14:41:20] [DEVICE] >> [3,"625586dc-d3ce-4bd8-bc21-fa43c09159ea",{"currentTime":"2026-07-01T06:41:20Z"}]
[14:42:20] [DEVICE] << [2,"89c5a7e2-1c1c-499e-9595-3962e7f1c1aa","Heartbeat",{}]
[14:42:20] [DEVICE] >> [3,"89c5a7e2-1c1c-499e-9595-3962e7f1c1aa",{"currentTime":"2026-07-01T06:42:20Z"}]
[14:43:20] [DEVICE] << [2,"040f0a87-a9a4-4ffd-a965-bdc626e10b13","Heartbeat",{}]
[14:43:20] [DEVICE] >> [3,"040f0a87-a9a4-4ffd-a965-bdc626e10b13",{"currentTime":"2026-07-01T06:43:20Z"}]
[14:44:20] [DEVICE] << [2,"30864578-3081-40ee-9000-1f38e3c004da","Heartbeat",{}]
[14:44:20] [DEVICE] >> [3,"30864578-3081-40ee-9000-1f38e3c004da",{"currentTime":"2026-07-01T06:44:20Z"}]
[14:45:20] [DEVICE] << [2,"77b73345-f9dc-422d-8015-ec079d821f6a","Heartbeat",{}]
[14:45:20] [DEVICE] >> [3,"77b73345-f9dc-422d-8015-ec079d821f6a",{"currentTime":"2026-07-01T06:45:20Z"}]
[14:46:20] [DEVICE] << [2,"afa4422b-6a28-4bc5-ac90-4961c93ab303","Heartbeat",{}]
[14:46:20] [DEVICE] >> [3,"afa4422b-6a28-4bc5-ac90-4961c93ab303",{"currentTime":"2026-07-01T06:46:20Z"}]
[14:47:20] [DEVICE] << [2,"42b88e39-0d2b-48f9-bc59-ffcd39279ed0","Heartbeat",{}]
[14:47:20] [DEVICE] >> [3,"42b88e39-0d2b-48f9-bc59-ffcd39279ed0",{"currentTime":"2026-07-01T06:47:20Z"}]
[14:48:20] [DEVICE] << [2,"c5a594bf-a7b4-4c8b-be41-bc5a2d712d70","Heartbeat",{}]
[14:48:20] [DEVICE] >> [3,"c5a594bf-a7b4-4c8b-be41-bc5a2d712d70",{"currentTime":"2026-07-01T06:48:20Z"}]
[14:49:20] [DEVICE] << [2,"d36e15dc-a8b9-4864-8b9a-b1860a70c5ff","Heartbeat",{}]
[14:49:20] [DEVICE] >> [3,"d36e15dc-a8b9-4864-8b9a-b1860a70c5ff",{"currentTime":"2026-07-01T06:49:20Z"}]
[14:50:10] [DEVICE] << [2,"b22df241-ede5-4f8c-b327-4b00feae291d","StatusNotification",{"connectorId":1, "errorCode":"NoError", "status":"Faulted","info":"","timestamp":"2026-07-01T06:50:08.946Z","vendorId":"NA","vendorErrorCode":"333c"}]
[14:50:10] [DEVICE] >> [3,"b22df241-ede5-4f8c-b327-4b00feae291d",{}]
[14:50:20] [DEVICE] << [2,"169847f7-b7c9-47bb-b132-dcf65239690a","Heartbeat",{}]
[14:50:20] [DEVICE] >> [3,"169847f7-b7c9-47bb-b132-dcf65239690a",{"currentTime":"2026-07-01T06:50:20Z"}]
[14:51:04] [DEVICE] << [2,"de391236-249d-45f5-bb70-059bb0285353","StatusNotification",{"connectorId":1, "errorCode":"NoError", "status":"Available","info":"","timestamp":"2026-07-01T06:51:03.067Z","vendorId":"NA","vendorErrorCode":""}]
[14:51:04] [DEVICE] >> [3,"de391236-249d-45f5-bb70-059bb0285353",{}]
[14:51:10] [DEVICE] >> [2,"10175d5c-b964-4cda-a0e8-d6c47e72b710","DataTransfer",{"data":"{\"requestedMessage\":\"SignCertificate\"}","messageId":"TriggerMessage","vendorId":"org.openchargealliance.iso15118pnc"}]
[14:51:10] [DEVICE] << [3,"10175d5c-b964-4cda-a0e8-d6c47e72b710",{"status":"Accepted"}]
[14:51:10] [DEVICE] << [2,"ea1dafe6-3e15-4818-90c2-bc3a0b5ebcb5","DataTransfer",{"vendorId":"org.openchargealliance.iso15118pnc","messageId":"SignCertificate","data":"{\"csr\":\"-----BEGIN CERTIFICATE REQUEST-----\\nMIHsMIGTAgEAMDExCzAJBgNVBAoMAk5BMRUwEwYDVQQDDAxDRUQ4ODg4ODg4ODgx\\nCzAJBgNVBAYTAkNOMFkwEwYHKoZIzj0CAQYIKoZIzj0DAQcDQgAE7jpZVb4M2ADO\\nyxKCXenaZnxnm+KiOUyW1HQBmc2GXTlheliwewi5v1toDKsyDDXrKgv0LkSG0CX6\\ncDU/uYdLaaAAMAoGCCqGSM49BAMCA0gAMEUCIQCgHZ1d5Jf/FIbhafFVy+6Cn+SM\\nWdH17Y8sc9roMC4GPgIgIFphI31MSa9L0+F5c4f...
[14:51:10] [DEVICE] >> [3,"ea1dafe6-3e15-4818-90c2-bc3a0b5ebcb5",{"status":"Accepted"}]
[14:51:10] [DEVICE] >> [2,"13493f57-ed98-44e8-b175-e2b200e40ab9","DataTransfer",{"data":"{\"certificateChain\":\"-----BEGIN CERTIFICATE-----\\nMIIB2zCCAYGgAwIBAgIEATFdwzAKBggqhkjOPQQDAjBYMRMwEQYKCZImiZPyLGQB\\nGRYDVjJHMQswCQYDVQQGEwJDTjEMMAoGA1UECgwDR1dUMSYwJAYDVQQDDB1HV1Rf\\nUEtJLTFfQ1JUX1BST1ZfU1VCMl9WQUxJRDAeFw0yNTA3MTUxNDA5MzBaFw0zNDA3\\nMDUxNDA5MzBaMDExCzAJBgNVBAYTAkNOMQswCQYDVQQKEwJOQTEVMBMGA1UEAxMM\\nQ0VEODg4ODg4ODg4MFkwEwYHKoZIzj0CAQYIKoZIzj0DAQcDQgAE7jpZVb4M2ADO\\nyxKCXenaZnxnm+KiOUyW1HQBmc2GXTlheliwewi5v1toD...
[14:51:11] [DEVICE] << [3,"13493f57-ed98-44e8-b175-e2b200e40ab9",{"status":"Accepted"}]
[14:51:20] [DEVICE] << [2,"d07abbfa-844a-48cd-b155-6f3b594c7908","Heartbeat",{}]
[14:51:20] [DEVICE] >> [3,"d07abbfa-844a-48cd-b155-6f3b594c7908",{"currentTime":"2026-07-01T06:51:20Z"}]
[14:52:20] [DEVICE] << [2,"5e9d449b-8ede-4d36-a8ca-717b7a6689a0","Heartbeat",{}]
[14:52:20] [DEVICE] >> [3,"5e9d449b-8ede-4d36-a8ca-717b7a6689a0",{"currentTime":"2026-07-01T06:52:20Z"}]
[14:53:20] [DEVICE] << [2,"497d58cc-78be-4ada-8beb-3ce58db14baf","Heartbeat",{}]
[14:53:20] [DEVICE] >> [3,"497d58cc-78be-4ada-8beb-3ce58db14baf",{"currentTime":"2026-07-01T06:53:20Z"}]
[14:54:20] [DEVICE] << [2,"f8b773bc-91cb-4c54-9907-ebee8208f44a","Heartbeat",{}]
[14:54:20] [DEVICE] >> [3,"f8b773bc-91cb-4c54-9907-ebee8208f44a",{"currentTime":"2026-07-01T06:54:20Z"}]
[14:55:20] [DEVICE] << [2,"6c879be6-bcdb-41dc-9698-e5101616d081","Heartbeat",{}]
[14:55:20] [DEVICE] >> [3,"6c879be6-bcdb-41dc-9698-e5101616d081",{"currentTime":"2026-07-01T06:55:20Z"}]
[14:56:20] [DEVICE] << [2,"7384740e-fdba-45f2-94bc-ea63c63e4e37","Heartbeat",{}]
[14:56:20] [DEVICE] >> [3,"7384740e-fdba-45f2-94bc-ea63c63e4e37",{"currentTime":"2026-07-01T06:56:20Z"}]
[14:57:20] [DEVICE] << [2,"a9492bfc-4195-4040-9262-121a766f60f6","Heartbeat",{}]
[14:57:20] [DEVICE] >> [3,"a9492bfc-4195-4040-9262-121a766f60f6",{"currentTime":"2026-07-01T06:57:20Z"}]
[14:58:20] [DEVICE] << [2,"8eed2826-8a16-4557-ad5d-9df504ebfc57","Heartbeat",{}]
[14:58:20] [DEVICE] >> [3,"8eed2826-8a16-4557-ad5d-9df504ebfc57",{"currentTime":"2026-07-01T06:58:20Z"}]
[14:59:20] [DEVICE] << [2,"d973acd0-b9aa-4330-8c57-1f9cb712ef10","Heartbeat",{}]
[14:59:20] [DEVICE] >> [3,"d973acd0-b9aa-4330-8c57-1f9cb712ef10",{"currentTime":"2026-07-01T06:59:20Z"}]
[15:00:20] [DEVICE] << [2,"3fdfee92-1416-46cc-958c-f929c155527e","Heartbeat",{}]
[15:00:20] [DEVICE] >> [3,"3fdfee92-1416-46cc-958c-f929c155527e",{"currentTime":"2026-07-01T07:00:20Z"}]
[15:01:20] [DEVICE] << [2,"7499fbff-9956-40aa-bcd8-1999b567ba6e","Heartbeat",{}]
[15:01:20] [DEVICE] >> [3,"7499fbff-9956-40aa-bcd8-1999b567ba6e",{"currentTime":"2026-07-01T07:01:20Z"}]
[15:02:20] [DEVICE] << [2,"12fdf220-528e-40e9-9b62-f3254f048b2a","Heartbeat",{}]
[15:02:20] [DEVICE] >> [3,"12fdf220-528e-40e9-9b62-f3254f048b2a",{"currentTime":"2026-07-01T07:02:20Z"}]
[15:03:20] [DEVICE] << [2,"692734aa-47f2-4d03-b561-a971c7d7c864","Heartbeat",{}]
[15:03:20] [DEVICE] >> [3,"692734aa-47f2-4d03-b561-a971c7d7c864",{"currentTime":"2026-07-01T07:03:20Z"}]
[15:04:20] [DEVICE] << [2,"f1dcf20f-b845-4304-8dbd-59eba029b871","Heartbeat",{}]
[15:04:20] [DEVICE] >> [3,"f1dcf20f-b845-4304-8dbd-59eba029b871",{"currentTime":"2026-07-01T07:04:20Z"}]
[15:04:30] [DEVICE] >> [2,"142e9046-1fe1-4b5b-807b-125e051423a4","DataTransfer",{"data":"{\"requestedMessage\":\"SignCertificate\"}","messageId":"TriggerMessage","vendorId":"org.openchargealliance.iso15118pnc"}]
[15:04:30] [DEVICE] << [3,"142e9046-1fe1-4b5b-807b-125e051423a4",{"status":"Accepted"}]
[15:04:30] [DEVICE] << [2,"51db27b1-3bbd-4d53-b740-12adfb6189ef","DataTransfer",{"vendorId":"org.openchargealliance.iso15118pnc","messageId":"SignCertificate","data":"{\"csr\":\"-----BEGIN CERTIFICATE REQUEST-----\\nMIHsMIGTAgEAMDExCzAJBgNVBAoMAk5BMRUwEwYDVQQDDAxDRUQ4ODg4ODg4ODgx\\nCzAJBgNVBAYTAkNOMFkwEwYHKoZIzj0CAQYIKoZIzj0DAQcDQgAEPiq4/93ijIFV\\ntnwjYqng50ufmwFtcuObEkxpKIGamFnyWjQLZ/ybJ10y/xjMi8K7qNwxP0nE8MKk\\nMPtyxUryMaAAMAoGCCqGSM49BAMCA0gAMEUCIEgFB5jOOS/0Zr+cMz1AzvBK0Te0\\nuUzE5RLf4DI/UgDaAiEA+l7o9YC/XlxqzQMc5Qs...
[15:04:31] [DEVICE] >> [3,"51db27b1-3bbd-4d53-b740-12adfb6189ef",{"status":"Accepted"}]
[15:04:31] [DEVICE] >> [2,"84e8de70-d1bb-40c5-8d1d-f478a7a0760d","DataTransfer",{"data":"{\"certificateChain\":\"-----BEGIN CERTIFICATE-----\\nMIIB2zCCAYGgAwIBAgIEATFdxDAKBggqhkjOPQQDAjBYMRMwEQYKCZImiZPyLGQB\\nGRYDVjJHMQswCQYDVQQGEwJDTjEMMAoGA1UECgwDR1dUMSYwJAYDVQQDDB1HV1Rf\\nUEtJLTFfQ1JUX1BST1ZfU1VCMl9WQUxJRDAeFw0yNTA3MTUxNDA5MzBaFw0zNDA3\\nMDUxNDA5MzBaMDExCzAJBgNVBAYTAkNOMQswCQYDVQQKEwJOQTEVMBMGA1UEAxMM\\nQ0VEODg4ODg4ODg4MFkwEwYHKoZIzj0CAQYIKoZIzj0DAQcDQgAEPiq4/93ijIFV\\ntnwjYqng50ufmwFtcuObEkxpKIGamFnyWjQLZ/ybJ10y/...
[15:04:31] [DEVICE] << [3,"84e8de70-d1bb-40c5-8d1d-f478a7a0760d",{"status":"Accepted"}]
[15:05:20] [DEVICE] << [2,"a13d8964-b67f-4a6a-a8a1-18504af27ea9","Heartbeat",{}]
[15:05:20] [DEVICE] >> [3,"a13d8964-b67f-4a6a-a8a1-18504af27ea9",{"currentTime":"2026-07-01T07:05:20Z"}]
[15:06:20] [DEVICE] << [2,"6c60bb45-aca7-44c4-95b2-d55a29fc517e","Heartbeat",{}]
[15:06:20] [DEVICE] >> [3,"6c60bb45-aca7-44c4-95b2-d55a29fc517e",{"currentTime":"2026-07-01T07:06:20Z"}]
[15:06:36] [DEVICE] >> [2,"3f93477c-e497-4e43-ae88-65fd14a78798","DataTransfer",{"data":"{\"requestedMessage\":\"SignCertificate\"}","messageId":"TriggerMessage","vendorId":"org.openchargealliance.iso15118pnc"}]
[15:06:36] [DEVICE] << [3,"3f93477c-e497-4e43-ae88-65fd14a78798",{"status":"Accepted"}]
[15:06:36] [DEVICE] << [2,"619bb345-4d09-485f-becb-11dfd9ddf70a","DataTransfer",{"vendorId":"org.openchargealliance.iso15118pnc","messageId":"SignCertificate","data":"{\"csr\":\"-----BEGIN CERTIFICATE REQUEST-----\\nMIHsMIGTAgEAMDExCzAJBgNVBAoMAk5BMRUwEwYDVQQDDAxDRUQ4ODg4ODg4ODgx\\nCzAJBgNVBAYTAkNOMFkwEwYHKoZIzj0CAQYIKoZIzj0DAQcDQgAEUyoHM7/3nX1B\\nXsJxSmHbdTgPR8m0Iz1aCWMhEe6clmnM9sTiz7BauDQh1gcy3qRc0uNHy0PhmoJT\\nYVisklyWbKAAMAoGCCqGSM49BAMCA0gAMEUCIQDDAp8a56P220Iyfzy4yyZaA54J\\nwjFhcTSUflhOW7+oiQIgacKTHXgGqUt+xvSm05A...
[15:06:36] [DEVICE] >> [3,"619bb345-4d09-485f-becb-11dfd9ddf70a",{"status":"Accepted"}]
[15:06:36] [DEVICE] >> [2,"1fa3725f-430a-4999-aa3c-2772299d4d21","DataTransfer",{"data":"{\"certificateChain\":\"-----BEGIN CERTIFICATE-----\\nMIIB2zCCAYGgAwIBAgIEATFdxTAKBggqhkjOPQQDAjBYMRMwEQYKCZImiZPyLGQB\\nGRYDVjJHMQswCQYDVQQGEwJDTjEMMAoGA1UECgwDR1dUMSYwJAYDVQQDDB1HV1Rf\\nUEtJLTFfQ1JUX1BST1ZfU1VCMl9WQUxJRDAeFw0yNTA3MTUxNDA5MzBaFw0zNDA3\\nMDUxNDA5MzBaMDExCzAJBgNVBAYTAkNOMQswCQYDVQQKEwJOQTEVMBMGA1UEAxMM\\nQ0VEODg4ODg4ODg4MFkwEwYHKoZIzj0CAQYIKoZIzj0DAQcDQgAEUyoHM7/3nX1B\\nXsJxSmHbdTgPR8m0Iz1aCWMhEe6clmnM9sTiz7BauDQh1...
[15:06:37] [DEVICE] << [3,"1fa3725f-430a-4999-aa3c-2772299d4d21",{"status":"Accepted"}]
[15:07:20] [DEVICE] << [2,"3d8cf803-081c-493a-a6df-1a1fc54ee760","Heartbeat",{}]
[15:07:20] [DEVICE] >> [3,"3d8cf803-081c-493a-a6df-1a1fc54ee760",{"currentTime":"2026-07-01T07:07:20Z"}]
[15:08:20] [DEVICE] << [2,"12e8d0be-8be0-4384-b6d7-478dfa254ac7","Heartbeat",{}]
[15:08:20] [DEVICE] >> [3,"12e8d0be-8be0-4384-b6d7-478dfa254ac7",{"currentTime":"2026-07-01T07:08:20Z"}]
[15:08:42] [DEVICE] << [2,"977b98ca-979f-45bd-9e65-32e7e95cf25d","StatusNotification",{"connectorId":1, "errorCode":"NoError", "status":"Preparing","info":"","timestamp":"2026-07-01T07:08:41.108Z","vendorId":"NA","vendorErrorCode":""}]
[15:08:42] [DEVICE] >> [3,"977b98ca-979f-45bd-9e65-32e7e95cf25d",{}]
[15:08:52] [DEVICE] << [2,"8e2de257-7bd3-4df7-8f21-9418326789a9","StatusNotification",{"connectorId":1, "errorCode":"NoError", "status":"Preparing","info":"","timestamp":"2026-07-01T07:08:51.334Z","vendorId":"NA","vendorErrorCode":"5b0a"}]
[15:08:52] [DEVICE] >> [3,"8e2de257-7bd3-4df7-8f21-9418326789a9",{}]
[15:08:58] [DEVICE] << [2,"5a16345a-3d96-4cfe-85da-4f4048fc0e36","StatusNotification",{"connectorId":1, "errorCode":"NoError", "status":"Finishing","info":"","timestamp":"2026-07-01T07:08:57.354Z","vendorId":"NA","vendorErrorCode":"5b0a"}]
[15:08:58] [DEVICE] >> [3,"5a16345a-3d96-4cfe-85da-4f4048fc0e36",{}]
[15:09:20] [DEVICE] << [2,"4faec7d2-90a8-47df-89b3-e25e48348586","Heartbeat",{}]
[15:09:20] [DEVICE] >> [3,"4faec7d2-90a8-47df-89b3-e25e48348586",{"currentTime":"2026-07-01T07:09:20Z"}]
[15:10:20] [DEVICE] << [2,"e30c6d4e-3a5f-4e2e-800b-6577232cf334","Heartbeat",{}]
[15:10:20] [DEVICE] >> [3,"e30c6d4e-3a5f-4e2e-800b-6577232cf334",{"currentTime":"2026-07-01T07:10:20Z"}]
[15:11:20] [DEVICE] << [2,"29dd97ef-cc9d-45ec-8349-506d58c43e1c","Heartbeat",{}]
[15:11:20] [DEVICE] >> [3,"29dd97ef-cc9d-45ec-8349-506d58c43e1c",{"currentTime":"2026-07-01T07:11:20Z"}]
[15:12:20] [DEVICE] << [2,"6ed03d1d-40aa-441d-8b2d-47da2496e664","Heartbeat",{}]
[15:12:20] [DEVICE] >> [3,"6ed03d1d-40aa-441d-8b2d-47da2496e664",{"currentTime":"2026-07-01T07:12:20Z"}]
[15:13:01] [DEVICE] << [2,"1657416e-1d54-4e1a-ae20-f642caff2913","StatusNotification",{"connectorId":1, "errorCode":"NoError", "status":"Available","info":"","timestamp":"2026-07-01T07:13:00.310Z","vendorId":"NA","vendorErrorCode":""}]
[15:13:01] [DEVICE] >> [3,"1657416e-1d54-4e1a-ae20-f642caff2913",{}]
[15:13:20] [DEVICE] << [2,"7a436128-efa0-4eca-a483-6a643f0efef5","Heartbeat",{}]
[15:13:20] [DEVICE] >> [3,"7a436128-efa0-4eca-a483-6a643f0efef5",{"currentTime":"2026-07-01T07:13:20Z"}]
[15:13:22] [DEVICE] << [2,"8b2a91d6-20d3-4b82-8c9e-47118cb1543a","StatusNotification",{"connectorId":1, "errorCode":"NoError", "status":"Preparing","info":"","timestamp":"2026-07-01T07:13:21.359Z","vendorId":"NA","vendorErrorCode":""}]
[15:13:22] [DEVICE] >> [3,"8b2a91d6-20d3-4b82-8c9e-47118cb1543a",{}]
[15:13:38] [DEVICE] << [2,"e5f32a51-a809-4ca0-a58c-8dcbf87895ac","StatusNotification",{"connectorId":1, "errorCode":"NoError", "status":"Preparing","info":"","timestamp":"2026-07-01T07:13:37.592Z","vendorId":"NA","vendorErrorCode":"5b0a"}]
[15:13:38] [DEVICE] >> [3,"e5f32a51-a809-4ca0-a58c-8dcbf87895ac",{}]
[15:13:44] [DEVICE] << [2,"a558d7c9-3b12-45ad-bef9-0d511e68e7c4","StatusNotification",{"connectorId":1, "errorCode":"NoError", "status":"Finishing","info":"","timestamp":"2026-07-01T07:13:43.606Z","vendorId":"NA","vendorErrorCode":"5b0a"}]
[15:13:44] [DEVICE] >> [3,"a558d7c9-3b12-45ad-bef9-0d511e68e7c4",{}]
[15:14:20] [DEVICE] << [2,"c09e88c4-3832-443d-b73e-f2f61d7afe0d","Heartbeat",{}]
[15:14:20] [DEVICE] >> [3,"c09e88c4-3832-443d-b73e-f2f61d7afe0d",{"currentTime":"2026-07-01T07:14:20Z"}]
[15:15:20] [DEVICE] << [2,"e73bb0cb-c244-4638-a797-0aaa587e04b2","Heartbeat",{}]
[15:15:20] [DEVICE] >> [3,"e73bb0cb-c244-4638-a797-0aaa587e04b2",{"currentTime":"2026-07-01T07:15:20Z"}]
[15:16:20] [DEVICE] << [2,"860c7aea-60df-47cc-9cf6-1da38f417e05","Heartbeat",{}]
[15:16:20] [DEVICE] >> [3,"860c7aea-60df-47cc-9cf6-1da38f417e05",{"currentTime":"2026-07-01T07:16:20Z"}]
[15:17:20] [DEVICE] << [2,"37d03d83-a1dd-48e1-9992-bcb90b6ff67d","Heartbeat",{}]
[15:17:20] [DEVICE] >> [3,"37d03d83-a1dd-48e1-9992-bcb90b6ff67d",{"currentTime":"2026-07-01T07:17:20Z"}]
[15:18:20] [DEVICE] << [2,"0c7cc238-e9cf-40df-93d2-a9669bd39d0f","Heartbeat",{}]
[15:18:20] [DEVICE] >> [3,"0c7cc238-e9cf-40df-93d2-a9669bd39d0f",{"currentTime":"2026-07-01T07:18:20Z"}]
[15:19:20] [DEVICE] << [2,"c3f7aad7-2481-465d-bd83-3a046ba49219","Heartbeat",{}]
[15:19:20] [DEVICE] >> [3,"c3f7aad7-2481-465d-bd83-3a046ba49219",{"currentTime":"2026-07-01T07:19:20Z"}]
[15:20:20] [DEVICE] << [2,"83ca04be-ee22-45fb-9e89-2da37ff76aa1","Heartbeat",{}]
[15:20:20] [DEVICE] >> [3,"83ca04be-ee22-45fb-9e89-2da37ff76aa1",{"currentTime":"2026-07-01T07:20:20Z"}]
[15:21:20] [DEVICE] << [2,"1b68ffd3-b827-4169-8600-5c2841386390","Heartbeat",{}]
[15:21:20] [DEVICE] >> [3,"1b68ffd3-b827-4169-8600-5c2841386390",{"currentTime":"2026-07-01T07:21:20Z"}]
[15:22:20] [DEVICE] << [2,"31319b3a-05a4-4661-8750-6ac77ec73228","Heartbeat",{}]
[15:22:20] [DEVICE] >> [3,"31319b3a-05a4-4661-8750-6ac77ec73228",{"currentTime":"2026-07-01T07:22:20Z"}]
[15:23:20] [DEVICE] << [2,"903f7413-a436-4fba-8e91-1014de410737","Heartbeat",{}]
[15:23:20] [DEVICE] >> [3,"903f7413-a436-4fba-8e91-1014de410737",{"currentTime":"2026-07-01T07:23:20Z"}]
[15:24:20] [DEVICE] << [2,"0ab971b8-7772-4a53-96cf-1afa0f2aa69e","Heartbeat",{}]
[15:24:21] [DEVICE] >> [3,"0ab971b8-7772-4a53-96cf-1afa0f2aa69e",{"currentTime":"2026-07-01T07:24:21Z"}]
[15:25:21] [DEVICE] << [2,"4d6217a2-c062-4cc3-b2b0-81857bc60bc5","Heartbeat",{}]
[15:25:21] [DEVICE] >> [3,"4d6217a2-c062-4cc3-b2b0-81857bc60bc5",{"currentTime":"2026-07-01T07:25:21Z"}]
[15:26:21] [DEVICE] << [2,"ff3706c3-d5a9-46ab-8734-8210f0a87684","Heartbeat",{}]
[15:26:21] [DEVICE] >> [3,"ff3706c3-d5a9-46ab-8734-8210f0a87684",{"currentTime":"2026-07-01T07:26:21Z"}]
[15:27:21] [DEVICE] << [2,"e509f72c-0e9f-46cf-839d-f65cc4c209fd","Heartbeat",{}]
[15:27:21] [DEVICE] >> [3,"e509f72c-0e9f-46cf-839d-f65cc4c209fd",{"currentTime":"2026-07-01T07:27:21Z"}]
[15:28:21] [DEVICE] << [2,"09efda46-701f-48c2-8a25-fcc7e355f7dd","Heartbeat",{}]
[15:28:21] [DEVICE] >> [3,"09efda46-701f-48c2-8a25-fcc7e355f7dd",{"currentTime":"2026-07-01T07:28:21Z"}]
[15:29:21] [DEVICE] << [2,"41c4e161-9b8c-4839-bf3e-7bf56a6dbff5","Heartbeat",{}]
[15:29:21] [DEVICE] >> [3,"41c4e161-9b8c-4839-bf3e-7bf56a6dbff5",{"currentTime":"2026-07-01T07:29:21Z"}]
[15:30:21] [DEVICE] << [2,"7edbde3a-a8be-43d6-b07f-4ac4f48046ed","Heartbeat",{}]
[15:30:21] [DEVICE] >> [3,"7edbde3a-a8be-43d6-b07f-4ac4f48046ed",{"currentTime":"2026-07-01T07:30:21Z"}]
[15:31:21] [DEVICE] << [2,"ebbd6626-c23f-4e32-a253-218f883522f6","Heartbeat",{}]
[15:31:21] [DEVICE] >> [3,"ebbd6626-c23f-4e32-a253-218f883522f6",{"currentTime":"2026-07-01T07:31:21Z"}]
[15:32:21] [DEVICE] << [2,"8b0355fb-bfc8-460b-ac13-1f8e0ff636f5","Heartbeat",{}]
[15:32:21] [DEVICE] >> [3,"8b0355fb-bfc8-460b-ac13-1f8e0ff636f5",{"currentTime":"2026-07-01T07:32:21Z"}]
[15:33:21] [DEVICE] << [2,"ae724646-b209-4c13-a0e3-16ee078c9111","Heartbeat",{}]
[15:33:21] [DEVICE] >> [3,"ae724646-b209-4c13-a0e3-16ee078c9111",{"currentTime":"2026-07-01T07:33:21Z"}]
[15:34:21] [DEVICE] << [2,"2841143c-66f6-4771-b215-5d6be6d1ea3a","Heartbeat",{}]
[15:34:21] [DEVICE] >> [3,"2841143c-66f6-4771-b215-5d6be6d1ea3a",{"currentTime":"2026-07-01T07:34:21Z"}]
[15:35:21] [DEVICE] << [2,"cf4fc5b5-5a2b-4db4-839f-0eae816ba608","Heartbeat",{}]
[15:35:21] [DEVICE] >> [3,"cf4fc5b5-5a2b-4db4-839f-0eae816ba608",{"currentTime":"2026-07-01T07:35:21Z"}]
[15:36:21] [DEVICE] << [2,"365c5c9c-9bfa-4243-a11c-0407581a032f","Heartbeat",{}]
[15:36:21] [DEVICE] >> [3,"365c5c9c-9bfa-4243-a11c-0407581a032f",{"currentTime":"2026-07-01T07:36:21Z"}]
[15:37:09] [DEVICE] << [2,"c3da1015-7f7c-4ae5-9068-6bf30ecd0756","StatusNotification",{"connectorId":1, "errorCode":"NoError", "status":"Finishing","info":"","timestamp":"2026-07-01T07:37:08.307Z","vendorId":"NA","vendorErrorCode":""}]
[15:37:09] [DEVICE] >> [3,"c3da1015-7f7c-4ae5-9068-6bf30ecd0756",{}]
[15:37:16] [DEVICE] << [2,"421ab6e3-78ad-4274-9a63-1c2f54581aa5","StatusNotification",{"connectorId":1, "errorCode":"NoError", "status":"Preparing","info":"","timestamp":"2026-07-01T07:37:14.923Z","vendorId":"NA","vendorErrorCode":""}]
[15:37:16] [DEVICE] >> [3,"421ab6e3-78ad-4274-9a63-1c2f54581aa5",{}]
[15:37:21] [DEVICE] << [2,"384e6e71-5fc8-4f24-9899-0edc9c99491d","Heartbeat",{}]
[15:37:21] [DEVICE] >> [3,"384e6e71-5fc8-4f24-9899-0edc9c99491d",{"currentTime":"2026-07-01T07:37:21Z"}]
[15:38:21] [DEVICE] << [2,"b1ccc39c-968d-4b82-a384-8cb670485042","Heartbeat",{}]
[15:38:21] [DEVICE] >> [3,"b1ccc39c-968d-4b82-a384-8cb670485042",{"currentTime":"2026-07-01T07:38:21Z"}]
[15:39:21] [DEVICE] << [2,"16035cc9-f168-4090-b5bc-c482b017c05d","Heartbeat",{}]
[15:39:21] [DEVICE] >> [3,"16035cc9-f168-4090-b5bc-c482b017c05d",{"currentTime":"2026-07-01T07:39:21Z"}]
[15:39:22] [DEVICE] << [2,"a09fe94e-34bb-4973-bcaf-ddf83084031b","StatusNotification",{"connectorId":1, "errorCode":"NoError", "status":"Preparing","info":"","timestamp":"2026-07-01T07:39:21.803Z","vendorId":"NA","vendorErrorCode":"250a"}]
[15:39:23] [DEVICE] >> [3,"a09fe94e-34bb-4973-bcaf-ddf83084031b",{}]
[15:39:28] [DEVICE] << [2,"27b151c6-9462-492d-a1b6-0335cd5a9f80","StatusNotification",{"connectorId":1, "errorCode":"NoError", "status":"Finishing","info":"","timestamp":"2026-07-01T07:39:27.815Z","vendorId":"NA","vendorErrorCode":"250a"}]
[15:39:29] [DEVICE] >> [3,"27b151c6-9462-492d-a1b6-0335cd5a9f80",{}]
[15:39:35] [DEVICE] << [2,"31535618-bfcf-4b1b-97ff-e9bc229cdec1","StatusNotification",{"connectorId":1, "errorCode":"NoError", "status":"Finishing","info":"","timestamp":"2026-07-01T07:39:34.432Z","vendorId":"NA","vendorErrorCode":""}]
[15:39:35] [DEVICE] >> [3,"31535618-bfcf-4b1b-97ff-e9bc229cdec1",{}]
[15:39:36] [DEVICE] << [2,"b86a62e3-81d4-4c87-a1fc-6b258d0c7fa6","StatusNotification",{"connectorId":1, "errorCode":"NoError", "status":"Available","info":"","timestamp":"2026-07-01T07:39:35.034Z","vendorId":"NA","vendorErrorCode":""}]
[15:39:36] [DEVICE] >> [3,"b86a62e3-81d4-4c87-a1fc-6b258d0c7fa6",{}]
[15:40:21] [DEVICE] << [2,"22c0dfde-4ba2-4177-b5fa-b29359129112","Heartbeat",{}]
[15:40:21] [DEVICE] >> [3,"22c0dfde-4ba2-4177-b5fa-b29359129112",{"currentTime":"2026-07-01T07:40:21Z"}]
[15:41:21] [DEVICE] << [2,"ef7abe10-a491-4c8e-90bc-243b260039c8","Heartbeat",{}]
[15:41:21] [DEVICE] >> [3,"ef7abe10-a491-4c8e-90bc-243b260039c8",{"currentTime":"2026-07-01T07:41:21Z"}]
[15:42:21] [DEVICE] << [2,"e95e655a-fed6-4a52-a2d3-173af9cbb2e4","Heartbeat",{}]
[15:42:21] [DEVICE] >> [3,"e95e655a-fed6-4a52-a2d3-173af9cbb2e4",{"currentTime":"2026-07-01T07:42:21Z"}]
[15:43:21] [DEVICE] << [2,"98422d4d-e87c-46b0-9224-c730a7948a9a","Heartbeat",{}]
[15:43:21] [DEVICE] >> [3,"98422d4d-e87c-46b0-9224-c730a7948a9a",{"currentTime":"2026-07-01T07:43:21Z"}]
[15:44:21] [DEVICE] << [2,"9b6ba34c-4aa5-486c-bb64-de874ee49a82","Heartbeat",{}]
[15:44:21] [DEVICE] >> [3,"9b6ba34c-4aa5-486c-bb64-de874ee49a82",{"currentTime":"2026-07-01T07:44:21Z"}]
[15:45:17] [DEVICE] << [2,"c3af9b25-9a89-4ee3-b8b8-ab48d42fee42","StatusNotification",{"connectorId":1, "errorCode":"NoError", "status":"Preparing","info":"","timestamp":"2026-07-01T07:45:15.978Z","vendorId":"NA","vendorErrorCode":""}]
[15:45:17] [DEVICE] >> [3,"c3af9b25-9a89-4ee3-b8b8-ab48d42fee42",{}]
[15:45:21] [DEVICE] << [2,"88ca1fd3-68e0-4533-9662-16e5f1bac538","Heartbeat",{}]
[15:45:21] [DEVICE] >> [3,"88ca1fd3-68e0-4533-9662-16e5f1bac538",{"currentTime":"2026-07-01T07:45:21Z"}]
[15:45:35] [DEVICE] << [2,"65bf6967-7bd9-49ef-b662-fafdd8105298","StatusNotification",{"connectorId":1, "errorCode":"NoError", "status":"Preparing","info":"","timestamp":"2026-07-01T07:45:34.632Z","vendorId":"NA","vendorErrorCode":"5b0a"}]
[15:45:35] [DEVICE] >> [3,"65bf6967-7bd9-49ef-b662-fafdd8105298",{}]
[15:45:42] [DEVICE] << [2,"a21e8bc1-796e-437b-8af4-db0f2c6e21d9","StatusNotification",{"connectorId":1, "errorCode":"NoError", "status":"Finishing","info":"","timestamp":"2026-07-01T07:45:41.048Z","vendorId":"NA","vendorErrorCode":"5b0a"}]
[15:45:42] [DEVICE] >> [3,"a21e8bc1-796e-437b-8af4-db0f2c6e21d9",{}]
[15:46:21] [DEVICE] << [2,"9930efdb-8f8f-4351-bff0-08c6182fa5aa","Heartbeat",{}]
[15:46:21] [DEVICE] >> [3,"9930efdb-8f8f-4351-bff0-08c6182fa5aa",{"currentTime":"2026-07-01T07:46:21Z"}]
[15:47:21] [DEVICE] << [2,"98fcb136-89a3-4796-89bb-dc4c830f639f","Heartbeat",{}]
[15:47:21] [DEVICE] >> [3,"98fcb136-89a3-4796-89bb-dc4c830f639f",{"currentTime":"2026-07-01T07:47:21Z"}]
[15:48:21] [DEVICE] << [2,"e5534df4-6e23-4684-a0ea-65f7ada69b49","Heartbeat",{}]
[15:48:21] [DEVICE] >> [3,"e5534df4-6e23-4684-a0ea-65f7ada69b49",{"currentTime":"2026-07-01T07:48:21Z"}]
[15:49:21] [DEVICE] << [2,"86d927bf-51e7-4a99-ba18-980d8d2282c3","Heartbeat",{}]
[15:49:21] [DEVICE] >> [3,"86d927bf-51e7-4a99-ba18-980d8d2282c3",{"currentTime":"2026-07-01T07:49:21Z"}]
[15:50:09] [DEVICE] << [2,"e9aa6de1-821b-442c-959d-94ff7329bf57","StatusNotification",{"connectorId":1, "errorCode":"NoError", "status":"Finishing","info":"","timestamp":"2026-07-01T07:50:08.665Z","vendorId":"NA","vendorErrorCode":""}]
[15:50:09] [DEVICE] >> [3,"e9aa6de1-821b-442c-959d-94ff7329bf57",{}]
[15:50:10] [DEVICE] << [2,"76ac8581-538c-4998-ab1f-fcbaa8c5a18f","StatusNotification",{"connectorId":1, "errorCode":"NoError", "status":"Available","info":"","timestamp":"2026-07-01T07:50:09.267Z","vendorId":"NA","vendorErrorCode":""}]
[15:50:10] [DEVICE] >> [3,"76ac8581-538c-4998-ab1f-fcbaa8c5a18f",{}]
[15:50:21] [DEVICE] << [2,"e71f332d-d32c-4d88-ae5d-355bacbdd0fc","Heartbeat",{}]
[15:50:21] [DEVICE] >> [3,"e71f332d-d32c-4d88-ae5d-355bacbdd0fc",{"currentTime":"2026-07-01T07:50:21Z"}]
[15:50:36] [DEVICE] << [2,"0d3add50-d64a-4c19-beb4-25ce45133d32","StatusNotification",{"connectorId":1, "errorCode":"NoError", "status":"Faulted","info":"","timestamp":"2026-07-01T07:50:35.728Z","vendorId":"NA","vendorErrorCode":"333c"}]
[15:50:36] [DEVICE] >> [3,"0d3add50-d64a-4c19-beb4-25ce45133d32",{}]
[15:50:39] [DEVICE] << [2,"0982e114-0f43-46a4-b6a7-e42a32cc33c2","StatusNotification",{"connectorId":1, "errorCode":"NoError", "status":"Available","info":"","timestamp":"2026-07-01T07:50:38.134Z","vendorId":"NA","vendorErrorCode":""}]
[15:50:39] [DEVICE] >> [3,"0982e114-0f43-46a4-b6a7-e42a32cc33c2",{}]
[15:50:51] [DEVICE] << [2,"9a30a466-85cb-4544-b58d-9603039c4138","StatusNotification",{"connectorId":1, "errorCode":"NoError", "status":"Preparing","info":"","timestamp":"2026-07-01T07:50:50.162Z","vendorId":"NA","vendorErrorCode":""}]
[15:50:51] [DEVICE] >> [3,"9a30a466-85cb-4544-b58d-9603039c4138",{}]
[15:51:10] [DEVICE] << [2,"44ac0c76-c9fe-4d16-9d0d-095b57cac856","StatusNotification",{"connectorId":1, "errorCode":"NoError", "status":"Preparing","info":"","timestamp":"2026-07-01T07:51:09.408Z","vendorId":"NA","vendorErrorCode":"5b0a"}]
[15:51:10] [DEVICE] >> [3,"44ac0c76-c9fe-4d16-9d0d-095b57cac856",{}]
[15:51:16] [DEVICE] << [2,"01a240e2-05ae-45b8-958b-fcf844b4f578","StatusNotification",{"connectorId":1, "errorCode":"NoError", "status":"Finishing","info":"","timestamp":"2026-07-01T07:51:15.421Z","vendorId":"NA","vendorErrorCode":"5b0a"}]
[15:51:16] [DEVICE] >> [3,"01a240e2-05ae-45b8-958b-fcf844b4f578",{}]
[15:51:21] [DEVICE] << [2,"4ccb848a-b2e2-4105-8c86-4a29937aa1f9","Heartbeat",{}]
[15:51:21] [DEVICE] >> [3,"4ccb848a-b2e2-4105-8c86-4a29937aa1f9",{"currentTime":"2026-07-01T07:51:21Z"}]
[15:52:21] [DEVICE] << [2,"c2a42bd1-003e-4843-8306-cc17bb6a114e","Heartbeat",{}]
[15:52:21] [DEVICE] >> [3,"c2a42bd1-003e-4843-8306-cc17bb6a114e",{"currentTime":"2026-07-01T07:52:21Z"}]
[15:53:21] [DEVICE] << [2,"c969565b-146f-4ec2-9696-96d7953c4769","Heartbeat",{}]
[15:53:21] [DEVICE] >> [3,"c969565b-146f-4ec2-9696-96d7953c4769",{"currentTime":"2026-07-01T07:53:21Z"}]
[15:54:21] [DEVICE] << [2,"a806684a-5fd2-48e5-a7be-448f1e90e30b","Heartbeat",{}]
[15:54:21] [DEVICE] >> [3,"a806684a-5fd2-48e5-a7be-448f1e90e30b",{"currentTime":"2026-07-01T07:54:21Z"}]
[15:55:21] [DEVICE] << [2,"ebf05d39-e509-43cd-8dae-c64394669cd5","Heartbeat",{}]
[15:55:21] [DEVICE] >> [3,"ebf05d39-e509-43cd-8dae-c64394669cd5",{"currentTime":"2026-07-01T07:55:21Z"}]
[15:56:21] [DEVICE] << [2,"05390afb-c863-4272-bde9-a3da54dea46a","Heartbeat",{}]
[15:56:21] [DEVICE] >> [3,"05390afb-c863-4272-bde9-a3da54dea46a",{"currentTime":"2026-07-01T07:56:21Z"}]
[15:57:21] [DEVICE] << [2,"4c0cdba9-b83d-4d9b-9f09-b4b51a80b07e","Heartbeat",{}]
[15:57:21] [DEVICE] >> [3,"4c0cdba9-b83d-4d9b-9f09-b4b51a80b07e",{"currentTime":"2026-07-01T07:57:21Z"}]
[15:58:21] [DEVICE] << [2,"c0ab40db-2568-45ca-a7af-abb9c3ce9fdc","Heartbeat",{}]
[15:58:21] [DEVICE] >> [3,"c0ab40db-2568-45ca-a7af-abb9c3ce9fdc",{"currentTime":"2026-07-01T07:58:21Z"}]
[15:58:50] [DEVICE] << [2,"8eb16df9-ef6a-48fb-82cc-b4624757e4fd","StatusNotification",{"connectorId":1, "errorCode":"NoError", "status":"Available","info":"","timestamp":"2026-07-01T07:58:49.412Z","vendorId":"NA","vendorErrorCode":""}]
[15:58:50] [DEVICE] >> [3,"8eb16df9-ef6a-48fb-82cc-b4624757e4fd",{}]
[15:59:21] [DEVICE] << [2,"6ba67eba-e01c-4510-8752-469adad9a4b9","Heartbeat",{}]
[15:59:21] [DEVICE] >> [3,"6ba67eba-e01c-4510-8752-469adad9a4b9",{"currentTime":"2026-07-01T07:59:21Z"}]
[15:59:25] [DEVICE] << [2,"7199cc86-f5f3-48e6-a1c3-f73ca517d816","StatusNotification",{"connectorId":1, "errorCode":"NoError", "status":"Preparing","info":"","timestamp":"2026-07-01T07:59:24.100Z","vendorId":"NA","vendorErrorCode":""}]
[15:59:25] [DEVICE] >> [3,"7199cc86-f5f3-48e6-a1c3-f73ca517d816",{}]
[15:59:43] [DEVICE] << [2,"5c7209ce-e475-401e-8c2b-5f081e9e871b","StatusNotification",{"connectorId":1, "errorCode":"NoError", "status":"Preparing","info":"","timestamp":"2026-07-01T07:59:42.734Z","vendorId":"NA","vendorErrorCode":"5b0a"}]
[15:59:43] [DEVICE] >> [3,"5c7209ce-e475-401e-8c2b-5f081e9e871b",{}]
[15:59:50] [DEVICE] << [2,"abcf4351-e295-46a4-81cd-9d8c8fb007c6","StatusNotification",{"connectorId":1, "errorCode":"NoError", "status":"Finishing","info":"","timestamp":"2026-07-01T07:59:49.348Z","vendorId":"NA","vendorErrorCode":"5b0a"}]
[15:59:50] [DEVICE] >> [3,"abcf4351-e295-46a4-81cd-9d8c8fb007c6",{}]
[16:00:21] [DEVICE] << [2,"ca623086-8748-4071-97a4-9fe8006280e5","Heartbeat",{}]
[16:00:21] [DEVICE] >> [3,"ca623086-8748-4071-97a4-9fe8006280e5",{"currentTime":"2026-07-01T08:00:21Z"}]
[16:00:34] [DEVICE] << [2,"9281ec5f-adb6-4954-921a-dda27e7a9ed1","StatusNotification",{"connectorId":1, "errorCode":"NoError", "status":"Finishing","info":"","timestamp":"2026-07-01T08:00:33.848Z","vendorId":"NA","vendorErrorCode":""}]
[16:00:35] [DEVICE] >> [3,"9281ec5f-adb6-4954-921a-dda27e7a9ed1",{}]
[16:00:42] [DEVICE] << [2,"113f86ee-784a-4967-a1b8-46819f414bbd","StatusNotification",{"connectorId":1, "errorCode":"NoError", "status":"Preparing","info":"","timestamp":"2026-07-01T08:00:41.676Z","vendorId":"NA","vendorErrorCode":""}]
[16:00:42] [DEVICE] >> [3,"113f86ee-784a-4967-a1b8-46819f414bbd",{}]
[16:01:05] [DEVICE] << [2,"c06f6379-1b80-4bc6-8083-2ab35a9a4de2","StatusNotification",{"connectorId":1, "errorCode":"NoError", "status":"Preparing","info":"","timestamp":"2026-07-01T08:01:03.922Z","vendorId":"NA","vendorErrorCode":"5b0a"}]
[16:01:05] [DEVICE] >> [3,"c06f6379-1b80-4bc6-8083-2ab35a9a4de2",{}]
[16:01:10] [DEVICE] << [2,"3a9a116e-fde8-40dd-9f51-ab190bc0c6df","StatusNotification",{"connectorId":1, "errorCode":"NoError", "status":"Finishing","info":"","timestamp":"2026-07-01T08:01:09.332Z","vendorId":"NA","vendorErrorCode":"5b0a"}]
[16:01:10] [DEVICE] >> [3,"3a9a116e-fde8-40dd-9f51-ab190bc0c6df",{}]
[16:01:21] [DEVICE] << [2,"930ad975-4cc0-49ee-9f59-bb1ed14bdeae","Heartbeat",{}]
[16:01:21] [DEVICE] >> [3,"930ad975-4cc0-49ee-9f59-bb1ed14bdeae",{"currentTime":"2026-07-01T08:01:21Z"}]
[16:02:01] [DEVICE] << [2,"05a29257-ffab-4397-b91a-9526e54838e9","StatusNotification",{"connectorId":1, "errorCode":"NoError", "status":"Available","info":"","timestamp":"2026-07-01T08:02:00.445Z","vendorId":"NA","vendorErrorCode":""}]
[16:02:01] [DEVICE] >> [3,"05a29257-ffab-4397-b91a-9526e54838e9",{}]
[16:02:21] [DEVICE] << [2,"51e83827-dabd-4278-b650-05b7e590c46f","Heartbeat",{}]
[16:02:21] [DEVICE] >> [3,"51e83827-dabd-4278-b650-05b7e590c46f",{"currentTime":"2026-07-01T08:02:21Z"}]
[16:03:21] [DEVICE] << [2,"44e730b0-ab21-4a85-87f1-2424e11030b9","Heartbeat",{}]
[16:03:21] [DEVICE] >> [3,"44e730b0-ab21-4a85-87f1-2424e11030b9",{"currentTime":"2026-07-01T08:03:21Z"}]
[16:04:03] [DEVICE] << [2,"4495be70-a7ef-4eee-a3f0-040cb40c9d32","StatusNotification",{"connectorId":1, "errorCode":"NoError", "status":"Preparing","info":"","timestamp":"2026-07-01T08:04:02.518Z","vendorId":"NA","vendorErrorCode":""}]
[16:04:03] [DEVICE] >> [3,"4495be70-a7ef-4eee-a3f0-040cb40c9d32",{}]
[16:04:21] [DEVICE] << [2,"910040fa-0bd7-47e3-b6cc-b8981f930bbd","Heartbeat",{}]
[16:04:21] [DEVICE] >> [3,"910040fa-0bd7-47e3-b6cc-b8981f930bbd",{"currentTime":"2026-07-01T08:04:21Z"}]
[16:04:23] [DEVICE] << [2,"d513ece9-60e5-4f9d-9205-289b1818a203","DataTransfer",{"vendorId":"org.openchargealliance.iso15118pnc","messageId":"Authorize","data":"{\"certificate\":\"-----BEGIN CERTIFICATE-----\nMIIB2DCCAX2gAwIBAgIBDzAKBggqhkjOPQQDAjBPMSAwHgYDVQQDDBdQS0ktMV9D\nUlRfTU9fU1VCMl9WQUxJRDEeMBwGA1UECgwVS2V5c2lnaHQgVGVjaG5vbG9naWVz\nMQswCQYDVQQGEwJERTAeFw0yNTEwMjEwODM3NTNaFw0yNzEwMTYwODM3NTNaMDkx\nFzAVBgNVBAMMDkRFMUFCQ0QyRUYzNTdBMR4wHAYDVQQKDBVLZXlzaWdodCBUZWNo\nbm9sb2dpZXMwWTATBgcqhkjOPQIBBggqhkjOPQMBBwNCAAR7H5...
[16:04:23] [DEVICE] >> [3,"d513ece9-60e5-4f9d-9205-289b1818a203",{"status":"Rejected"}]
[16:04:25] [DEVICE] << [2,"841256ec-862b-45ff-b21c-fd9557a64b75","StatusNotification",{"connectorId":1, "errorCode":"NoError", "status":"Charging","info":"","timestamp":"2026-07-01T08:04:24.763Z","vendorId":"NA","vendorErrorCode":""}]
[16:04:26] [DEVICE] >> [3,"841256ec-862b-45ff-b21c-fd9557a64b75",{}]
[16:05:21] [DEVICE] << [2,"7789b35a-0ee2-4642-aeed-c99343befbdb","Heartbeat",{}]
[16:05:21] [DEVICE] >> [3,"7789b35a-0ee2-4642-aeed-c99343befbdb",{"currentTime":"2026-07-01T08:05:21Z"}]
[16:05:26] [DEVICE] << [2,"9d9f2e5a-0a6e-4a6f-ba43-9caf0ce09ea4","StartTransaction",{"connectorId":1, "idTag":"", "meterStart":0, "timestamp":""}]
[16:05:26] [DEVICE] >> [3,"9d9f2e5a-0a6e-4a6f-ba43-9caf0ce09ea4",{"idTagInfo":{"status":"Accepted"},"transactionId":1}]
[16:05:26] [DEVICE] << [2,"399bc693-ff40-4c15-bbcb-d5649c716d8a","MeterValues",{"connectorId":1,"transactionId":1,"meterValue":[{"timestamp":"2026-07-01T08:05:25.506Z", "sampledValue":[{"format":"Raw", "value":"0.00", "location":"Outlet", "context":"Transaction.Begin", "measurand":"Voltage", "unit":"V"}, {"format":"Raw", "value":"0", "location":"Outlet", "context":"Transaction.Begin", "measurand":"Temperature", "unit":"Celsius"}, {"format":"Raw", "value":"0.00", "location":"Outlet", "context":"Transaction.Begin", "mea...
[16:05:26] [DEVICE] >> [3,"399bc693-ff40-4c15-bbcb-d5649c716d8a",{}]
[16:05:27] [DEVICE] << [2,"30d601fc-3ae7-40ed-a011-4473ba4b4442","StatusNotification",{"connectorId":1, "errorCode":"NoError", "status":"Charging","info":"","timestamp":"2026-07-01T08:05:26.709Z","vendorId":"NA","vendorErrorCode":"1112"}]
[16:05:27] [DEVICE] >> [3,"30d601fc-3ae7-40ed-a011-4473ba4b4442",{}]
[16:05:33] [DEVICE] << [2,"e59d5d50-3970-4dc2-8f55-cf4a3c1684ee","StatusNotification",{"connectorId":1, "errorCode":"NoError", "status":"Finishing","info":"","timestamp":"2026-07-01T08:05:32.722Z","vendorId":"NA","vendorErrorCode":"1112"}]
[16:05:33] [DEVICE] >> [3,"e59d5d50-3970-4dc2-8f55-cf4a3c1684ee",{}]
[16:06:21] [DEVICE] << [2,"31c39af6-fc75-4bff-bc1b-a05a92d1102a","Heartbeat",{}]
[16:06:21] [DEVICE] >> [3,"31c39af6-fc75-4bff-bc1b-a05a92d1102a",{"currentTime":"2026-07-01T08:06:21Z"}]
[16:07:21] [DEVICE] << [2,"b81f8ac8-923b-4460-b328-a7e0601cb7ac","Heartbeat",{}]
[16:07:21] [DEVICE] >> [3,"b81f8ac8-923b-4460-b328-a7e0601cb7ac",{"currentTime":"2026-07-01T08:07:21Z"}]
[16:08:21] [DEVICE] << [2,"eeadf81d-8177-484d-a12a-28ff2750103e","Heartbeat",{}]
[16:08:21] [DEVICE] >> [3,"eeadf81d-8177-484d-a12a-28ff2750103e",{"currentTime":"2026-07-01T08:08:21Z"}]
[16:09:21] [DEVICE] << [2,"9ae55b9c-d4e5-439c-bb79-559b8a94a067","Heartbeat",{}]
[16:09:21] [DEVICE] >> [3,"9ae55b9c-d4e5-439c-bb79-559b8a94a067",{"currentTime":"2026-07-01T08:09:21Z"}]
[16:10:21] [DEVICE] << [2,"c9bc7d12-d569-4655-9894-1caa0e661136","Heartbeat",{}]
[16:10:21] [DEVICE] >> [3,"c9bc7d12-d569-4655-9894-1caa0e661136",{"currentTime":"2026-07-01T08:10:21Z"}]
[16:11:21] [DEVICE] << [2,"4fc5a6dd-bf33-480c-8c1b-881e73078497","Heartbeat",{}]
[16:11:21] [DEVICE] >> [3,"4fc5a6dd-bf33-480c-8c1b-881e73078497",{"currentTime":"2026-07-01T08:11:21Z"}]
[16:12:21] [DEVICE] << [2,"a6c74ccc-222f-49c0-81be-4320d87f50a9","Heartbeat",{}]
[16:12:22] [DEVICE] >> [3,"a6c74ccc-222f-49c0-81be-4320d87f50a9",{"currentTime":"2026-07-01T08:12:22Z"}]
[16:13:21] [DEVICE] << [2,"74d2df95-d378-498f-a2d8-c975783fb663","Heartbeat",{}]
[16:13:22] [DEVICE] >> [3,"74d2df95-d378-498f-a2d8-c975783fb663",{"currentTime":"2026-07-01T08:13:22Z"}]
[16:14:21] [DEVICE] << [2,"7ad887b9-04d7-449b-8c5b-3513476200c5","Heartbeat",{}]
[16:14:22] [DEVICE] >> [3,"7ad887b9-04d7-449b-8c5b-3513476200c5",{"currentTime":"2026-07-01T08:14:22Z"}]
[16:15:22] [DEVICE] << [2,"cbdb48b2-e2fd-4b7f-aaab-4f340726a26a","Heartbeat",{}]
[16:15:22] [DEVICE] >> [3,"cbdb48b2-e2fd-4b7f-aaab-4f340726a26a",{"currentTime":"2026-07-01T08:15:22Z"}]
[16:16:22] [DEVICE] << [2,"6b827b5b-bceb-4d09-9317-e64f5440f224","Heartbeat",{}]
[16:16:22] [DEVICE] >> [3,"6b827b5b-bceb-4d09-9317-e64f5440f224",{"currentTime":"2026-07-01T08:16:22Z"}]
[16:17:22] [DEVICE] << [2,"7547afa0-0d97-467f-9f0d-3044a52ca867","Heartbeat",{}]
[16:17:22] [DEVICE] >> [3,"7547afa0-0d97-467f-9f0d-3044a52ca867",{"currentTime":"2026-07-01T08:17:22Z"}]
[16:18:22] [DEVICE] << [2,"1e7b88b6-bca6-4635-98ec-b6ac457559ae","Heartbeat",{}]
[16:18:22] [DEVICE] >> [3,"1e7b88b6-bca6-4635-98ec-b6ac457559ae",{"currentTime":"2026-07-01T08:18:22Z"}]
[16:19:22] [DEVICE] << [2,"631937cf-848b-4362-8ad9-18375253a826","Heartbeat",{}]
[16:19:22] [DEVICE] >> [3,"631937cf-848b-4362-8ad9-18375253a826",{"currentTime":"2026-07-01T08:19:22Z"}]
[16:20:22] [DEVICE] << [2,"c657ef63-37d1-4f74-a181-abae996f94e4","Heartbeat",{}]
[16:20:22] [DEVICE] >> [3,"c657ef63-37d1-4f74-a181-abae996f94e4",{"currentTime":"2026-07-01T08:20:22Z"}]
[16:21:22] [DEVICE] << [2,"8182763d-186b-4b55-913e-febab90968d9","Heartbeat",{}]
[16:21:22] [DEVICE] >> [3,"8182763d-186b-4b55-913e-febab90968d9",{"currentTime":"2026-07-01T08:21:22Z"}]
[16:22:22] [DEVICE] << [2,"b612ac78-57c8-45f1-8de4-9dad89c6991c","Heartbeat",{}]
[16:22:22] [DEVICE] >> [3,"b612ac78-57c8-45f1-8de4-9dad89c6991c",{"currentTime":"2026-07-01T08:22:22Z"}]
[16:23:22] [DEVICE] << [2,"0180fa17-4b5b-4218-ba47-72af34db10fd","Heartbeat",{}]
[16:23:22] [DEVICE] >> [3,"0180fa17-4b5b-4218-ba47-72af34db10fd",{"currentTime":"2026-07-01T08:23:22Z"}]
[16:24:22] [DEVICE] << [2,"8296b70c-74bf-4dfc-917c-c0387d0b4692","Heartbeat",{}]
[16:24:22] [DEVICE] >> [3,"8296b70c-74bf-4dfc-917c-c0387d0b4692",{"currentTime":"2026-07-01T08:24:22Z"}]
[16:24:49] [DEVICE] << [2,"2fd64138-9699-4268-a8dd-b136b7c2b7a2","StatusNotification",{"connectorId":1, "errorCode":"NoError", "status":"Available","info":"","timestamp":"2026-07-01T08:24:48.053Z","vendorId":"NA","vendorErrorCode":""}]
[16:24:49] [DEVICE] >> [3,"2fd64138-9699-4268-a8dd-b136b7c2b7a2",{}]
[16:24:56] [DEVICE] << [2,"ca68b97a-d800-4258-922d-fb89050cc5d1","StatusNotification",{"connectorId":1, "errorCode":"NoError", "status":"Preparing","info":"","timestamp":"2026-07-01T08:24:55.272Z","vendorId":"NA","vendorErrorCode":""}]
[16:24:56] [DEVICE] >> [3,"ca68b97a-d800-4258-922d-fb89050cc5d1",{}]
[16:25:14] [DEVICE] << [2,"91248fc9-bbf9-430d-816c-c0f0e569750c","DataTransfer",{"vendorId":"org.openchargealliance.iso15118pnc","messageId":"Get15118EVCertificate","data":"{\"iso15118SchemaVersion\":\"iso:std:iso:15118:-2:DC\",\"action\":\"Install\",\"exiRequest\":\"gJgCDAwMDAwMDAxKiVodHRwOi8vd3d3LnczLm9yZy9UUi9jYW5vbmljYWwtZXhpL0NWh0dHA6Ly93d3cudzMub3JnLzIwMDEvMDQveG1sZHNpZy1tb3JlI2VjZHNhLXNoYTI1NkQORpKIYGIErQ6OjgdF5e7u7uXO5mXN7kzl6opF7Gwtze3NLGwthayvDSXpClodHRwOi8vd3d3LnczLm9yZy8yMDAxLzA0L3htbGVuYyNzaGEyNTZCBnj6OYf...
[16:25:14] [DEVICE] >> [3,"91248fc9-bbf9-430d-816c-c0f0e569750c",{"data":"{\"exiResponse\":\"gJgCDAwMDAwMDAxKiVodHRwOi8vd3d3LnczLm9yZy9UUi9jYW5vbmljYWwtZXhpL0NWh0dHA6Ly93d3cudzMub3JnLzIwMDEvMDQveG1sZHNpZy1tb3JlI2VjZHNhLXNoYTI1NkQORpKIYGQErQ6OjgdF5e7u7uXO5mXN7kzl6opF7Gwtze3NLGwthayvDSXpClodHRwOi8vd3d3LnczLm9yZy8yMDAxLzA0L3htbGVuYyNzaGEyNTZCD//////////////////////////////////////////wQORpKIYGgErQ6OjgdF5e7u7uXO5mXN7kzl6opF7Gwtze3NLGwthayvDSXpClodHRwOi8vd3d3LnczLm9yZy8yMDAxLzA0L3htbGVuYyNzaGEyNTZCD////////////////////////...
[16:25:22] [DEVICE] << [2,"c17498e2-b687-4ab9-959c-4e1029572f55","Heartbeat",{}]
[16:25:22] [DEVICE] >> [3,"c17498e2-b687-4ab9-959c-4e1029572f55",{"currentTime":"2026-07-01T08:25:22Z"}]
[16:25:48] [DEVICE] << [2,"ec8fbd95-13cc-488a-a9d4-16311eac3ff3","DataTransfer",{"vendorId":"org.openchargealliance.iso15118pnc","messageId":"Get15118EVCertificate","data":"{\"iso15118SchemaVersion\":\"iso:std:iso:15118:-2:DC\",\"action\":\"Install\",\"exiRequest\":\"gJgCDAwMDAwMDAxKiVodHRwOi8vd3d3LnczLm9yZy9UUi9jYW5vbmljYWwtZXhpL0NWh0dHA6Ly93d3cudzMub3JnLzIwMDEvMDQveG1sZHNpZy1tb3JlI2VjZHNhLXNoYTI1NkQORpKIYGIErQ6OjgdF5e7u7uXO5mXN7kzl6opF7Gwtze3NLGwthayvDSXpClodHRwOi8vd3d3LnczLm9yZy8yMDAxLzA0L3htbGVuYyNzaGEyNTZCBnj6OYf...
[16:25:48] [DEVICE] >> [3,"ec8fbd95-13cc-488a-a9d4-16311eac3ff3",{"data":"{\"exiResponse\":\"gJgCDAwMDAwMDAxKiVodHRwOi8vd3d3LnczLm9yZy9UUi9jYW5vbmljYWwtZXhpL0NWh0dHA6Ly93d3cudzMub3JnLzIwMDEvMDQveG1sZHNpZy1tb3JlI2VjZHNhLXNoYTI1NkQORpKIYGQErQ6OjgdF5e7u7uXO5mXN7kzl6opF7Gwtze3NLGwthayvDSXpClodHRwOi8vd3d3LnczLm9yZy8yMDAxLzA0L3htbGVuYyNzaGEyNTZCD//////////////////////////////////////////wQORpKIYGgErQ6OjgdF5e7u7uXO5mXN7kzl6opF7Gwtze3NLGwthayvDSXpClodHRwOi8vd3d3LnczLm9yZy8yMDAxLzA0L3htbGVuYyNzaGEyNTZCD////////////////////////...
[16:26:22] [DEVICE] << [2,"861096e7-deb2-4292-ba55-8ba8d2b1aa89","Heartbeat",{}]
[16:26:22] [DEVICE] >> [3,"861096e7-deb2-4292-ba55-8ba8d2b1aa89",{"currentTime":"2026-07-01T08:26:22Z"}]
[16:27:09] [DEVICE] << [2,"c486a56d-f305-4d17-94d9-c01b5b23729e","StatusNotification",{"connectorId":1, "errorCode":"NoError", "status":"Preparing","info":"","timestamp":"2026-07-01T08:27:07.982Z","vendorId":"NA","vendorErrorCode":"250c"}]
[16:27:09] [DEVICE] >> [3,"c486a56d-f305-4d17-94d9-c01b5b23729e",{}]
[16:27:15] [DEVICE] << [2,"4e37e541-085e-42ec-9eb3-a47c7ad9d364","StatusNotification",{"connectorId":1, "errorCode":"NoError", "status":"Finishing","info":"","timestamp":"2026-07-01T08:27:14.006Z","vendorId":"NA","vendorErrorCode":"250c"}]
[16:27:15] [DEVICE] >> [3,"4e37e541-085e-42ec-9eb3-a47c7ad9d364",{}]
[16:27:21] [DEVICE] << [2,"d9596832-1772-4b53-aabe-4faed83200fd","StatusNotification",{"connectorId":1, "errorCode":"NoError", "status":"Finishing","info":"","timestamp":"2026-07-01T08:27:20.621Z","vendorId":"NA","vendorErrorCode":""}]
[16:27:21] [DEVICE] >> [3,"d9596832-1772-4b53-aabe-4faed83200fd",{}]
[16:27:22] [DEVICE] << [2,"c403174e-f34d-4d1d-9ffa-2a573bc98ae6","Heartbeat",{}]
[16:27:22] [DEVICE] >> [3,"c403174e-f34d-4d1d-9ffa-2a573bc98ae6",{"currentTime":"2026-07-01T08:27:22Z"}]
[16:27:22] [DEVICE] << [2,"28e8f095-44ed-44fc-9b88-f157b16640fe","StatusNotification",{"connectorId":1, "errorCode":"NoError", "status":"Available","info":"","timestamp":"2026-07-01T08:27:21.223Z","vendorId":"NA","vendorErrorCode":""}]
[16:27:22] [DEVICE] >> [3,"28e8f095-44ed-44fc-9b88-f157b16640fe",{}]
[16:28:22] [DEVICE] << [2,"0fa4edd6-66a8-4aed-8799-1add2d5ebfc5","Heartbeat",{}]
[16:28:22] [DEVICE] >> [3,"0fa4edd6-66a8-4aed-8799-1add2d5ebfc5",{"currentTime":"2026-07-01T08:28:22Z"}]
[16:29:22] [DEVICE] << [2,"bb4c4da5-0988-4ac1-9c53-0904f9ceace8","Heartbeat",{}]
[16:29:22] [DEVICE] >> [3,"bb4c4da5-0988-4ac1-9c53-0904f9ceace8",{"currentTime":"2026-07-01T08:29:22Z"}]
[16:30:22] [DEVICE] << [2,"a4ccbe9c-5627-4e74-b16d-d83d8e24ed64","Heartbeat",{}]
[16:30:22] [DEVICE] >> [3,"a4ccbe9c-5627-4e74-b16d-d83d8e24ed64",{"currentTime":"2026-07-01T08:30:22Z"}]
[16:31:22] [DEVICE] << [2,"5d94a764-d901-4429-b3a9-41394a2d9e82","Heartbeat",{}]
[16:31:22] [DEVICE] >> [3,"5d94a764-d901-4429-b3a9-41394a2d9e82",{"currentTime":"2026-07-01T08:31:22Z"}]
[16:32:22] [DEVICE] << [2,"fd336430-4cd8-4400-8102-ca2353a6c479","Heartbeat",{}]
[16:32:22] [DEVICE] >> [3,"fd336430-4cd8-4400-8102-ca2353a6c479",{"currentTime":"2026-07-01T08:32:22Z"}]
[16:33:22] [DEVICE] << [2,"6578ca54-af61-460d-a703-c6fba549c749","Heartbeat",{}]
[16:33:22] [DEVICE] >> [3,"6578ca54-af61-460d-a703-c6fba549c749",{"currentTime":"2026-07-01T08:33:22Z"}]
[16:34:22] [DEVICE] << [2,"3f70f5ff-9243-4436-8ad5-a389585e2972","Heartbeat",{}]
[16:34:22] [DEVICE] >> [3,"3f70f5ff-9243-4436-8ad5-a389585e2972",{"currentTime":"2026-07-01T08:34:22Z"}]
[16:35:22] [DEVICE] << [2,"5a004b2c-095f-4ae3-9228-e24e530e28ee","Heartbeat",{}]
[16:35:22] [DEVICE] >> [3,"5a004b2c-095f-4ae3-9228-e24e530e28ee",{"currentTime":"2026-07-01T08:35:22Z"}]
[16:36:22] [DEVICE] << [2,"b829a2be-d8a9-4244-b106-acf08d5517c9","Heartbeat",{}]
[16:36:22] [DEVICE] >> [3,"b829a2be-d8a9-4244-b106-acf08d5517c9",{"currentTime":"2026-07-01T08:36:22Z"}]
[16:37:22] [DEVICE] << [2,"013b2d38-03cc-43e9-8433-47408ed89f67","Heartbeat",{}]
[16:37:22] [DEVICE] >> [3,"013b2d38-03cc-43e9-8433-47408ed89f67",{"currentTime":"2026-07-01T08:37:22Z"}]
[16:38:22] [DEVICE] << [2,"67504d91-b28f-4600-a900-d228c620fee4","Heartbeat",{}]
[16:38:22] [DEVICE] >> [3,"67504d91-b28f-4600-a900-d228c620fee4",{"currentTime":"2026-07-01T08:38:22Z"}]
[16:39:22] [DEVICE] << [2,"30978269-7096-4826-aef2-ede104c9220f","Heartbeat",{}]
[16:39:22] [DEVICE] >> [3,"30978269-7096-4826-aef2-ede104c9220f",{"currentTime":"2026-07-01T08:39:22Z"}]
[16:39:40] [DEVICE] << [2,"dd75f360-852d-4a5c-9db3-5d7b5b71a5d5","StatusNotification",{"connectorId":1, "errorCode":"NoError", "status":"Preparing","info":"","timestamp":"2026-07-01T08:39:39.418Z","vendorId":"NA","vendorErrorCode":""}]
[16:39:40] [DEVICE] >> [3,"dd75f360-852d-4a5c-9db3-5d7b5b71a5d5",{}]
[16:39:58] [DEVICE] << [2,"7252aed5-dfb4-43ce-852e-325ad186c030","DataTransfer",{"vendorId":"org.openchargealliance.iso15118pnc","messageId":"Get15118EVCertificate","data":"{\"iso15118SchemaVersion\":\"iso:std:iso:15118:-2:DC\",\"action\":\"Install\",\"exiRequest\":\"gJgCDAwMDAwMDAxKiVodHRwOi8vd3d3LnczLm9yZy9UUi9jYW5vbmljYWwtZXhpL0NWh0dHA6Ly93d3cudzMub3JnLzIwMDEvMDQveG1sZHNpZy1tb3JlI2VjZHNhLXNoYTI1NkQORpKIYGIErQ6OjgdF5e7u7uXO5mXN7kzl6opF7Gwtze3NLGwthayvDSXpClodHRwOi8vd3d3LnczLm9yZy8yMDAxLzA0L3htbGVuYyNzaGEyNTZCBnj6OYf...
[16:39:58] [DEVICE] >> [3,"7252aed5-dfb4-43ce-852e-325ad186c030",{"data":"{\"exiResponse\":\"gJgCDAwMDAwMDAxKiVodHRwOi8vd3d3LnczLm9yZy9UUi9jYW5vbmljYWwtZXhpL0NWh0dHA6Ly93d3cudzMub3JnLzIwMDEvMDQveG1sZHNpZy1tb3JlI2VjZHNhLXNoYTI1NkQORpKIYGQErQ6OjgdF5e7u7uXO5mXN7kzl6opF7Gwtze3NLGwthayvDSXpClodHRwOi8vd3d3LnczLm9yZy8yMDAxLzA0L3htbGVuYyNzaGEyNTZCD//////////////////////////////////////////wQORpKIYGgErQ6OjgdF5e7u7uXO5mXN7kzl6opF7Gwtze3NLGwthayvDSXpClodHRwOi8vd3d3LnczLm9yZy8yMDAxLzA0L3htbGVuYyNzaGEyNTZCD////////////////////////...
[16:40:22] [DEVICE] << [2,"500715a1-6b0e-474f-8c38-b0d31e3aa6b8","Heartbeat",{}]
[16:40:22] [DEVICE] >> [3,"500715a1-6b0e-474f-8c38-b0d31e3aa6b8",{"currentTime":"2026-07-01T08:40:22Z"}]
[16:41:22] [DEVICE] << [2,"0f7e60c6-9a69-480d-ad5a-851c2f7d0538","Heartbeat",{}]
[16:41:22] [DEVICE] >> [3,"0f7e60c6-9a69-480d-ad5a-851c2f7d0538",{"currentTime":"2026-07-01T08:41:22Z"}]
[16:41:53] [DEVICE] << [2,"7451a34e-e950-4123-989b-f87af692da71","StatusNotification",{"connectorId":1, "errorCode":"NoError", "status":"Preparing","info":"","timestamp":"2026-07-01T08:41:52.141Z","vendorId":"NA","vendorErrorCode":"250c"}]
[16:41:53] [DEVICE] >> [3,"7451a34e-e950-4123-989b-f87af692da71",{}]
[16:41:59] [DEVICE] << [2,"43ccf0ad-68e2-4dfe-b79d-3f06427ec03b","StatusNotification",{"connectorId":1, "errorCode":"NoError", "status":"Finishing","info":"","timestamp":"2026-07-01T08:41:58.155Z","vendorId":"NA","vendorErrorCode":"250c"}]
[16:41:59] [DEVICE] >> [3,"43ccf0ad-68e2-4dfe-b79d-3f06427ec03b",{}]
[16:42:05] [DEVICE] << [2,"0bb729b1-97ce-42b1-8f54-4562c1ff3742","StatusNotification",{"connectorId":1, "errorCode":"NoError", "status":"Finishing","info":"","timestamp":"2026-07-01T08:42:04.769Z","vendorId":"NA","vendorErrorCode":""}]
[16:42:05] [DEVICE] >> [3,"0bb729b1-97ce-42b1-8f54-4562c1ff3742",{}]
[16:42:06] [DEVICE] << [2,"318abba2-b65d-4281-a710-ebc15db09d0a","StatusNotification",{"connectorId":1, "errorCode":"NoError", "status":"Available","info":"","timestamp":"2026-07-01T08:42:05.371Z","vendorId":"NA","vendorErrorCode":""}]
[16:42:06] [DEVICE] >> [3,"318abba2-b65d-4281-a710-ebc15db09d0a",{}]
[16:42:22] [DEVICE] << [2,"51908132-0d36-43b0-b1dd-0560a8889b4b","Heartbeat",{}]
[16:42:22] [DEVICE] >> [3,"51908132-0d36-43b0-b1dd-0560a8889b4b",{"currentTime":"2026-07-01T08:42:22Z"}]
[16:43:22] [DEVICE] << [2,"901a2455-1b05-49ac-bf4c-207e5d1a418e","Heartbeat",{}]
[16:43:22] [DEVICE] >> [3,"901a2455-1b05-49ac-bf4c-207e5d1a418e",{"currentTime":"2026-07-01T08:43:22Z"}]
[16:44:22] [DEVICE] << [2,"64463200-c7a0-4c0b-8c51-524957043cde","Heartbeat",{}]
[16:44:22] [DEVICE] >> [3,"64463200-c7a0-4c0b-8c51-524957043cde",{"currentTime":"2026-07-01T08:44:22Z"}]
[16:45:22] [DEVICE] << [2,"1a5e9b0e-78ee-4ec2-844b-c82c03078049","Heartbeat",{}]
[16:45:22] [DEVICE] >> [3,"1a5e9b0e-78ee-4ec2-844b-c82c03078049",{"currentTime":"2026-07-01T08:45:22Z"}]
[16:46:22] [DEVICE] << [2,"9aa77490-606c-4943-9f9e-c787c276e150","Heartbeat",{}]
[16:46:22] [DEVICE] >> [3,"9aa77490-606c-4943-9f9e-c787c276e150",{"currentTime":"2026-07-01T08:46:22Z"}]
[16:47:22] [DEVICE] << [2,"23233475-2073-4434-beea-00858337192b","Heartbeat",{}]
[16:47:22] [DEVICE] >> [3,"23233475-2073-4434-beea-00858337192b",{"currentTime":"2026-07-01T08:47:22Z"}]
[16:48:22] [DEVICE] << [2,"141a0901-ec39-45f1-b861-31daecf113a1","Heartbeat",{}]
[16:48:22] [DEVICE] >> [3,"141a0901-ec39-45f1-b861-31daecf113a1",{"currentTime":"2026-07-01T08:48:22Z"}]
[16:49:22] [DEVICE] << [2,"e738f873-8da6-4de3-bc3f-263becc7d2ee","Heartbeat",{}]
[16:49:22] [DEVICE] >> [3,"e738f873-8da6-4de3-bc3f-263becc7d2ee",{"currentTime":"2026-07-01T08:49:22Z"}]
[16:50:22] [DEVICE] << [2,"2258d754-4d5c-4415-b841-8b25beb037eb","Heartbeat",{}]
[16:50:22] [DEVICE] >> [3,"2258d754-4d5c-4415-b841-8b25beb037eb",{"currentTime":"2026-07-01T08:50:22Z"}]
[16:51:22] [DEVICE] << [2,"a1929987-dc25-48b2-bff8-e582e0673d65","Heartbeat",{}]
[16:51:22] [DEVICE] >> [3,"a1929987-dc25-48b2-bff8-e582e0673d65",{"currentTime":"2026-07-01T08:51:22Z"}]
[16:52:22] [DEVICE] << [2,"ef6ae50c-4c71-41e6-8394-172f827a3290","Heartbeat",{}]
[16:52:22] [DEVICE] >> [3,"ef6ae50c-4c71-41e6-8394-172f827a3290",{"currentTime":"2026-07-01T08:52:22Z"}]
[16:53:22] [DEVICE] << [2,"f9303b4f-4c28-4460-b604-8913d971e14c","Heartbeat",{}]
[16:53:22] [DEVICE] >> [3,"f9303b4f-4c28-4460-b604-8913d971e14c",{"currentTime":"2026-07-01T08:53:22Z"}]
[16:54:22] [DEVICE] << [2,"f02c285c-6103-4d7c-b5aa-908d83134ab1","Heartbeat",{}]
[16:54:22] [DEVICE] >> [3,"f02c285c-6103-4d7c-b5aa-908d83134ab1",{"currentTime":"2026-07-01T08:54:22Z"}]
[16:55:22] [DEVICE] << [2,"67831a14-670e-412b-9666-bd6817b77370","Heartbeat",{}]
[16:55:22] [DEVICE] >> [3,"67831a14-670e-412b-9666-bd6817b77370",{"currentTime":"2026-07-01T08:55:22Z"}]
