[19:09:07] [DEVICE] << CP-kk-01 [2,"e6d1170e-d830-4161-b381-66569d651ed4","Heartbeat",{}]
[19:09:07] [DEVICE] >> CP-kk-01 [3,"e6d1170e-d830-4161-b381-66569d651ed4",{"currentTime":"2026-06-15T11:09:07Z"}]
[19:10:07] [DEVICE] << CP-kk-01 [2,"91197b57-e359-4b62-8fe0-488ec9c3932a","Heartbeat",{}]
[19:10:07] [DEVICE] >> CP-kk-01 [3,"91197b57-e359-4b62-8fe0-488ec9c3932a",{"currentTime":"2026-06-15T11:10:07Z"}]
[19:11:07] [DEVICE] << CP-kk-01 [2,"7740c4ba-6c40-411a-bc3c-25f442fc4e75","Heartbeat",{}]
[19:11:07] [DEVICE] >> CP-kk-01 [3,"7740c4ba-6c40-411a-bc3c-25f442fc4e75",{"currentTime":"2026-06-15T11:11:07Z"}]
[19:12:07] [DEVICE] << CP-kk-01 [2,"8cdff6ed-746c-4001-8dfd-9cf7ed4674c1","Heartbeat",{}]
[19:12:07] [DEVICE] >> CP-kk-01 [3,"8cdff6ed-746c-4001-8dfd-9cf7ed4674c1",{"currentTime":"2026-06-15T11:12:07Z"}]
[19:13:07] [DEVICE] << CP-kk-01 [2,"af575c91-4ef1-4f76-b806-8bf405f00154","Heartbeat",{}]
[19:13:07] [DEVICE] >> CP-kk-01 [3,"af575c91-4ef1-4f76-b806-8bf405f00154",{"currentTime":"2026-06-15T11:13:07Z"}]
[19:14:07] [DEVICE] << CP-kk-01 [2,"4d7dbd8e-644f-4ac8-83d1-f805e6f28362","Heartbeat",{}]
[19:14:07] [DEVICE] >> CP-kk-01 [3,"4d7dbd8e-644f-4ac8-83d1-f805e6f28362",{"currentTime":"2026-06-15T11:14:07Z"}]
[19:15:07] [DEVICE] << CP-kk-01 [2,"81c7e705-b7a0-4457-9605-0d4ff02e48ca","Heartbeat",{}]
[19:15:07] [DEVICE] >> CP-kk-01 [3,"81c7e705-b7a0-4457-9605-0d4ff02e48ca",{"currentTime":"2026-06-15T11:15:07Z"}]
[19:16:07] [DEVICE] << CP-kk-01 [2,"8a3f8b9c-4245-44ca-ad81-65a579ea7f1b","Heartbeat",{}]
[19:16:07] [DEVICE] >> CP-kk-01 [3,"8a3f8b9c-4245-44ca-ad81-65a579ea7f1b",{"currentTime":"2026-06-15T11:16:07Z"}]
[19:17:07] [DEVICE] << CP-kk-01 [2,"4cb70d91-d0b1-4806-aecb-e9ee5ea4a2d8","Heartbeat",{}]
[19:17:07] [DEVICE] >> CP-kk-01 [3,"4cb70d91-d0b1-4806-aecb-e9ee5ea4a2d8",{"currentTime":"2026-06-15T11:17:07Z"}]
[19:21:07] [DEVICE] << CP-kk-01 [2,"d19e8fa5-ff90-43d6-b0c5-6ece0425bd5a","Heartbeat",{}]
[19:21:07] [DEVICE] >> CP-kk-01 [3,"d19e8fa5-ff90-43d6-b0c5-6ece0425bd5a",{"currentTime":"2026-06-15T11:21:07Z"}]
[19:22:07] [DEVICE] << CP-kk-01 [2,"18339f42-22b1-4a66-8ebc-c261ce01e9dc","Heartbeat",{}]
[19:22:07] [DEVICE] >> CP-kk-01 [3,"18339f42-22b1-4a66-8ebc-c261ce01e9dc",{"currentTime":"2026-06-15T11:22:07Z"}]
[19:23:07] [DEVICE] << CP-kk-01 [2,"fe6de208-6a4c-4227-8f96-b5ce41b413be","Heartbeat",{}]
[19:23:07] [DEVICE] >> CP-kk-01 [3,"fe6de208-6a4c-4227-8f96-b5ce41b413be",{"currentTime":"2026-06-15T11:23:07Z"}]
[19:24:08] [DEVICE] << CP-kk-01 [2,"e4304507-8366-4769-9ab5-d018a6e204af","Heartbeat",{}]
[19:24:08] [DEVICE] >> CP-kk-01 [3,"e4304507-8366-4769-9ab5-d018a6e204af",{"currentTime":"2026-06-15T11:24:08Z"}]
[19:25:08] [DEVICE] << CP-kk-01 [2,"30a818fc-47c2-4f8e-ada1-c074ced06f1e","Heartbeat",{}]
[19:25:08] [DEVICE] >> CP-kk-01 [3,"30a818fc-47c2-4f8e-ada1-c074ced06f1e",{"currentTime":"2026-06-15T11:25:08Z"}]
[19:26:08] [DEVICE] << CP-kk-01 [2,"9d4db640-5222-44cc-84a3-03f8e970f921","Heartbeat",{}]
[19:26:08] [DEVICE] >> CP-kk-01 [3,"9d4db640-5222-44cc-84a3-03f8e970f921",{"currentTime":"2026-06-15T11:26:08Z"}]
[19:27:08] [DEVICE] << CP-kk-01 [2,"0c16a97b-08ec-49bc-85a9-3ae8ac02917e","Heartbeat",{}]
[19:27:08] [DEVICE] >> CP-kk-01 [3,"0c16a97b-08ec-49bc-85a9-3ae8ac02917e",{"currentTime":"2026-06-15T11:27:08Z"}]
[19:28:08] [DEVICE] << CP-kk-01 [2,"6ae434ac-3597-4bc1-882d-1254cb874c65","Heartbeat",{}]
[19:28:08] [DEVICE] >> CP-kk-01 [3,"6ae434ac-3597-4bc1-882d-1254cb874c65",{"currentTime":"2026-06-15T11:28:08Z"}]
[19:29:08] [DEVICE] << CP-kk-01 [2,"64b505e3-6ba2-4e2f-8abe-75d4dc62cb74","Heartbeat",{}]
[19:29:08] [DEVICE] >> CP-kk-01 [3,"64b505e3-6ba2-4e2f-8abe-75d4dc62cb74",{"currentTime":"2026-06-15T11:29:08Z"}]
[19:30:08] [DEVICE] << CP-kk-01 [2,"20f6ae92-5ff4-407d-9484-413f5eef1205","Heartbeat",{}]
[19:30:08] [DEVICE] >> CP-kk-01 [3,"20f6ae92-5ff4-407d-9484-413f5eef1205",{"currentTime":"2026-06-15T11:30:08Z"}]
[19:31:08] [DEVICE] << CP-kk-01 [2,"3a983ac4-6571-4418-93fb-53f3f445bf3f","Heartbeat",{}]
[19:31:08] [DEVICE] >> CP-kk-01 [3,"3a983ac4-6571-4418-93fb-53f3f445bf3f",{"currentTime":"2026-06-15T11:31:08Z"}]
[19:32:08] [DEVICE] << CP-kk-01 [2,"d8c4a16e-2813-4ede-8cb8-69ac8e58544c","Heartbeat",{}]
[19:32:08] [DEVICE] >> CP-kk-01 [3,"d8c4a16e-2813-4ede-8cb8-69ac8e58544c",{"currentTime":"2026-06-15T11:32:08Z"}]
[19:33:08] [DEVICE] << CP-kk-01 [2,"5911f18c-9ebe-4ad8-8175-e78f1b505cf5","Heartbeat",{}]
[19:33:08] [DEVICE] >> CP-kk-01 [3,"5911f18c-9ebe-4ad8-8175-e78f1b505cf5",{"currentTime":"2026-06-15T11:33:08Z"}]
[19:34:08] [DEVICE] << CP-kk-01 [2,"452de11b-8713-4611-90aa-f5a70923b0a3","Heartbeat",{}]
[19:34:08] [DEVICE] >> CP-kk-01 [3,"452de11b-8713-4611-90aa-f5a70923b0a3",{"currentTime":"2026-06-15T11:34:08Z"}]
[19:35:08] [DEVICE] << CP-kk-01 [2,"8bc757f7-aa34-48ba-9f24-b129bb0808c7","Heartbeat",{}]
[19:35:08] [DEVICE] >> CP-kk-01 [3,"8bc757f7-aa34-48ba-9f24-b129bb0808c7",{"currentTime":"2026-06-15T11:35:08Z"}]
[19:36:08] [DEVICE] << CP-kk-01 [2,"884d8044-111f-4d3c-af65-ab4092a3f349","Heartbeat",{}]
[19:36:08] [DEVICE] >> CP-kk-01 [3,"884d8044-111f-4d3c-af65-ab4092a3f349",{"currentTime":"2026-06-15T11:36:08Z"}]
[19:37:08] [DEVICE] << CP-kk-01 [2,"f0b25f03-d1f7-4acd-8c74-f3f589cf021b","Heartbeat",{}]
[19:37:08] [DEVICE] >> CP-kk-01 [3,"f0b25f03-d1f7-4acd-8c74-f3f589cf021b",{"currentTime":"2026-06-15T11:37:08Z"}]
[19:38:08] [DEVICE] << CP-kk-01 [2,"077d67c1-af63-446b-bcf5-c3ddee351b0a","Heartbeat",{}]
[19:38:08] [DEVICE] >> CP-kk-01 [3,"077d67c1-af63-446b-bcf5-c3ddee351b0a",{"currentTime":"2026-06-15T11:38:08Z"}]
[19:39:08] [DEVICE] << CP-kk-01 [2,"05060337-d4a4-4e83-bad2-036c1791f66d","Heartbeat",{}]
[19:39:08] [DEVICE] >> CP-kk-01 [3,"05060337-d4a4-4e83-bad2-036c1791f66d",{"currentTime":"2026-06-15T11:39:08Z"}]
[19:40:08] [DEVICE] << CP-kk-01 [2,"34628b77-e4d0-4e62-9c9c-749d7eaa1f29","Heartbeat",{}]
[19:40:08] [DEVICE] >> CP-kk-01 [3,"34628b77-e4d0-4e62-9c9c-749d7eaa1f29",{"currentTime":"2026-06-15T11:40:08Z"}]
[19:41:08] [DEVICE] << CP-kk-01 [2,"d56c1aa6-82a8-4457-ba1b-501fbecfd911","Heartbeat",{}]
[19:41:08] [DEVICE] >> CP-kk-01 [3,"d56c1aa6-82a8-4457-ba1b-501fbecfd911",{"currentTime":"2026-06-15T11:41:08Z"}]
[19:42:08] [DEVICE] << CP-kk-01 [2,"f02b40de-ef4c-49da-a795-1e048a6d664c","Heartbeat",{}]
[19:42:08] [DEVICE] >> CP-kk-01 [3,"f02b40de-ef4c-49da-a795-1e048a6d664c",{"currentTime":"2026-06-15T11:42:08Z"}]
[19:43:08] [DEVICE] << CP-kk-01 [2,"ea595ddf-950b-45e5-8dfa-58bf82f46e89","Heartbeat",{}]
[19:43:08] [DEVICE] >> CP-kk-01 [3,"ea595ddf-950b-45e5-8dfa-58bf82f46e89",{"currentTime":"2026-06-15T11:43:08Z"}]
[19:44:08] [DEVICE] << CP-kk-01 [2,"8b595a56-8194-4058-9830-520f5889ae8b","Heartbeat",{}]
[19:44:08] [DEVICE] >> CP-kk-01 [3,"8b595a56-8194-4058-9830-520f5889ae8b",{"currentTime":"2026-06-15T11:44:08Z"}]
[19:45:08] [DEVICE] << CP-kk-01 [2,"44bb1b54-b539-43ec-af9a-9f569ad03d25","Heartbeat",{}]
[19:45:08] [DEVICE] >> CP-kk-01 [3,"44bb1b54-b539-43ec-af9a-9f569ad03d25",{"currentTime":"2026-06-15T11:45:08Z"}]
[19:46:08] [DEVICE] << CP-kk-01 [2,"ca1a160f-b59b-4d46-9170-1040cb3cc908","Heartbeat",{}]
[19:46:08] [DEVICE] >> CP-kk-01 [3,"ca1a160f-b59b-4d46-9170-1040cb3cc908",{"currentTime":"2026-06-15T11:46:08Z"}]
[19:47:08] [DEVICE] << CP-kk-01 [2,"2fb4e3ea-f4f6-4cf9-9347-eaf371e4a38d","Heartbeat",{}]
[19:47:08] [DEVICE] >> CP-kk-01 [3,"2fb4e3ea-f4f6-4cf9-9347-eaf371e4a38d",{"currentTime":"2026-06-15T11:47:08Z"}]
[19:48:08] [DEVICE] << CP-kk-01 [2,"7fcdbb1d-983f-4d55-8cbe-12d26e653262","Heartbeat",{}]
[19:48:08] [DEVICE] >> CP-kk-01 [3,"7fcdbb1d-983f-4d55-8cbe-12d26e653262",{"currentTime":"2026-06-15T11:48:08Z"}]
[19:49:08] [DEVICE] << CP-kk-01 [2,"acde0939-562a-4de3-a1c0-f26e40693164","Heartbeat",{}]
[19:49:08] [DEVICE] >> CP-kk-01 [3,"acde0939-562a-4de3-a1c0-f26e40693164",{"currentTime":"2026-06-15T11:49:08Z"}]
[19:50:08] [DEVICE] << CP-kk-01 [2,"bbd08fb7-ee9d-468a-bbd6-9261f2a402c1","Heartbeat",{}]
[19:50:08] [DEVICE] >> CP-kk-01 [3,"bbd08fb7-ee9d-468a-bbd6-9261f2a402c1",{"currentTime":"2026-06-15T11:50:08Z"}]
[19:51:08] [DEVICE] << CP-kk-01 [2,"839529e3-5453-478f-93a9-58461b6d456e","Heartbeat",{}]
[19:51:08] [DEVICE] >> CP-kk-01 [3,"839529e3-5453-478f-93a9-58461b6d456e",{"currentTime":"2026-06-15T11:51:08Z"}]
[19:52:08] [DEVICE] << CP-kk-01 [2,"5a8170db-e46b-484e-8c7b-0adac869b3a6","Heartbeat",{}]
[19:52:08] [DEVICE] >> CP-kk-01 [3,"5a8170db-e46b-484e-8c7b-0adac869b3a6",{"currentTime":"2026-06-15T11:52:08Z"}]
[19:53:08] [DEVICE] << CP-kk-01 [2,"8378ece3-d8a5-464e-8143-b6259bc47e3b","Heartbeat",{}]
[19:53:08] [DEVICE] >> CP-kk-01 [3,"8378ece3-d8a5-464e-8143-b6259bc47e3b",{"currentTime":"2026-06-15T11:53:08Z"}]
[19:54:08] [DEVICE] << CP-kk-01 [2,"02664e69-3082-453e-903a-e0a79abadecd","Heartbeat",{}]
[19:54:08] [DEVICE] >> CP-kk-01 [3,"02664e69-3082-453e-903a-e0a79abadecd",{"currentTime":"2026-06-15T11:54:08Z"}]
[19:55:08] [DEVICE] << CP-kk-01 [2,"bae22fac-3fd0-4313-9933-ebf7a09aad6b","Heartbeat",{}]
[19:55:08] [DEVICE] >> CP-kk-01 [3,"bae22fac-3fd0-4313-9933-ebf7a09aad6b",{"currentTime":"2026-06-15T11:55:08Z"}]
[19:56:08] [DEVICE] << CP-kk-01 [2,"cc79fbb8-7cc3-4db8-a3fd-bdc3153ee1ec","Heartbeat",{}]
[19:56:08] [DEVICE] >> CP-kk-01 [3,"cc79fbb8-7cc3-4db8-a3fd-bdc3153ee1ec",{"currentTime":"2026-06-15T11:56:08Z"}]
[19:57:08] [DEVICE] << CP-kk-01 [2,"17df2cbd-d0e6-42b7-be93-2dd355617aa1","Heartbeat",{}]
[19:57:08] [DEVICE] >> CP-kk-01 [3,"17df2cbd-d0e6-42b7-be93-2dd355617aa1",{"currentTime":"2026-06-15T11:57:08Z"}]
[19:58:08] [DEVICE] << CP-kk-01 [2,"7bf08b2e-136c-4619-95b1-74a031e27bcb","Heartbeat",{}]
[19:58:08] [DEVICE] >> CP-kk-01 [3,"7bf08b2e-136c-4619-95b1-74a031e27bcb",{"currentTime":"2026-06-15T11:58:08Z"}]
[19:59:08] [DEVICE] << CP-kk-01 [2,"2c6e0b2a-5431-4466-ac4c-d091a20c4183","Heartbeat",{}]
[19:59:08] [DEVICE] >> CP-kk-01 [3,"2c6e0b2a-5431-4466-ac4c-d091a20c4183",{"currentTime":"2026-06-15T11:59:08Z"}]
[20:00:08] [DEVICE] << CP-kk-01 [2,"9f97393e-8022-49e1-b5f2-9f4ccc3f797d","Heartbeat",{}]
[20:00:08] [DEVICE] >> CP-kk-01 [3,"9f97393e-8022-49e1-b5f2-9f4ccc3f797d",{"currentTime":"2026-06-15T12:00:08Z"}]
[20:01:08] [DEVICE] << CP-kk-01 [2,"1efc044f-60b2-4b59-9c9e-489fbfc07241","Heartbeat",{}]
[20:01:08] [DEVICE] >> CP-kk-01 [3,"1efc044f-60b2-4b59-9c9e-489fbfc07241",{"currentTime":"2026-06-15T12:01:08Z"}]
[20:02:08] [DEVICE] << CP-kk-01 [2,"121bef56-0a8f-4f9d-b5a0-0ce0ef4d5902","Heartbeat",{}]
[20:02:08] [DEVICE] >> CP-kk-01 [3,"121bef56-0a8f-4f9d-b5a0-0ce0ef4d5902",{"currentTime":"2026-06-15T12:02:08Z"}]
[20:03:08] [DEVICE] << CP-kk-01 [2,"6b9dc0da-6d64-41bb-a4b4-024a0f12bd93","Heartbeat",{}]
[20:03:08] [DEVICE] >> CP-kk-01 [3,"6b9dc0da-6d64-41bb-a4b4-024a0f12bd93",{"currentTime":"2026-06-15T12:03:08Z"}]
[20:04:08] [DEVICE] << CP-kk-01 [2,"d480b6cf-3ab2-4783-8f5f-066f217998f0","Heartbeat",{}]
[20:04:08] [DEVICE] >> CP-kk-01 [3,"d480b6cf-3ab2-4783-8f5f-066f217998f0",{"currentTime":"2026-06-15T12:04:08Z"}]
[20:05:08] [DEVICE] << CP-kk-01 [2,"fdc91ae4-8644-408b-be07-a6e51d4e189f","Heartbeat",{}]
[20:05:08] [DEVICE] >> CP-kk-01 [3,"fdc91ae4-8644-408b-be07-a6e51d4e189f",{"currentTime":"2026-06-15T12:05:08Z"}]
[20:06:08] [DEVICE] << CP-kk-01 [2,"bf65ca24-0e04-421e-a38a-f7495c977d9a","Heartbeat",{}]
[20:06:08] [DEVICE] >> CP-kk-01 [3,"bf65ca24-0e04-421e-a38a-f7495c977d9a",{"currentTime":"2026-06-15T12:06:08Z"}]
[20:07:08] [DEVICE] << CP-kk-01 [2,"30226b0e-8d06-4724-92bb-3f372d02d58f","Heartbeat",{}]
[20:07:08] [DEVICE] >> CP-kk-01 [3,"30226b0e-8d06-4724-92bb-3f372d02d58f",{"currentTime":"2026-06-15T12:07:08Z"}]
[20:08:08] [DEVICE] << CP-kk-01 [2,"660194e2-a7ab-4947-95c4-6c655f18cd7b","Heartbeat",{}]
[20:08:08] [DEVICE] >> CP-kk-01 [3,"660194e2-a7ab-4947-95c4-6c655f18cd7b",{"currentTime":"2026-06-15T12:08:08Z"}]
[20:09:09] [DEVICE] << CP-kk-01 [2,"ae605fbc-c461-48cd-b484-be1a990ecf53","Heartbeat",{}]
[20:09:09] [DEVICE] >> CP-kk-01 [3,"ae605fbc-c461-48cd-b484-be1a990ecf53",{"currentTime":"2026-06-15T12:09:09Z"}]
[20:10:09] [DEVICE] << CP-kk-01 [2,"d6e2a7b0-9911-4d55-8861-edad785c0c9d","Heartbeat",{}]
[20:10:09] [DEVICE] >> CP-kk-01 [3,"d6e2a7b0-9911-4d55-8861-edad785c0c9d",{"currentTime":"2026-06-15T12:10:09Z"}]
[20:11:09] [DEVICE] << CP-kk-01 [2,"64b340d1-d642-4eb7-acf3-843bd7f3e94d","Heartbeat",{}]
[20:11:09] [DEVICE] >> CP-kk-01 [3,"64b340d1-d642-4eb7-acf3-843bd7f3e94d",{"currentTime":"2026-06-15T12:11:09Z"}]
[20:12:09] [DEVICE] << CP-kk-01 [2,"2ebb4d70-107a-4599-bed7-e86d69c018a7","Heartbeat",{}]
[20:12:09] [DEVICE] >> CP-kk-01 [3,"2ebb4d70-107a-4599-bed7-e86d69c018a7",{"currentTime":"2026-06-15T12:12:09Z"}]
[20:13:09] [DEVICE] << CP-kk-01 [2,"ee2e05b4-559e-48ba-9ea6-b6a3ad6ec1da","Heartbeat",{}]
[20:13:09] [DEVICE] >> CP-kk-01 [3,"ee2e05b4-559e-48ba-9ea6-b6a3ad6ec1da",{"currentTime":"2026-06-15T12:13:09Z"}]
[20:14:09] [DEVICE] << CP-kk-01 [2,"26f3acd7-206a-4d31-b116-8bc272519f15","Heartbeat",{}]
[20:14:09] [DEVICE] >> CP-kk-01 [3,"26f3acd7-206a-4d31-b116-8bc272519f15",{"currentTime":"2026-06-15T12:14:09Z"}]
[20:15:09] [DEVICE] << CP-kk-01 [2,"f6d39f2c-8ea4-4812-9ba1-f60f8b15c107","Heartbeat",{}]
[20:15:09] [DEVICE] >> CP-kk-01 [3,"f6d39f2c-8ea4-4812-9ba1-f60f8b15c107",{"currentTime":"2026-06-15T12:15:09Z"}]
[20:16:09] [DEVICE] << CP-kk-01 [2,"cd17e531-9ccb-45f3-a1d6-56fe4b37c9d8","Heartbeat",{}]
[20:16:09] [DEVICE] >> CP-kk-01 [3,"cd17e531-9ccb-45f3-a1d6-56fe4b37c9d8",{"currentTime":"2026-06-15T12:16:09Z"}]
[20:17:09] [DEVICE] << CP-kk-01 [2,"eb3a9f0d-cf00-437a-897f-d286110370ea","Heartbeat",{}]
[20:17:09] [DEVICE] >> CP-kk-01 [3,"eb3a9f0d-cf00-437a-897f-d286110370ea",{"currentTime":"2026-06-15T12:17:09Z"}]
[20:18:09] [DEVICE] << CP-kk-01 [2,"484c005e-f143-4c05-b27c-c219215fe369","Heartbeat",{}]
[20:18:09] [DEVICE] >> CP-kk-01 [3,"484c005e-f143-4c05-b27c-c219215fe369",{"currentTime":"2026-06-15T12:18:09Z"}]
[20:19:09] [DEVICE] << CP-kk-01 [2,"cb3b3127-4eb4-445a-bc10-d0b0608ca237","Heartbeat",{}]
[20:19:09] [DEVICE] >> CP-kk-01 [3,"cb3b3127-4eb4-445a-bc10-d0b0608ca237",{"currentTime":"2026-06-15T12:19:09Z"}]
[20:20:09] [DEVICE] << CP-kk-01 [2,"929e277a-789b-4901-b89b-158883ddf036","Heartbeat",{}]
[20:20:09] [DEVICE] >> CP-kk-01 [3,"929e277a-789b-4901-b89b-158883ddf036",{"currentTime":"2026-06-15T12:20:09Z"}]
[20:21:09] [DEVICE] << CP-kk-01 [2,"f4bf594c-4984-47fe-915d-74393a0aa55e","Heartbeat",{}]
[20:21:09] [DEVICE] >> CP-kk-01 [3,"f4bf594c-4984-47fe-915d-74393a0aa55e",{"currentTime":"2026-06-15T12:21:09Z"}]
[20:22:09] [DEVICE] << CP-kk-01 [2,"944c4b4e-f1ca-4af4-aacf-61b51be79dd7","Heartbeat",{}]
[20:22:09] [DEVICE] >> CP-kk-01 [3,"944c4b4e-f1ca-4af4-aacf-61b51be79dd7",{"currentTime":"2026-06-15T12:22:09Z"}]
[20:23:09] [DEVICE] << CP-kk-01 [2,"6a426c15-98a2-4944-899e-14ab254c17a9","Heartbeat",{}]
[20:23:09] [DEVICE] >> CP-kk-01 [3,"6a426c15-98a2-4944-899e-14ab254c17a9",{"currentTime":"2026-06-15T12:23:09Z"}]
[20:24:09] [DEVICE] << CP-kk-01 [2,"719b7da3-3203-4b07-8c42-fd89e9ef0b31","Heartbeat",{}]
[20:24:09] [DEVICE] >> CP-kk-01 [3,"719b7da3-3203-4b07-8c42-fd89e9ef0b31",{"currentTime":"2026-06-15T12:24:09Z"}]
[20:25:09] [DEVICE] << CP-kk-01 [2,"f3be4f48-3b92-4bfc-b95d-a5b9f6d659a3","Heartbeat",{}]
[20:25:09] [DEVICE] >> CP-kk-01 [3,"f3be4f48-3b92-4bfc-b95d-a5b9f6d659a3",{"currentTime":"2026-06-15T12:25:09Z"}]
[20:26:09] [DEVICE] << CP-kk-01 [2,"4c54f05b-87c1-4e78-b4b4-e8f119ccd875","Heartbeat",{}]
[20:26:09] [DEVICE] >> CP-kk-01 [3,"4c54f05b-87c1-4e78-b4b4-e8f119ccd875",{"currentTime":"2026-06-15T12:26:09Z"}]
[20:27:09] [DEVICE] << CP-kk-01 [2,"9b3aee1b-72a1-4c8f-a5b4-7e4dd5b1a069","Heartbeat",{}]
[20:27:09] [DEVICE] >> CP-kk-01 [3,"9b3aee1b-72a1-4c8f-a5b4-7e4dd5b1a069",{"currentTime":"2026-06-15T12:27:09Z"}]
[20:28:09] [DEVICE] << CP-kk-01 [2,"67d6eb58-b0cf-43c5-939c-a0fd3aa1d948","Heartbeat",{}]
[20:28:09] [DEVICE] >> CP-kk-01 [3,"67d6eb58-b0cf-43c5-939c-a0fd3aa1d948",{"currentTime":"2026-06-15T12:28:09Z"}]
[20:29:09] [DEVICE] << CP-kk-01 [2,"19e0fc3a-b814-4a32-a5da-883dbc589e26","Heartbeat",{}]
[20:29:09] [DEVICE] >> CP-kk-01 [3,"19e0fc3a-b814-4a32-a5da-883dbc589e26",{"currentTime":"2026-06-15T12:29:09Z"}]
[20:30:09] [DEVICE] << CP-kk-01 [2,"9b4de297-e739-4485-b2c4-ec90bf9822ba","Heartbeat",{}]
[20:30:09] [DEVICE] >> CP-kk-01 [3,"9b4de297-e739-4485-b2c4-ec90bf9822ba",{"currentTime":"2026-06-15T12:30:09Z"}]
[20:31:09] [DEVICE] << CP-kk-01 [2,"22e059d9-27c8-4772-899b-096452355be2","Heartbeat",{}]
[20:31:09] [DEVICE] >> CP-kk-01 [3,"22e059d9-27c8-4772-899b-096452355be2",{"currentTime":"2026-06-15T12:31:09Z"}]
[20:32:09] [DEVICE] << CP-kk-01 [2,"daf1e049-fde9-4422-b35e-b426d834aea7","Heartbeat",{}]
[20:32:09] [DEVICE] >> CP-kk-01 [3,"daf1e049-fde9-4422-b35e-b426d834aea7",{"currentTime":"2026-06-15T12:32:09Z"}]
[20:33:09] [DEVICE] << CP-kk-01 [2,"ec7393c7-20fc-4715-a74b-5116a6001628","Heartbeat",{}]
[20:33:09] [DEVICE] >> CP-kk-01 [3,"ec7393c7-20fc-4715-a74b-5116a6001628",{"currentTime":"2026-06-15T12:33:09Z"}]
[20:34:09] [DEVICE] << CP-kk-01 [2,"9b074aa0-7c73-4e41-a4e5-840099f228e2","Heartbeat",{}]
[20:34:09] [DEVICE] >> CP-kk-01 [3,"9b074aa0-7c73-4e41-a4e5-840099f228e2",{"currentTime":"2026-06-15T12:34:09Z"}]
[20:35:09] [DEVICE] << CP-kk-01 [2,"5ed653cc-7578-46e7-85e8-7ce036a47b06","Heartbeat",{}]
[20:35:09] [DEVICE] >> CP-kk-01 [3,"5ed653cc-7578-46e7-85e8-7ce036a47b06",{"currentTime":"2026-06-15T12:35:09Z"}]
[20:36:09] [DEVICE] << CP-kk-01 [2,"6f4dc530-e114-4576-8f75-9d7ffcf7cec8","Heartbeat",{}]
[20:36:09] [DEVICE] >> CP-kk-01 [3,"6f4dc530-e114-4576-8f75-9d7ffcf7cec8",{"currentTime":"2026-06-15T12:36:09Z"}]
[20:37:09] [DEVICE] << CP-kk-01 [2,"a1cd865b-998f-4c1b-b3bb-c5642d7fba62","Heartbeat",{}]
[20:37:09] [DEVICE] >> CP-kk-01 [3,"a1cd865b-998f-4c1b-b3bb-c5642d7fba62",{"currentTime":"2026-06-15T12:37:09Z"}]
[20:38:09] [DEVICE] << CP-kk-01 [2,"763b21e9-5611-452f-9376-603887274652","Heartbeat",{}]
[20:38:09] [DEVICE] >> CP-kk-01 [3,"763b21e9-5611-452f-9376-603887274652",{"currentTime":"2026-06-15T12:38:09Z"}]
[20:39:09] [DEVICE] << CP-kk-01 [2,"6c5ab069-af44-4cd3-bad4-9393259eede5","Heartbeat",{}]
[20:39:09] [DEVICE] >> CP-kk-01 [3,"6c5ab069-af44-4cd3-bad4-9393259eede5",{"currentTime":"2026-06-15T12:39:09Z"}]
[20:40:09] [DEVICE] << CP-kk-01 [2,"f421fc58-9d85-4198-b388-e53be920f832","Heartbeat",{}]
[20:40:09] [DEVICE] >> CP-kk-01 [3,"f421fc58-9d85-4198-b388-e53be920f832",{"currentTime":"2026-06-15T12:40:09Z"}]
[20:41:09] [DEVICE] << CP-kk-01 [2,"209364de-e9fd-437a-ac0a-21d538377e04","Heartbeat",{}]
[20:41:09] [DEVICE] >> CP-kk-01 [3,"209364de-e9fd-437a-ac0a-21d538377e04",{"currentTime":"2026-06-15T12:41:09Z"}]
[20:42:09] [DEVICE] << CP-kk-01 [2,"61a189fa-66a5-40f8-a9c3-de59ab4022d5","Heartbeat",{}]
[20:42:09] [DEVICE] >> CP-kk-01 [3,"61a189fa-66a5-40f8-a9c3-de59ab4022d5",{"currentTime":"2026-06-15T12:42:09Z"}]
[20:43:09] [DEVICE] << CP-kk-01 [2,"c6c17343-52d9-42fa-b478-c19baa4d2348","Heartbeat",{}]
[20:43:09] [DEVICE] >> CP-kk-01 [3,"c6c17343-52d9-42fa-b478-c19baa4d2348",{"currentTime":"2026-06-15T12:43:09Z"}]
[20:44:09] [DEVICE] << CP-kk-01 [2,"af6728c5-3487-487b-9d57-496d01d84bd3","Heartbeat",{}]
[20:44:09] [DEVICE] >> CP-kk-01 [3,"af6728c5-3487-487b-9d57-496d01d84bd3",{"currentTime":"2026-06-15T12:44:09Z"}]
[20:45:09] [DEVICE] << CP-kk-01 [2,"0ca82589-f3dd-4b5a-8075-88e195cfbfea","Heartbeat",{}]
[20:45:09] [DEVICE] >> CP-kk-01 [3,"0ca82589-f3dd-4b5a-8075-88e195cfbfea",{"currentTime":"2026-06-15T12:45:09Z"}]
[20:46:09] [DEVICE] << CP-kk-01 [2,"ca3f8710-11c4-41ed-b525-35c1d5cc6940","Heartbeat",{}]
[20:46:09] [DEVICE] >> CP-kk-01 [3,"ca3f8710-11c4-41ed-b525-35c1d5cc6940",{"currentTime":"2026-06-15T12:46:09Z"}]
[20:47:09] [DEVICE] << CP-kk-01 [2,"22be3b48-5e0b-4dad-b7a0-f165b040e70f","Heartbeat",{}]
[20:47:09] [DEVICE] >> CP-kk-01 [3,"22be3b48-5e0b-4dad-b7a0-f165b040e70f",{"currentTime":"2026-06-15T12:47:09Z"}]
[20:48:09] [DEVICE] << CP-kk-01 [2,"29cfcce0-7938-4bf7-b9b4-604478672bbf","Heartbeat",{}]
[20:48:09] [DEVICE] >> CP-kk-01 [3,"29cfcce0-7938-4bf7-b9b4-604478672bbf",{"currentTime":"2026-06-15T12:48:09Z"}]
[20:49:09] [DEVICE] << CP-kk-01 [2,"3ed19ec5-eb1d-4f3b-891c-fab02cc69bfc","Heartbeat",{}]
[20:49:09] [DEVICE] >> CP-kk-01 [3,"3ed19ec5-eb1d-4f3b-891c-fab02cc69bfc",{"currentTime":"2026-06-15T12:49:09Z"}]
[20:50:09] [DEVICE] << CP-kk-01 [2,"72bf7d42-e2b7-4c54-8c1d-c8f57302b008","Heartbeat",{}]
[20:50:09] [DEVICE] >> CP-kk-01 [3,"72bf7d42-e2b7-4c54-8c1d-c8f57302b008",{"currentTime":"2026-06-15T12:50:09Z"}]
[20:51:09] [DEVICE] << CP-kk-01 [2,"61719170-e82a-45d0-810a-96fc9af29fa4","Heartbeat",{}]
[20:51:09] [DEVICE] >> CP-kk-01 [3,"61719170-e82a-45d0-810a-96fc9af29fa4",{"currentTime":"2026-06-15T12:51:09Z"}]
[20:52:09] [DEVICE] << CP-kk-01 [2,"bc1f0ff4-05db-404b-b81e-c9d623ddcdd2","Heartbeat",{}]
[20:52:09] [DEVICE] >> CP-kk-01 [3,"bc1f0ff4-05db-404b-b81e-c9d623ddcdd2",{"currentTime":"2026-06-15T12:52:09Z"}]
[20:53:09] [DEVICE] << CP-kk-01 [2,"d62451bd-d3a2-4e38-ae84-825ad66d6fa0","Heartbeat",{}]
[20:53:09] [DEVICE] >> CP-kk-01 [3,"d62451bd-d3a2-4e38-ae84-825ad66d6fa0",{"currentTime":"2026-06-15T12:53:09Z"}]
[20:54:09] [DEVICE] << CP-kk-01 [2,"f6319cc6-4bfc-458c-a757-cf9fab44f630","Heartbeat",{}]
[20:54:09] [DEVICE] >> CP-kk-01 [3,"f6319cc6-4bfc-458c-a757-cf9fab44f630",{"currentTime":"2026-06-15T12:54:09Z"}]
[20:55:09] [DEVICE] << CP-kk-01 [2,"e54c6d9b-f648-4039-89b7-ac3524ce5cd8","Heartbeat",{}]
[20:55:09] [DEVICE] >> CP-kk-01 [3,"e54c6d9b-f648-4039-89b7-ac3524ce5cd8",{"currentTime":"2026-06-15T12:55:09Z"}]
[20:56:09] [DEVICE] << CP-kk-01 [2,"17d80598-5e9e-40d2-b917-89101de7bb6a","Heartbeat",{}]
[20:56:09] [DEVICE] >> CP-kk-01 [3,"17d80598-5e9e-40d2-b917-89101de7bb6a",{"currentTime":"2026-06-15T12:56:09Z"}]
[20:57:10] [DEVICE] << CP-kk-01 [2,"9e20d524-d820-45cd-88dd-308f39af8c53","Heartbeat",{}]
[20:57:10] [DEVICE] >> CP-kk-01 [3,"9e20d524-d820-45cd-88dd-308f39af8c53",{"currentTime":"2026-06-15T12:57:10Z"}]
[20:58:10] [DEVICE] << CP-kk-01 [2,"1167bd69-5e0e-40d0-a0f3-35e309c958d9","Heartbeat",{}]
[20:58:10] [DEVICE] >> CP-kk-01 [3,"1167bd69-5e0e-40d0-a0f3-35e309c958d9",{"currentTime":"2026-06-15T12:58:10Z"}]
[20:59:10] [DEVICE] << CP-kk-01 [2,"d5424e2e-523d-4d37-8a52-e35dfd6f72bb","Heartbeat",{}]
[20:59:10] [DEVICE] >> CP-kk-01 [3,"d5424e2e-523d-4d37-8a52-e35dfd6f72bb",{"currentTime":"2026-06-15T12:59:10Z"}]
[21:00:10] [DEVICE] << CP-kk-01 [2,"f3e6db8c-19af-410b-8b67-d135512a0852","Heartbeat",{}]
[21:00:10] [DEVICE] >> CP-kk-01 [3,"f3e6db8c-19af-410b-8b67-d135512a0852",{"currentTime":"2026-06-15T13:00:10Z"}]
[21:01:10] [DEVICE] << CP-kk-01 [2,"ac87fb17-2f9f-4c2c-bb18-4d46bc1e8c27","Heartbeat",{}]
[21:01:10] [DEVICE] >> CP-kk-01 [3,"ac87fb17-2f9f-4c2c-bb18-4d46bc1e8c27",{"currentTime":"2026-06-15T13:01:10Z"}]
[21:02:10] [DEVICE] << CP-kk-01 [2,"25ee4028-b649-4c4f-98e8-ba4c62dd2b63","Heartbeat",{}]
[21:02:10] [DEVICE] >> CP-kk-01 [3,"25ee4028-b649-4c4f-98e8-ba4c62dd2b63",{"currentTime":"2026-06-15T13:02:10Z"}]
[21:03:10] [DEVICE] << CP-kk-01 [2,"91136245-bfdd-46bd-889c-4db9189f1a04","Heartbeat",{}]
[21:03:10] [DEVICE] >> CP-kk-01 [3,"91136245-bfdd-46bd-889c-4db9189f1a04",{"currentTime":"2026-06-15T13:03:10Z"}]
[21:04:10] [DEVICE] << CP-kk-01 [2,"4be8d59e-16ed-4e21-a94f-5aa7664047c8","Heartbeat",{}]
[21:04:10] [DEVICE] >> CP-kk-01 [3,"4be8d59e-16ed-4e21-a94f-5aa7664047c8",{"currentTime":"2026-06-15T13:04:10Z"}]
[21:05:10] [DEVICE] << CP-kk-01 [2,"1ed81348-d9f7-43c6-b73e-eba8ca1f9c18","Heartbeat",{}]
[21:05:10] [DEVICE] >> CP-kk-01 [3,"1ed81348-d9f7-43c6-b73e-eba8ca1f9c18",{"currentTime":"2026-06-15T13:05:10Z"}]
[21:06:10] [DEVICE] << CP-kk-01 [2,"0333574d-ff30-45b7-b687-8f37ed2fd45c","Heartbeat",{}]
[21:06:10] [DEVICE] >> CP-kk-01 [3,"0333574d-ff30-45b7-b687-8f37ed2fd45c",{"currentTime":"2026-06-15T13:06:10Z"}]
[21:07:10] [DEVICE] << CP-kk-01 [2,"1054d419-b908-419c-8c1e-b2cc5d37c269","Heartbeat",{}]
[21:07:10] [DEVICE] >> CP-kk-01 [3,"1054d419-b908-419c-8c1e-b2cc5d37c269",{"currentTime":"2026-06-15T13:07:10Z"}]
[21:08:10] [DEVICE] << CP-kk-01 [2,"29235f8d-67ee-4218-807d-414aa93211b5","Heartbeat",{}]
[21:08:10] [DEVICE] >> CP-kk-01 [3,"29235f8d-67ee-4218-807d-414aa93211b5",{"currentTime":"2026-06-15T13:08:10Z"}]
[21:09:10] [DEVICE] << CP-kk-01 [2,"87bf7ea7-7ccf-4881-a780-bb0cf7c74bc5","Heartbeat",{}]
[21:09:10] [DEVICE] >> CP-kk-01 [3,"87bf7ea7-7ccf-4881-a780-bb0cf7c74bc5",{"currentTime":"2026-06-15T13:09:10Z"}]
[21:10:10] [DEVICE] << CP-kk-01 [2,"7397f9ed-0968-46d1-871d-4dfd1b5c6e18","Heartbeat",{}]
[21:10:10] [DEVICE] >> CP-kk-01 [3,"7397f9ed-0968-46d1-871d-4dfd1b5c6e18",{"currentTime":"2026-06-15T13:10:10Z"}]
[21:11:10] [DEVICE] << CP-kk-01 [2,"d507372c-2c14-4b6d-9b49-5b4b15a48ea7","Heartbeat",{}]
[21:11:10] [DEVICE] >> CP-kk-01 [3,"d507372c-2c14-4b6d-9b49-5b4b15a48ea7",{"currentTime":"2026-06-15T13:11:10Z"}]
[21:12:10] [DEVICE] << CP-kk-01 [2,"3b96dfdb-1bdb-4616-8fd1-fa9c35de3950","Heartbeat",{}]
[21:12:10] [DEVICE] >> CP-kk-01 [3,"3b96dfdb-1bdb-4616-8fd1-fa9c35de3950",{"currentTime":"2026-06-15T13:12:10Z"}]
[21:13:10] [DEVICE] << CP-kk-01 [2,"defd4994-c156-479b-a3a4-608ee1e28f8f","Heartbeat",{}]
[21:13:10] [DEVICE] >> CP-kk-01 [3,"defd4994-c156-479b-a3a4-608ee1e28f8f",{"currentTime":"2026-06-15T13:13:10Z"}]
[21:14:10] [DEVICE] << CP-kk-01 [2,"ee5f3c5e-1427-451a-b9b9-e56bca796552","Heartbeat",{}]
[21:14:10] [DEVICE] >> CP-kk-01 [3,"ee5f3c5e-1427-451a-b9b9-e56bca796552",{"currentTime":"2026-06-15T13:14:10Z"}]
[21:15:10] [DEVICE] << CP-kk-01 [2,"c6759b68-a047-40d9-a54b-40f1a810b3f8","Heartbeat",{}]
[21:15:10] [DEVICE] >> CP-kk-01 [3,"c6759b68-a047-40d9-a54b-40f1a810b3f8",{"currentTime":"2026-06-15T13:15:10Z"}]
[21:16:10] [DEVICE] << CP-kk-01 [2,"287374e1-761b-42ac-91ce-2a7448ff73ea","Heartbeat",{}]
[21:16:10] [DEVICE] >> CP-kk-01 [3,"287374e1-761b-42ac-91ce-2a7448ff73ea",{"currentTime":"2026-06-15T13:16:10Z"}]
[21:17:10] [DEVICE] << CP-kk-01 [2,"a0ccf797-fec4-49a4-82b0-d3105716dbf1","Heartbeat",{}]
[21:17:10] [DEVICE] >> CP-kk-01 [3,"a0ccf797-fec4-49a4-82b0-d3105716dbf1",{"currentTime":"2026-06-15T13:17:10Z"}]
[21:18:10] [DEVICE] << CP-kk-01 [2,"a6e9ce19-d2c1-4b81-a618-6b87ceadaa6e","Heartbeat",{}]
[21:18:10] [DEVICE] >> CP-kk-01 [3,"a6e9ce19-d2c1-4b81-a618-6b87ceadaa6e",{"currentTime":"2026-06-15T13:18:10Z"}]
[21:19:10] [DEVICE] << CP-kk-01 [2,"15441073-c0bb-4cdb-bd63-8f699bf26ed6","Heartbeat",{}]
[21:19:10] [DEVICE] >> CP-kk-01 [3,"15441073-c0bb-4cdb-bd63-8f699bf26ed6",{"currentTime":"2026-06-15T13:19:10Z"}]
[21:20:10] [DEVICE] << CP-kk-01 [2,"b2621bcf-a94f-4633-9753-4c819e2ddbe3","Heartbeat",{}]
[21:20:10] [DEVICE] >> CP-kk-01 [3,"b2621bcf-a94f-4633-9753-4c819e2ddbe3",{"currentTime":"2026-06-15T13:20:10Z"}]
[21:21:10] [DEVICE] << CP-kk-01 [2,"1eb9184a-1ee6-412e-a164-5385f6aedf27","Heartbeat",{}]
[21:21:10] [DEVICE] >> CP-kk-01 [3,"1eb9184a-1ee6-412e-a164-5385f6aedf27",{"currentTime":"2026-06-15T13:21:10Z"}]
[21:22:10] [DEVICE] << CP-kk-01 [2,"6040420d-da93-4f7f-8455-100cf22159e0","Heartbeat",{}]
[21:22:10] [DEVICE] >> CP-kk-01 [3,"6040420d-da93-4f7f-8455-100cf22159e0",{"currentTime":"2026-06-15T13:22:10Z"}]
[21:23:10] [DEVICE] << CP-kk-01 [2,"bc556c9c-6c76-4bd5-894e-889f62b9ae2d","Heartbeat",{}]
[21:23:10] [DEVICE] >> CP-kk-01 [3,"bc556c9c-6c76-4bd5-894e-889f62b9ae2d",{"currentTime":"2026-06-15T13:23:10Z"}]
[21:24:10] [DEVICE] << CP-kk-01 [2,"5406a77d-ee05-4373-b2ce-0b01c8fddad3","Heartbeat",{}]
[21:24:10] [DEVICE] >> CP-kk-01 [3,"5406a77d-ee05-4373-b2ce-0b01c8fddad3",{"currentTime":"2026-06-15T13:24:10Z"}]
[21:25:10] [DEVICE] << CP-kk-01 [2,"7e4d6196-6bc4-4df1-bb06-b695df1cf2b6","Heartbeat",{}]
[21:25:10] [DEVICE] >> CP-kk-01 [3,"7e4d6196-6bc4-4df1-bb06-b695df1cf2b6",{"currentTime":"2026-06-15T13:25:10Z"}]
[21:26:10] [DEVICE] << CP-kk-01 [2,"952d5ac9-b6c7-40fb-94fe-710ebd40a8f2","Heartbeat",{}]
[21:26:10] [DEVICE] >> CP-kk-01 [3,"952d5ac9-b6c7-40fb-94fe-710ebd40a8f2",{"currentTime":"2026-06-15T13:26:10Z"}]
[21:27:10] [DEVICE] << CP-kk-01 [2,"c38b1359-2d76-48e5-a146-08ec93bb518d","Heartbeat",{}]
[21:27:10] [DEVICE] >> CP-kk-01 [3,"c38b1359-2d76-48e5-a146-08ec93bb518d",{"currentTime":"2026-06-15T13:27:10Z"}]
[21:28:10] [DEVICE] << CP-kk-01 [2,"65bab8af-9e8a-45b1-8118-9fad15adbb82","Heartbeat",{}]
[21:28:10] [DEVICE] >> CP-kk-01 [3,"65bab8af-9e8a-45b1-8118-9fad15adbb82",{"currentTime":"2026-06-15T13:28:10Z"}]
[21:29:10] [DEVICE] << CP-kk-01 [2,"50d59a12-90b4-495b-8847-5e8d743a6887","Heartbeat",{}]
[21:29:10] [DEVICE] >> CP-kk-01 [3,"50d59a12-90b4-495b-8847-5e8d743a6887",{"currentTime":"2026-06-15T13:29:10Z"}]
[21:30:10] [DEVICE] << CP-kk-01 [2,"c6e97e10-866f-48aa-9aac-1ff5d0a7b8ba","Heartbeat",{}]
[21:30:10] [DEVICE] >> CP-kk-01 [3,"c6e97e10-866f-48aa-9aac-1ff5d0a7b8ba",{"currentTime":"2026-06-15T13:30:10Z"}]
[21:31:10] [DEVICE] << CP-kk-01 [2,"b5e03ed3-4673-4dd7-adde-54d93c0b17f7","Heartbeat",{}]
[21:31:10] [DEVICE] >> CP-kk-01 [3,"b5e03ed3-4673-4dd7-adde-54d93c0b17f7",{"currentTime":"2026-06-15T13:31:10Z"}]
[21:32:10] [DEVICE] << CP-kk-01 [2,"306dd45d-faf5-424e-977c-1f9bf7e2dcb0","Heartbeat",{}]
[21:32:10] [DEVICE] >> CP-kk-01 [3,"306dd45d-faf5-424e-977c-1f9bf7e2dcb0",{"currentTime":"2026-06-15T13:32:10Z"}]
[21:33:10] [DEVICE] << CP-kk-01 [2,"9ffcd8cc-8eeb-4009-94ac-41d7ca8c065a","Heartbeat",{}]
[21:33:10] [DEVICE] >> CP-kk-01 [3,"9ffcd8cc-8eeb-4009-94ac-41d7ca8c065a",{"currentTime":"2026-06-15T13:33:10Z"}]
[21:34:10] [DEVICE] << CP-kk-01 [2,"c1063e05-5805-43fd-aff2-7c0d2b2e3c78","Heartbeat",{}]
[21:34:10] [DEVICE] >> CP-kk-01 [3,"c1063e05-5805-43fd-aff2-7c0d2b2e3c78",{"currentTime":"2026-06-15T13:34:10Z"}]
[21:35:10] [DEVICE] << CP-kk-01 [2,"391e016d-b85c-46bb-83be-316a2470e0cb","Heartbeat",{}]
[21:35:10] [DEVICE] >> CP-kk-01 [3,"391e016d-b85c-46bb-83be-316a2470e0cb",{"currentTime":"2026-06-15T13:35:10Z"}]
[21:36:10] [DEVICE] << CP-kk-01 [2,"6ff06a22-d7ea-4cc7-b317-7641570c3e1d","Heartbeat",{}]
[21:36:10] [DEVICE] >> CP-kk-01 [3,"6ff06a22-d7ea-4cc7-b317-7641570c3e1d",{"currentTime":"2026-06-15T13:36:10Z"}]
[21:37:10] [DEVICE] << CP-kk-01 [2,"22939cc0-675f-4403-9fa1-c84f353767ff","Heartbeat",{}]
[21:37:10] [DEVICE] >> CP-kk-01 [3,"22939cc0-675f-4403-9fa1-c84f353767ff",{"currentTime":"2026-06-15T13:37:10Z"}]
[21:38:10] [DEVICE] << CP-kk-01 [2,"9a875eef-061a-450f-a551-09f7da8cc065","Heartbeat",{}]
[21:38:10] [DEVICE] >> CP-kk-01 [3,"9a875eef-061a-450f-a551-09f7da8cc065",{"currentTime":"2026-06-15T13:38:10Z"}]
[21:39:10] [DEVICE] << CP-kk-01 [2,"11d94a0c-af56-4ad4-9618-556f06cd3aac","Heartbeat",{}]
[21:39:10] [DEVICE] >> CP-kk-01 [3,"11d94a0c-af56-4ad4-9618-556f06cd3aac",{"currentTime":"2026-06-15T13:39:10Z"}]
[21:40:10] [DEVICE] << CP-kk-01 [2,"289535da-7f26-4298-a094-ba1fb1c424f2","Heartbeat",{}]
[21:40:10] [DEVICE] >> CP-kk-01 [3,"289535da-7f26-4298-a094-ba1fb1c424f2",{"currentTime":"2026-06-15T13:40:10Z"}]
[21:41:11] [DEVICE] << CP-kk-01 [2,"92c227dd-2bc3-450f-8ad9-3de7bfd3d6fe","Heartbeat",{}]
[21:41:11] [DEVICE] >> CP-kk-01 [3,"92c227dd-2bc3-450f-8ad9-3de7bfd3d6fe",{"currentTime":"2026-06-15T13:41:11Z"}]
[21:42:11] [DEVICE] << CP-kk-01 [2,"667abd8f-746b-4743-adff-a120ee7186ae","Heartbeat",{}]
[21:42:11] [DEVICE] >> CP-kk-01 [3,"667abd8f-746b-4743-adff-a120ee7186ae",{"currentTime":"2026-06-15T13:42:11Z"}]
[21:43:10] [DEVICE] << CP-kk-01 [2,"d1201993-f51e-4045-99d7-cc66b2f10925","Heartbeat",{}]
[21:43:10] [DEVICE] >> CP-kk-01 [3,"d1201993-f51e-4045-99d7-cc66b2f10925",{"currentTime":"2026-06-15T13:43:10Z"}]
[21:44:11] [DEVICE] << CP-kk-01 [2,"edb78b76-ccf5-4fb8-a613-af2b61f6cae7","Heartbeat",{}]
[21:44:11] [DEVICE] >> CP-kk-01 [3,"edb78b76-ccf5-4fb8-a613-af2b61f6cae7",{"currentTime":"2026-06-15T13:44:11Z"}]
[21:45:11] [DEVICE] << CP-kk-01 [2,"fa95fe5e-a159-4197-88bf-640e33a57a15","Heartbeat",{}]
[21:45:11] [DEVICE] >> CP-kk-01 [3,"fa95fe5e-a159-4197-88bf-640e33a57a15",{"currentTime":"2026-06-15T13:45:11Z"}]
[21:46:11] [DEVICE] << CP-kk-01 [2,"190343b1-f6e3-43a0-9b63-2a3fc40122a2","Heartbeat",{}]
[21:46:11] [DEVICE] >> CP-kk-01 [3,"190343b1-f6e3-43a0-9b63-2a3fc40122a2",{"currentTime":"2026-06-15T13:46:11Z"}]
[21:47:11] [DEVICE] << CP-kk-01 [2,"fa7475c4-46dd-4a41-8738-b2d3596fb4d2","Heartbeat",{}]
[21:47:11] [DEVICE] >> CP-kk-01 [3,"fa7475c4-46dd-4a41-8738-b2d3596fb4d2",{"currentTime":"2026-06-15T13:47:11Z"}]
[21:48:11] [DEVICE] << CP-kk-01 [2,"d38375e0-46f0-4d71-bb71-4db047b44b30","Heartbeat",{}]
[21:48:11] [DEVICE] >> CP-kk-01 [3,"d38375e0-46f0-4d71-bb71-4db047b44b30",{"currentTime":"2026-06-15T13:48:11Z"}]
[21:49:11] [DEVICE] << CP-kk-01 [2,"8be3aea5-195b-4254-a265-a41bb564bed5","Heartbeat",{}]
[21:49:11] [DEVICE] >> CP-kk-01 [3,"8be3aea5-195b-4254-a265-a41bb564bed5",{"currentTime":"2026-06-15T13:49:11Z"}]
[21:50:11] [DEVICE] << CP-kk-01 [2,"4e933437-1845-440c-ac09-9b1e43584970","Heartbeat",{}]
[21:50:11] [DEVICE] >> CP-kk-01 [3,"4e933437-1845-440c-ac09-9b1e43584970",{"currentTime":"2026-06-15T13:50:11Z"}]
[21:51:11] [DEVICE] << CP-kk-01 [2,"489722d2-25c0-44ad-a252-19085ad9d1d4","Heartbeat",{}]
[21:51:11] [DEVICE] >> CP-kk-01 [3,"489722d2-25c0-44ad-a252-19085ad9d1d4",{"currentTime":"2026-06-15T13:51:11Z"}]
[21:52:11] [DEVICE] << CP-kk-01 [2,"3cf3a2de-4e88-46ab-863f-8851c96bf5f6","Heartbeat",{}]
[21:52:11] [DEVICE] >> CP-kk-01 [3,"3cf3a2de-4e88-46ab-863f-8851c96bf5f6",{"currentTime":"2026-06-15T13:52:11Z"}]
[21:53:11] [DEVICE] << CP-kk-01 [2,"1a336a0f-ae12-4d62-abcf-83ebc26ccffc","Heartbeat",{}]
[21:53:11] [DEVICE] >> CP-kk-01 [3,"1a336a0f-ae12-4d62-abcf-83ebc26ccffc",{"currentTime":"2026-06-15T13:53:11Z"}]
[21:54:11] [DEVICE] << CP-kk-01 [2,"23e5c370-369d-4263-a702-cf58f8157ae6","Heartbeat",{}]
[21:54:11] [DEVICE] >> CP-kk-01 [3,"23e5c370-369d-4263-a702-cf58f8157ae6",{"currentTime":"2026-06-15T13:54:11Z"}]
[21:55:11] [DEVICE] << CP-kk-01 [2,"dc3e0641-6977-4efc-b26e-d1322e875577","Heartbeat",{}]
[21:55:11] [DEVICE] >> CP-kk-01 [3,"dc3e0641-6977-4efc-b26e-d1322e875577",{"currentTime":"2026-06-15T13:55:11Z"}]
[21:56:11] [DEVICE] << CP-kk-01 [2,"260631af-2af3-47d1-a2d0-f58ca6e7a4cd","Heartbeat",{}]
[21:56:11] [DEVICE] >> CP-kk-01 [3,"260631af-2af3-47d1-a2d0-f58ca6e7a4cd",{"currentTime":"2026-06-15T13:56:11Z"}]
[21:57:11] [DEVICE] << CP-kk-01 [2,"b7794d9a-bf19-45af-9f46-273a82b97b0a","Heartbeat",{}]
[21:57:11] [DEVICE] >> CP-kk-01 [3,"b7794d9a-bf19-45af-9f46-273a82b97b0a",{"currentTime":"2026-06-15T13:57:11Z"}]
[21:58:11] [DEVICE] << CP-kk-01 [2,"16727bb0-b3c5-4558-85a5-d78cc548addd","Heartbeat",{}]
[21:58:11] [DEVICE] >> CP-kk-01 [3,"16727bb0-b3c5-4558-85a5-d78cc548addd",{"currentTime":"2026-06-15T13:58:11Z"}]
[21:59:11] [DEVICE] << CP-kk-01 [2,"f34d4497-1928-4ac2-9837-6327951f6a65","Heartbeat",{}]
[21:59:11] [DEVICE] >> CP-kk-01 [3,"f34d4497-1928-4ac2-9837-6327951f6a65",{"currentTime":"2026-06-15T13:59:11Z"}]
[22:00:11] [DEVICE] << CP-kk-01 [2,"1aedf26b-9096-44e4-b02f-82d9575143e9","Heartbeat",{}]
[22:00:11] [DEVICE] >> CP-kk-01 [3,"1aedf26b-9096-44e4-b02f-82d9575143e9",{"currentTime":"2026-06-15T14:00:11Z"}]
[22:01:11] [DEVICE] << CP-kk-01 [2,"9ed24912-56b4-426e-bbba-cbff284692cb","Heartbeat",{}]
[22:01:11] [DEVICE] >> CP-kk-01 [3,"9ed24912-56b4-426e-bbba-cbff284692cb",{"currentTime":"2026-06-15T14:01:11Z"}]
[22:02:11] [DEVICE] << CP-kk-01 [2,"876a877a-3a91-42c0-9649-416ae9d28de4","Heartbeat",{}]
[22:02:11] [DEVICE] >> CP-kk-01 [3,"876a877a-3a91-42c0-9649-416ae9d28de4",{"currentTime":"2026-06-15T14:02:11Z"}]
[22:03:11] [DEVICE] << CP-kk-01 [2,"86b53571-a308-4ae3-8b82-392fcd683b4c","Heartbeat",{}]
[22:03:11] [DEVICE] >> CP-kk-01 [3,"86b53571-a308-4ae3-8b82-392fcd683b4c",{"currentTime":"2026-06-15T14:03:11Z"}]
[22:04:11] [DEVICE] << CP-kk-01 [2,"f88e03b8-283b-4001-a228-887172979f53","Heartbeat",{}]
[22:04:11] [DEVICE] >> CP-kk-01 [3,"f88e03b8-283b-4001-a228-887172979f53",{"currentTime":"2026-06-15T14:04:11Z"}]
[22:05:11] [DEVICE] << CP-kk-01 [2,"a7df763c-560a-4a97-986f-a0c48c758dc2","Heartbeat",{}]
[22:05:11] [DEVICE] >> CP-kk-01 [3,"a7df763c-560a-4a97-986f-a0c48c758dc2",{"currentTime":"2026-06-15T14:05:11Z"}]
[22:06:11] [DEVICE] << CP-kk-01 [2,"fd96bdf9-ab85-4230-994e-d9316b837c8c","Heartbeat",{}]
[22:06:11] [DEVICE] >> CP-kk-01 [3,"fd96bdf9-ab85-4230-994e-d9316b837c8c",{"currentTime":"2026-06-15T14:06:11Z"}]
[22:07:11] [DEVICE] << CP-kk-01 [2,"511e532e-8903-4f60-8d55-cd31d3a355aa","Heartbeat",{}]
[22:07:11] [DEVICE] >> CP-kk-01 [3,"511e532e-8903-4f60-8d55-cd31d3a355aa",{"currentTime":"2026-06-15T14:07:11Z"}]
[22:08:11] [DEVICE] << CP-kk-01 [2,"bd136eb5-98b5-4603-9b9d-090de26c2997","Heartbeat",{}]
[22:08:11] [DEVICE] >> CP-kk-01 [3,"bd136eb5-98b5-4603-9b9d-090de26c2997",{"currentTime":"2026-06-15T14:08:11Z"}]
[22:09:11] [DEVICE] << CP-kk-01 [2,"d12f5d3a-376e-4ad9-b7f1-37a9702159e7","Heartbeat",{}]
[22:09:11] [DEVICE] >> CP-kk-01 [3,"d12f5d3a-376e-4ad9-b7f1-37a9702159e7",{"currentTime":"2026-06-15T14:09:11Z"}]
[22:10:11] [DEVICE] << CP-kk-01 [2,"06b64041-720f-43a9-a23e-b1bcc34a1d0f","Heartbeat",{}]
[22:10:11] [DEVICE] >> CP-kk-01 [3,"06b64041-720f-43a9-a23e-b1bcc34a1d0f",{"currentTime":"2026-06-15T14:10:11Z"}]
[22:11:11] [DEVICE] << CP-kk-01 [2,"746ea453-9431-48ef-9196-377bdb4b8dbb","Heartbeat",{}]
[22:11:11] [DEVICE] >> CP-kk-01 [3,"746ea453-9431-48ef-9196-377bdb4b8dbb",{"currentTime":"2026-06-15T14:11:11Z"}]
[22:12:11] [DEVICE] << CP-kk-01 [2,"bc8680b1-3fc3-4628-b8b2-400fe95a9205","Heartbeat",{}]
[22:12:11] [DEVICE] >> CP-kk-01 [3,"bc8680b1-3fc3-4628-b8b2-400fe95a9205",{"currentTime":"2026-06-15T14:12:11Z"}]
[22:13:11] [DEVICE] << CP-kk-01 [2,"4fe66983-2ba9-43b5-be1d-f3e4d9dbac00","Heartbeat",{}]
[22:13:11] [DEVICE] >> CP-kk-01 [3,"4fe66983-2ba9-43b5-be1d-f3e4d9dbac00",{"currentTime":"2026-06-15T14:13:11Z"}]
[22:14:11] [DEVICE] << CP-kk-01 [2,"4b365680-f5fe-4895-a64f-3ed8b0621d1f","Heartbeat",{}]
[22:14:11] [DEVICE] >> CP-kk-01 [3,"4b365680-f5fe-4895-a64f-3ed8b0621d1f",{"currentTime":"2026-06-15T14:14:11Z"}]
[22:15:11] [DEVICE] << CP-kk-01 [2,"69d7556c-abd0-4500-b140-4cf4c2081884","Heartbeat",{}]
[22:15:11] [DEVICE] >> CP-kk-01 [3,"69d7556c-abd0-4500-b140-4cf4c2081884",{"currentTime":"2026-06-15T14:15:11Z"}]
[22:16:11] [DEVICE] << CP-kk-01 [2,"1b66c8bc-e911-4688-a1ca-0ea4676c9657","Heartbeat",{}]
[22:16:11] [DEVICE] >> CP-kk-01 [3,"1b66c8bc-e911-4688-a1ca-0ea4676c9657",{"currentTime":"2026-06-15T14:16:11Z"}]
[22:17:11] [DEVICE] << CP-kk-01 [2,"987adbc5-8b18-4c87-90f5-e5e646e16286","Heartbeat",{}]
[22:17:11] [DEVICE] >> CP-kk-01 [3,"987adbc5-8b18-4c87-90f5-e5e646e16286",{"currentTime":"2026-06-15T14:17:11Z"}]
[22:18:11] [DEVICE] << CP-kk-01 [2,"007ac59d-8a18-487d-8383-daee96f4bfb5","Heartbeat",{}]
[22:18:11] [DEVICE] >> CP-kk-01 [3,"007ac59d-8a18-487d-8383-daee96f4bfb5",{"currentTime":"2026-06-15T14:18:11Z"}]
[22:19:11] [DEVICE] << CP-kk-01 [2,"c06965e8-d052-4bcd-999c-545b9e9a1d00","Heartbeat",{}]
[22:19:11] [DEVICE] >> CP-kk-01 [3,"c06965e8-d052-4bcd-999c-545b9e9a1d00",{"currentTime":"2026-06-15T14:19:11Z"}]
[22:20:11] [DEVICE] << CP-kk-01 [2,"8b1c41ab-da29-4874-b7d9-1f5a37cb6da1","Heartbeat",{}]
[22:20:11] [DEVICE] >> CP-kk-01 [3,"8b1c41ab-da29-4874-b7d9-1f5a37cb6da1",{"currentTime":"2026-06-15T14:20:11Z"}]
[22:21:11] [DEVICE] << CP-kk-01 [2,"e36e137a-3f32-4945-af97-071a106c4297","Heartbeat",{}]
[22:21:11] [DEVICE] >> CP-kk-01 [3,"e36e137a-3f32-4945-af97-071a106c4297",{"currentTime":"2026-06-15T14:21:11Z"}]
[22:22:11] [DEVICE] << CP-kk-01 [2,"23c0b8bb-1a3f-4c36-8969-84bd390d2daf","Heartbeat",{}]
[22:22:11] [DEVICE] >> CP-kk-01 [3,"23c0b8bb-1a3f-4c36-8969-84bd390d2daf",{"currentTime":"2026-06-15T14:22:11Z"}]
[22:23:11] [DEVICE] << CP-kk-01 [2,"3c19d3ce-e91b-4585-af88-30bd0e62fa37","Heartbeat",{}]
[22:23:11] [DEVICE] >> CP-kk-01 [3,"3c19d3ce-e91b-4585-af88-30bd0e62fa37",{"currentTime":"2026-06-15T14:23:11Z"}]
[22:24:11] [DEVICE] << CP-kk-01 [2,"6356f5d6-8a61-4649-a7e7-676bc9ea2723","Heartbeat",{}]
[22:24:11] [DEVICE] >> CP-kk-01 [3,"6356f5d6-8a61-4649-a7e7-676bc9ea2723",{"currentTime":"2026-06-15T14:24:11Z"}]
[22:25:11] [DEVICE] << CP-kk-01 [2,"835c325a-5032-4ba3-b3a6-6260bbc22a67","Heartbeat",{}]
[22:25:11] [DEVICE] >> CP-kk-01 [3,"835c325a-5032-4ba3-b3a6-6260bbc22a67",{"currentTime":"2026-06-15T14:25:11Z"}]
[22:26:11] [DEVICE] << CP-kk-01 [2,"26fcbf42-9d00-4091-9dae-0b34d9a0e610","Heartbeat",{}]
[22:26:11] [DEVICE] >> CP-kk-01 [3,"26fcbf42-9d00-4091-9dae-0b34d9a0e610",{"currentTime":"2026-06-15T14:26:11Z"}]
[22:27:11] [DEVICE] << CP-kk-01 [2,"cf22a2d1-90b3-4810-a927-798c42345544","Heartbeat",{}]
[22:27:11] [DEVICE] >> CP-kk-01 [3,"cf22a2d1-90b3-4810-a927-798c42345544",{"currentTime":"2026-06-15T14:27:11Z"}]
[22:28:12] [DEVICE] << CP-kk-01 [2,"a0cd8769-0706-4f46-a06e-fae845be5300","Heartbeat",{}]
[22:28:12] [DEVICE] >> CP-kk-01 [3,"a0cd8769-0706-4f46-a06e-fae845be5300",{"currentTime":"2026-06-15T14:28:12Z"}]
[22:29:12] [DEVICE] << CP-kk-01 [2,"2215a02d-5a81-40ba-8f90-cd408b27b8b6","Heartbeat",{}]
[22:29:12] [DEVICE] >> CP-kk-01 [3,"2215a02d-5a81-40ba-8f90-cd408b27b8b6",{"currentTime":"2026-06-15T14:29:12Z"}]
[22:30:12] [DEVICE] << CP-kk-01 [2,"4c1aeeed-242a-42a9-b3fe-ad79627009d6","Heartbeat",{}]
[22:30:12] [DEVICE] >> CP-kk-01 [3,"4c1aeeed-242a-42a9-b3fe-ad79627009d6",{"currentTime":"2026-06-15T14:30:12Z"}]
[22:31:12] [DEVICE] << CP-kk-01 [2,"4277baf0-135a-4595-94c5-880a9c6e7c8c","Heartbeat",{}]
[22:31:12] [DEVICE] >> CP-kk-01 [3,"4277baf0-135a-4595-94c5-880a9c6e7c8c",{"currentTime":"2026-06-15T14:31:12Z"}]
[22:32:12] [DEVICE] << CP-kk-01 [2,"00f4518a-3215-4976-9cf4-e04b85fbee15","Heartbeat",{}]
[22:32:12] [DEVICE] >> CP-kk-01 [3,"00f4518a-3215-4976-9cf4-e04b85fbee15",{"currentTime":"2026-06-15T14:32:12Z"}]
[22:33:12] [DEVICE] << CP-kk-01 [2,"2dc40041-b4f7-4d90-b16e-820ed6e21a62","Heartbeat",{}]
[22:33:12] [DEVICE] >> CP-kk-01 [3,"2dc40041-b4f7-4d90-b16e-820ed6e21a62",{"currentTime":"2026-06-15T14:33:12Z"}]
[22:34:12] [DEVICE] << CP-kk-01 [2,"6d2ad443-5bbd-4aaf-9a63-0bfb9b406bbe","Heartbeat",{}]
[22:34:12] [DEVICE] >> CP-kk-01 [3,"6d2ad443-5bbd-4aaf-9a63-0bfb9b406bbe",{"currentTime":"2026-06-15T14:34:12Z"}]
[22:35:12] [DEVICE] << CP-kk-01 [2,"eea87803-ec32-4ff9-a32b-d808dcc1bac6","Heartbeat",{}]
[22:35:12] [DEVICE] >> CP-kk-01 [3,"eea87803-ec32-4ff9-a32b-d808dcc1bac6",{"currentTime":"2026-06-15T14:35:12Z"}]
[22:36:12] [DEVICE] << CP-kk-01 [2,"341aa6fe-5ed6-40aa-b247-184b73074830","Heartbeat",{}]
[22:36:12] [DEVICE] >> CP-kk-01 [3,"341aa6fe-5ed6-40aa-b247-184b73074830",{"currentTime":"2026-06-15T14:36:12Z"}]
[22:37:12] [DEVICE] << CP-kk-01 [2,"491c6342-bfc5-451c-a405-ca1bcdcc62e6","Heartbeat",{}]
[22:37:12] [DEVICE] >> CP-kk-01 [3,"491c6342-bfc5-451c-a405-ca1bcdcc62e6",{"currentTime":"2026-06-15T14:37:12Z"}]
[22:38:12] [DEVICE] << CP-kk-01 [2,"853393d3-fd38-435a-b90a-025d62f0145e","Heartbeat",{}]
[22:38:12] [DEVICE] >> CP-kk-01 [3,"853393d3-fd38-435a-b90a-025d62f0145e",{"currentTime":"2026-06-15T14:38:12Z"}]
[22:39:12] [DEVICE] << CP-kk-01 [2,"c00163dd-63ed-42d0-9fab-6582164ff7fc","Heartbeat",{}]
[22:39:12] [DEVICE] >> CP-kk-01 [3,"c00163dd-63ed-42d0-9fab-6582164ff7fc",{"currentTime":"2026-06-15T14:39:12Z"}]
[22:40:12] [DEVICE] << CP-kk-01 [2,"b9228df0-5837-4907-af62-de5cc8a612ad","Heartbeat",{}]
[22:40:12] [DEVICE] >> CP-kk-01 [3,"b9228df0-5837-4907-af62-de5cc8a612ad",{"currentTime":"2026-06-15T14:40:12Z"}]
[22:41:12] [DEVICE] << CP-kk-01 [2,"354cc4e9-af86-4a9d-8eec-67967a81a030","Heartbeat",{}]
[22:41:12] [DEVICE] >> CP-kk-01 [3,"354cc4e9-af86-4a9d-8eec-67967a81a030",{"currentTime":"2026-06-15T14:41:12Z"}]
[22:42:12] [DEVICE] << CP-kk-01 [2,"f84dcc77-fc7b-43a4-a3fb-9c4d4a218180","Heartbeat",{}]
[22:42:12] [DEVICE] >> CP-kk-01 [3,"f84dcc77-fc7b-43a4-a3fb-9c4d4a218180",{"currentTime":"2026-06-15T14:42:12Z"}]
[22:43:12] [DEVICE] << CP-kk-01 [2,"199e4f3c-02c9-4ea9-9a34-b9274b4628bd","Heartbeat",{}]
[22:43:12] [DEVICE] >> CP-kk-01 [3,"199e4f3c-02c9-4ea9-9a34-b9274b4628bd",{"currentTime":"2026-06-15T14:43:12Z"}]
[22:44:12] [DEVICE] << CP-kk-01 [2,"33f20487-61b2-48a6-8703-3e1f9e43a668","Heartbeat",{}]
[22:44:12] [DEVICE] >> CP-kk-01 [3,"33f20487-61b2-48a6-8703-3e1f9e43a668",{"currentTime":"2026-06-15T14:44:12Z"}]
[22:45:12] [DEVICE] << CP-kk-01 [2,"11f6c773-66d9-414b-b91b-4db8f64ec8a0","Heartbeat",{}]
[22:45:12] [DEVICE] >> CP-kk-01 [3,"11f6c773-66d9-414b-b91b-4db8f64ec8a0",{"currentTime":"2026-06-15T14:45:12Z"}]
[22:46:12] [DEVICE] << CP-kk-01 [2,"83011072-6a98-48c6-95b4-bc258bbc5fd6","Heartbeat",{}]
[22:46:12] [DEVICE] >> CP-kk-01 [3,"83011072-6a98-48c6-95b4-bc258bbc5fd6",{"currentTime":"2026-06-15T14:46:12Z"}]
[22:47:12] [DEVICE] << CP-kk-01 [2,"b23d6e6b-daed-4a2b-b18d-7c7d317802a0","Heartbeat",{}]
[22:47:12] [DEVICE] >> CP-kk-01 [3,"b23d6e6b-daed-4a2b-b18d-7c7d317802a0",{"currentTime":"2026-06-15T14:47:12Z"}]
[22:48:12] [DEVICE] << CP-kk-01 [2,"5e22da85-948a-4ee5-baa7-da00c0973c48","Heartbeat",{}]
[22:48:12] [DEVICE] >> CP-kk-01 [3,"5e22da85-948a-4ee5-baa7-da00c0973c48",{"currentTime":"2026-06-15T14:48:12Z"}]
[22:49:12] [DEVICE] << CP-kk-01 [2,"44d95171-555e-4fc5-95e1-3c4ed94a2024","Heartbeat",{}]
[22:49:12] [DEVICE] >> CP-kk-01 [3,"44d95171-555e-4fc5-95e1-3c4ed94a2024",{"currentTime":"2026-06-15T14:49:12Z"}]
[22:50:12] [DEVICE] << CP-kk-01 [2,"a84a2ef5-e818-4be6-a6e0-a754ece3e2e2","Heartbeat",{}]
[22:50:12] [DEVICE] >> CP-kk-01 [3,"a84a2ef5-e818-4be6-a6e0-a754ece3e2e2",{"currentTime":"2026-06-15T14:50:12Z"}]
[22:51:12] [DEVICE] << CP-kk-01 [2,"bce44d5c-2c7d-4992-93fc-f1b2e68933dd","Heartbeat",{}]
[22:51:12] [DEVICE] >> CP-kk-01 [3,"bce44d5c-2c7d-4992-93fc-f1b2e68933dd",{"currentTime":"2026-06-15T14:51:12Z"}]
[22:52:12] [DEVICE] << CP-kk-01 [2,"dc8d8b0a-7a40-4fbc-81ad-4b3d5488e1eb","Heartbeat",{}]
[22:52:12] [DEVICE] >> CP-kk-01 [3,"dc8d8b0a-7a40-4fbc-81ad-4b3d5488e1eb",{"currentTime":"2026-06-15T14:52:12Z"}]
[22:53:12] [DEVICE] << CP-kk-01 [2,"4a454c31-aa6e-4484-abe4-c032dd1fb5f8","Heartbeat",{}]
[22:53:12] [DEVICE] >> CP-kk-01 [3,"4a454c31-aa6e-4484-abe4-c032dd1fb5f8",{"currentTime":"2026-06-15T14:53:12Z"}]
[22:54:12] [DEVICE] << CP-kk-01 [2,"d1f6975a-33cc-431c-bafc-cc92229eeab1","Heartbeat",{}]
[22:54:12] [DEVICE] >> CP-kk-01 [3,"d1f6975a-33cc-431c-bafc-cc92229eeab1",{"currentTime":"2026-06-15T14:54:12Z"}]
[22:55:12] [DEVICE] << CP-kk-01 [2,"c68bb01e-e921-4bb3-a433-de1996fbaee7","Heartbeat",{}]
[22:55:12] [DEVICE] >> CP-kk-01 [3,"c68bb01e-e921-4bb3-a433-de1996fbaee7",{"currentTime":"2026-06-15T14:55:12Z"}]
[22:56:12] [DEVICE] << CP-kk-01 [2,"07ae9796-dcb0-43f8-b934-b6415b099f48","Heartbeat",{}]
[22:56:12] [DEVICE] >> CP-kk-01 [3,"07ae9796-dcb0-43f8-b934-b6415b099f48",{"currentTime":"2026-06-15T14:56:12Z"}]
[22:57:12] [DEVICE] << CP-kk-01 [2,"e2feafcb-8c3c-4f5e-8716-82b80ae813c6","Heartbeat",{}]
[22:57:12] [DEVICE] >> CP-kk-01 [3,"e2feafcb-8c3c-4f5e-8716-82b80ae813c6",{"currentTime":"2026-06-15T14:57:12Z"}]
[22:58:12] [DEVICE] << CP-kk-01 [2,"3f5068f9-3492-4cd4-af1e-ccb57a39e065","Heartbeat",{}]
[22:58:12] [DEVICE] >> CP-kk-01 [3,"3f5068f9-3492-4cd4-af1e-ccb57a39e065",{"currentTime":"2026-06-15T14:58:12Z"}]
[22:59:12] [DEVICE] << CP-kk-01 [2,"3287fe3c-e05e-4fcc-b446-8c90e8078743","Heartbeat",{}]
[22:59:12] [DEVICE] >> CP-kk-01 [3,"3287fe3c-e05e-4fcc-b446-8c90e8078743",{"currentTime":"2026-06-15T14:59:12Z"}]
[23:00:12] [DEVICE] << CP-kk-01 [2,"c81cd1dd-3774-49e0-9db5-33365d786fef","Heartbeat",{}]
[23:00:12] [DEVICE] >> CP-kk-01 [3,"c81cd1dd-3774-49e0-9db5-33365d786fef",{"currentTime":"2026-06-15T15:00:12Z"}]
[23:01:12] [DEVICE] << CP-kk-01 [2,"d4bf97a8-432e-4724-9d8a-4dab2f616679","Heartbeat",{}]
[23:01:12] [DEVICE] >> CP-kk-01 [3,"d4bf97a8-432e-4724-9d8a-4dab2f616679",{"currentTime":"2026-06-15T15:01:12Z"}]
[23:02:12] [DEVICE] << CP-kk-01 [2,"1b09aaf2-78d0-44dd-b9c4-8a2b05864f28","Heartbeat",{}]
[23:02:12] [DEVICE] >> CP-kk-01 [3,"1b09aaf2-78d0-44dd-b9c4-8a2b05864f28",{"currentTime":"2026-06-15T15:02:12Z"}]
[23:03:12] [DEVICE] << CP-kk-01 [2,"f6a19ef9-366f-479b-8da3-c86f828b8923","Heartbeat",{}]
[23:03:12] [DEVICE] >> CP-kk-01 [3,"f6a19ef9-366f-479b-8da3-c86f828b8923",{"currentTime":"2026-06-15T15:03:12Z"}]
[23:04:12] [DEVICE] << CP-kk-01 [2,"7b9069c4-b1fd-4b58-9a90-ac24b903a732","Heartbeat",{}]
[23:04:12] [DEVICE] >> CP-kk-01 [3,"7b9069c4-b1fd-4b58-9a90-ac24b903a732",{"currentTime":"2026-06-15T15:04:12Z"}]
[23:05:12] [DEVICE] << CP-kk-01 [2,"58d7bb14-79cc-44b2-aaa3-c97f3a16dc4b","Heartbeat",{}]
[23:05:12] [DEVICE] >> CP-kk-01 [3,"58d7bb14-79cc-44b2-aaa3-c97f3a16dc4b",{"currentTime":"2026-06-15T15:05:12Z"}]
[23:06:12] [DEVICE] << CP-kk-01 [2,"3452996c-71cf-4288-b13d-d048267525f2","Heartbeat",{}]
[23:06:12] [DEVICE] >> CP-kk-01 [3,"3452996c-71cf-4288-b13d-d048267525f2",{"currentTime":"2026-06-15T15:06:12Z"}]
[23:07:12] [DEVICE] << CP-kk-01 [2,"2c190679-ff5d-4ae1-b2ce-73c8a2a00d41","Heartbeat",{}]
[23:07:12] [DEVICE] >> CP-kk-01 [3,"2c190679-ff5d-4ae1-b2ce-73c8a2a00d41",{"currentTime":"2026-06-15T15:07:12Z"}]
[23:08:12] [DEVICE] << CP-kk-01 [2,"17309a7b-70cf-4dd5-97f5-0d094104c244","Heartbeat",{}]
[23:08:12] [DEVICE] >> CP-kk-01 [3,"17309a7b-70cf-4dd5-97f5-0d094104c244",{"currentTime":"2026-06-15T15:08:12Z"}]
[23:09:12] [DEVICE] << CP-kk-01 [2,"79d88be3-3133-4ddb-b58c-4d640c87060f","Heartbeat",{}]
[23:09:12] [DEVICE] >> CP-kk-01 [3,"79d88be3-3133-4ddb-b58c-4d640c87060f",{"currentTime":"2026-06-15T15:09:12Z"}]
[23:10:12] [DEVICE] << CP-kk-01 [2,"e7e432ac-9a78-4b9e-bd18-df0b8e5625e1","Heartbeat",{}]
[23:10:12] [DEVICE] >> CP-kk-01 [3,"e7e432ac-9a78-4b9e-bd18-df0b8e5625e1",{"currentTime":"2026-06-15T15:10:12Z"}]
[23:11:12] [DEVICE] << CP-kk-01 [2,"7b07b211-3dea-4036-ad94-360d132211ce","Heartbeat",{}]
[23:11:12] [DEVICE] >> CP-kk-01 [3,"7b07b211-3dea-4036-ad94-360d132211ce",{"currentTime":"2026-06-15T15:11:12Z"}]
[23:12:12] [DEVICE] << CP-kk-01 [2,"df3c1b63-a457-4213-893f-b8f23d58bfae","Heartbeat",{}]
[23:12:12] [DEVICE] >> CP-kk-01 [3,"df3c1b63-a457-4213-893f-b8f23d58bfae",{"currentTime":"2026-06-15T15:12:12Z"}]
[23:13:12] [DEVICE] << CP-kk-01 [2,"e87792df-3e61-46c1-9048-ffea8405fcf5","Heartbeat",{}]
[23:13:12] [DEVICE] >> CP-kk-01 [3,"e87792df-3e61-46c1-9048-ffea8405fcf5",{"currentTime":"2026-06-15T15:13:12Z"}]
[23:14:12] [DEVICE] << CP-kk-01 [2,"241e2628-5c31-49ae-9d23-10137924d0fb","Heartbeat",{}]
[23:14:12] [DEVICE] >> CP-kk-01 [3,"241e2628-5c31-49ae-9d23-10137924d0fb",{"currentTime":"2026-06-15T15:14:12Z"}]
[23:15:13] [DEVICE] << CP-kk-01 [2,"17afe015-7c27-4e3f-aa4f-5dc73465f9e3","Heartbeat",{}]
[23:15:13] [DEVICE] >> CP-kk-01 [3,"17afe015-7c27-4e3f-aa4f-5dc73465f9e3",{"currentTime":"2026-06-15T15:15:13Z"}]
[23:16:13] [DEVICE] << CP-kk-01 [2,"bf3904ef-8df3-4c50-8d96-493dfa47d48a","Heartbeat",{}]
[23:16:13] [DEVICE] >> CP-kk-01 [3,"bf3904ef-8df3-4c50-8d96-493dfa47d48a",{"currentTime":"2026-06-15T15:16:13Z"}]
[23:17:13] [DEVICE] << CP-kk-01 [2,"54d490e1-838a-4767-b319-83d3fd994c9c","Heartbeat",{}]
[23:17:13] [DEVICE] >> CP-kk-01 [3,"54d490e1-838a-4767-b319-83d3fd994c9c",{"currentTime":"2026-06-15T15:17:13Z"}]
[23:18:13] [DEVICE] << CP-kk-01 [2,"fc1a0862-97f0-4d60-bb2d-5c3c937fe6af","Heartbeat",{}]
[23:18:13] [DEVICE] >> CP-kk-01 [3,"fc1a0862-97f0-4d60-bb2d-5c3c937fe6af",{"currentTime":"2026-06-15T15:18:13Z"}]
[23:19:13] [DEVICE] << CP-kk-01 [2,"46db347e-f240-480c-81e1-59e1044d2804","Heartbeat",{}]
[23:19:13] [DEVICE] >> CP-kk-01 [3,"46db347e-f240-480c-81e1-59e1044d2804",{"currentTime":"2026-06-15T15:19:13Z"}]
[23:20:13] [DEVICE] << CP-kk-01 [2,"361444ee-582e-4fa3-9932-3803486b4075","Heartbeat",{}]
[23:20:13] [DEVICE] >> CP-kk-01 [3,"361444ee-582e-4fa3-9932-3803486b4075",{"currentTime":"2026-06-15T15:20:13Z"}]
[23:21:13] [DEVICE] << CP-kk-01 [2,"3cba97b0-a834-4768-8a98-395d874a0e3a","Heartbeat",{}]
[23:21:13] [DEVICE] >> CP-kk-01 [3,"3cba97b0-a834-4768-8a98-395d874a0e3a",{"currentTime":"2026-06-15T15:21:13Z"}]
[23:22:13] [DEVICE] << CP-kk-01 [2,"311a99c1-25a6-462f-94a2-d94c9df45b24","Heartbeat",{}]
[23:22:13] [DEVICE] >> CP-kk-01 [3,"311a99c1-25a6-462f-94a2-d94c9df45b24",{"currentTime":"2026-06-15T15:22:13Z"}]
[23:23:13] [DEVICE] << CP-kk-01 [2,"73eb9a67-c343-461c-9234-67b23aeca111","Heartbeat",{}]
[23:23:13] [DEVICE] >> CP-kk-01 [3,"73eb9a67-c343-461c-9234-67b23aeca111",{"currentTime":"2026-06-15T15:23:13Z"}]
[23:24:13] [DEVICE] << CP-kk-01 [2,"d944c0a8-fa60-4e88-b781-5e7a77b6bc19","Heartbeat",{}]
[23:24:13] [DEVICE] >> CP-kk-01 [3,"d944c0a8-fa60-4e88-b781-5e7a77b6bc19",{"currentTime":"2026-06-15T15:24:13Z"}]
[23:25:13] [DEVICE] << CP-kk-01 [2,"0ca60cbc-577e-4175-9ca3-9bf053ad496f","Heartbeat",{}]
[23:25:13] [DEVICE] >> CP-kk-01 [3,"0ca60cbc-577e-4175-9ca3-9bf053ad496f",{"currentTime":"2026-06-15T15:25:13Z"}]
[23:26:13] [DEVICE] << CP-kk-01 [2,"0fe8103a-25f1-4057-b64e-ea5af359eada","Heartbeat",{}]
[23:26:13] [DEVICE] >> CP-kk-01 [3,"0fe8103a-25f1-4057-b64e-ea5af359eada",{"currentTime":"2026-06-15T15:26:13Z"}]
[23:27:13] [DEVICE] << CP-kk-01 [2,"ea44bba9-c56e-453d-9655-e413b9e2e680","Heartbeat",{}]
[23:27:13] [DEVICE] >> CP-kk-01 [3,"ea44bba9-c56e-453d-9655-e413b9e2e680",{"currentTime":"2026-06-15T15:27:13Z"}]
[23:28:13] [DEVICE] << CP-kk-01 [2,"f88a294b-6802-4008-88ba-5b26ada05f4d","Heartbeat",{}]
[23:28:13] [DEVICE] >> CP-kk-01 [3,"f88a294b-6802-4008-88ba-5b26ada05f4d",{"currentTime":"2026-06-15T15:28:13Z"}]
[23:29:13] [DEVICE] << CP-kk-01 [2,"6368fc75-4978-4f59-be44-bbcf1fbe9ac6","Heartbeat",{}]
[23:29:13] [DEVICE] >> CP-kk-01 [3,"6368fc75-4978-4f59-be44-bbcf1fbe9ac6",{"currentTime":"2026-06-15T15:29:13Z"}]
[23:30:13] [DEVICE] << CP-kk-01 [2,"3f1690e7-64f4-4f2c-bbc0-1cbb45980079","Heartbeat",{}]
[23:30:13] [DEVICE] >> CP-kk-01 [3,"3f1690e7-64f4-4f2c-bbc0-1cbb45980079",{"currentTime":"2026-06-15T15:30:13Z"}]
[23:31:13] [DEVICE] << CP-kk-01 [2,"7ccae229-5e4a-4047-93fd-0e93561b26fd","Heartbeat",{}]
[23:31:13] [DEVICE] >> CP-kk-01 [3,"7ccae229-5e4a-4047-93fd-0e93561b26fd",{"currentTime":"2026-06-15T15:31:13Z"}]
[23:32:13] [DEVICE] << CP-kk-01 [2,"17fa9d3e-4d0a-4211-bd84-9e22c8d12684","Heartbeat",{}]
[23:32:13] [DEVICE] >> CP-kk-01 [3,"17fa9d3e-4d0a-4211-bd84-9e22c8d12684",{"currentTime":"2026-06-15T15:32:13Z"}]
[23:33:13] [DEVICE] << CP-kk-01 [2,"1b8ea1b6-c804-4ed3-ac30-d207ff534584","Heartbeat",{}]
[23:33:13] [DEVICE] >> CP-kk-01 [3,"1b8ea1b6-c804-4ed3-ac30-d207ff534584",{"currentTime":"2026-06-15T15:33:13Z"}]
[23:34:13] [DEVICE] << CP-kk-01 [2,"9984d7ca-a8b8-4664-b035-bbecfeb4f8fb","Heartbeat",{}]
[23:34:13] [DEVICE] >> CP-kk-01 [3,"9984d7ca-a8b8-4664-b035-bbecfeb4f8fb",{"currentTime":"2026-06-15T15:34:13Z"}]
[23:35:13] [DEVICE] << CP-kk-01 [2,"613a92c5-2c34-43b0-861b-5af6b53ed0f4","Heartbeat",{}]
[23:35:13] [DEVICE] >> CP-kk-01 [3,"613a92c5-2c34-43b0-861b-5af6b53ed0f4",{"currentTime":"2026-06-15T15:35:13Z"}]
[23:36:13] [DEVICE] << CP-kk-01 [2,"89ac244c-4145-4e63-9485-6ca3d8f84ac9","Heartbeat",{}]
[23:36:13] [DEVICE] >> CP-kk-01 [3,"89ac244c-4145-4e63-9485-6ca3d8f84ac9",{"currentTime":"2026-06-15T15:36:13Z"}]
[23:37:13] [DEVICE] << CP-kk-01 [2,"8b5bd193-00c4-4df1-b166-50d27dd985e3","Heartbeat",{}]
[23:37:13] [DEVICE] >> CP-kk-01 [3,"8b5bd193-00c4-4df1-b166-50d27dd985e3",{"currentTime":"2026-06-15T15:37:13Z"}]
[23:38:13] [DEVICE] << CP-kk-01 [2,"34a350f7-af64-44de-ba90-b3927778e310","Heartbeat",{}]
[23:38:13] [DEVICE] >> CP-kk-01 [3,"34a350f7-af64-44de-ba90-b3927778e310",{"currentTime":"2026-06-15T15:38:13Z"}]
[23:39:13] [DEVICE] << CP-kk-01 [2,"596d57d7-7164-4121-9388-53be6c614456","Heartbeat",{}]
[23:39:13] [DEVICE] >> CP-kk-01 [3,"596d57d7-7164-4121-9388-53be6c614456",{"currentTime":"2026-06-15T15:39:13Z"}]
[23:40:13] [DEVICE] << CP-kk-01 [2,"2edea5d3-b01a-432e-b424-ced3cae1e27f","Heartbeat",{}]
[23:40:13] [DEVICE] >> CP-kk-01 [3,"2edea5d3-b01a-432e-b424-ced3cae1e27f",{"currentTime":"2026-06-15T15:40:13Z"}]
[23:41:13] [DEVICE] << CP-kk-01 [2,"24341934-8e53-4711-9259-de36b8115129","Heartbeat",{}]
[23:41:13] [DEVICE] >> CP-kk-01 [3,"24341934-8e53-4711-9259-de36b8115129",{"currentTime":"2026-06-15T15:41:13Z"}]
[23:42:13] [DEVICE] << CP-kk-01 [2,"83798aeb-d571-4a93-87ce-26271f145cd5","Heartbeat",{}]
[23:42:13] [DEVICE] >> CP-kk-01 [3,"83798aeb-d571-4a93-87ce-26271f145cd5",{"currentTime":"2026-06-15T15:42:13Z"}]
[23:43:13] [DEVICE] << CP-kk-01 [2,"fa8efd9c-3df3-4069-9343-512fbab64a5c","Heartbeat",{}]
[23:43:13] [DEVICE] >> CP-kk-01 [3,"fa8efd9c-3df3-4069-9343-512fbab64a5c",{"currentTime":"2026-06-15T15:43:13Z"}]
[23:44:13] [DEVICE] << CP-kk-01 [2,"7ebeeb84-fb81-4510-b5d9-73cd3608ddef","Heartbeat",{}]
[23:44:13] [DEVICE] >> CP-kk-01 [3,"7ebeeb84-fb81-4510-b5d9-73cd3608ddef",{"currentTime":"2026-06-15T15:44:13Z"}]
[23:45:13] [DEVICE] << CP-kk-01 [2,"8b719a95-5183-457a-ba77-36a1c6dbc4e1","Heartbeat",{}]
[23:45:13] [DEVICE] >> CP-kk-01 [3,"8b719a95-5183-457a-ba77-36a1c6dbc4e1",{"currentTime":"2026-06-15T15:45:13Z"}]
[23:46:13] [DEVICE] << CP-kk-01 [2,"2b3737c5-6d24-4fb4-a4d4-07f78f19b4cc","Heartbeat",{}]
[23:46:13] [DEVICE] >> CP-kk-01 [3,"2b3737c5-6d24-4fb4-a4d4-07f78f19b4cc",{"currentTime":"2026-06-15T15:46:13Z"}]
[23:47:13] [DEVICE] << CP-kk-01 [2,"df61afc8-a97b-48f4-b830-4b6f6c2a0b9c","Heartbeat",{}]
[23:47:13] [DEVICE] >> CP-kk-01 [3,"df61afc8-a97b-48f4-b830-4b6f6c2a0b9c",{"currentTime":"2026-06-15T15:47:13Z"}]
[23:48:13] [DEVICE] << CP-kk-01 [2,"9bc5fb23-3649-43a4-81c5-da1276faa7ed","Heartbeat",{}]
[23:48:13] [DEVICE] >> CP-kk-01 [3,"9bc5fb23-3649-43a4-81c5-da1276faa7ed",{"currentTime":"2026-06-15T15:48:13Z"}]
[23:49:13] [DEVICE] << CP-kk-01 [2,"cb049a37-3b68-48c0-a286-0e9e11c47472","Heartbeat",{}]
[23:49:13] [DEVICE] >> CP-kk-01 [3,"cb049a37-3b68-48c0-a286-0e9e11c47472",{"currentTime":"2026-06-15T15:49:13Z"}]
[23:50:13] [DEVICE] << CP-kk-01 [2,"664a7026-5186-42a8-8d3c-5b883644c474","Heartbeat",{}]
[23:50:13] [DEVICE] >> CP-kk-01 [3,"664a7026-5186-42a8-8d3c-5b883644c474",{"currentTime":"2026-06-15T15:50:13Z"}]
[23:51:13] [DEVICE] << CP-kk-01 [2,"163234da-5114-4b6d-842d-c68d293fd7b9","Heartbeat",{}]
[23:51:13] [DEVICE] >> CP-kk-01 [3,"163234da-5114-4b6d-842d-c68d293fd7b9",{"currentTime":"2026-06-15T15:51:13Z"}]
[23:52:13] [DEVICE] << CP-kk-01 [2,"ef7d4c9b-c297-403a-8da7-899dcaf77bf5","Heartbeat",{}]
[23:52:13] [DEVICE] >> CP-kk-01 [3,"ef7d4c9b-c297-403a-8da7-899dcaf77bf5",{"currentTime":"2026-06-15T15:52:13Z"}]
[23:53:13] [DEVICE] << CP-kk-01 [2,"d8170fd0-e0b7-4257-9a74-2472a7fa76fe","Heartbeat",{}]
[23:53:13] [DEVICE] >> CP-kk-01 [3,"d8170fd0-e0b7-4257-9a74-2472a7fa76fe",{"currentTime":"2026-06-15T15:53:13Z"}]
[23:54:13] [DEVICE] << CP-kk-01 [2,"3737185d-5325-4ab8-96ab-b0853a489913","Heartbeat",{}]
[23:54:13] [DEVICE] >> CP-kk-01 [3,"3737185d-5325-4ab8-96ab-b0853a489913",{"currentTime":"2026-06-15T15:54:13Z"}]
[23:55:13] [DEVICE] << CP-kk-01 [2,"2aa3dbcd-d55c-40f5-9b83-b3918a27aaf4","Heartbeat",{}]
[23:55:13] [DEVICE] >> CP-kk-01 [3,"2aa3dbcd-d55c-40f5-9b83-b3918a27aaf4",{"currentTime":"2026-06-15T15:55:13Z"}]
[23:56:13] [DEVICE] << CP-kk-01 [2,"a12fe24c-0524-41ee-a7ea-156a64c8e155","Heartbeat",{}]
[23:56:13] [DEVICE] >> CP-kk-01 [3,"a12fe24c-0524-41ee-a7ea-156a64c8e155",{"currentTime":"2026-06-15T15:56:13Z"}]
[23:57:13] [DEVICE] << CP-kk-01 [2,"d7929e73-16bb-4a1c-a87f-9308cf04b666","Heartbeat",{}]
[23:57:13] [DEVICE] >> CP-kk-01 [3,"d7929e73-16bb-4a1c-a87f-9308cf04b666",{"currentTime":"2026-06-15T15:57:13Z"}]
[23:58:13] [DEVICE] << CP-kk-01 [2,"29f4d164-9f4a-4b7d-9526-a42dca34d248","Heartbeat",{}]
[23:58:13] [DEVICE] >> CP-kk-01 [3,"29f4d164-9f4a-4b7d-9526-a42dca34d248",{"currentTime":"2026-06-15T15:58:13Z"}]
[23:59:14] [DEVICE] << CP-kk-01 [2,"4e695221-5459-4f6d-8481-73d87520c390","Heartbeat",{}]
[23:59:14] [DEVICE] >> CP-kk-01 [3,"4e695221-5459-4f6d-8481-73d87520c390",{"currentTime":"2026-06-15T15:59:14Z"}]
