[16:32:42] [DEVICE] << [2,"58dcf105-5892-4345-9dc9-b125b5e28d05","BootNotification",{"chargePointVendor":"NA","chargePointModel":"NA","firmwareVersion":"vOB020T22T--01.00.007--","chargePointSerialNumber":"CED888888888","iccid":"NA","imsi":"NA"}]
[16:32:42] [DEVICE] >> [3,"58dcf105-5892-4345-9dc9-b125b5e28d05",{"currentTime":"2026-06-30T08:32:42Z","interval":60,"status":"Accepted"}]
[16:32:42] [DEVICE] << [2,"6e1d5aa1-58fe-47e7-bab2-94a53990bce2","StatusNotification",{"connectorId":1, "errorCode":"NoError", "status":"Available","info":"","timestamp":"2026-06-30T08:32:42.107Z","vendorId":"NA","vendorErrorCode":""}]
[16:32:42] [DEVICE] >> [3,"6e1d5aa1-58fe-47e7-bab2-94a53990bce2",{}]
[16:32:42] [DEVICE] << [2,"36eaf205-d527-40ad-aa68-fc8a17b791a6","StatusNotification",{"connectorId":0, "errorCode":"NoError", "status":"Available","info":"","timestamp":"2026-06-30T08:32:42.309Z","vendorId":"NA","vendorErrorCode":""}]
[16:32:42] [DEVICE] >> [3,"36eaf205-d527-40ad-aa68-fc8a17b791a6",{}]
[16:33:16] [DEVICE] << [2,"8d616d38-922b-46dc-a73f-cd44eaeca6a2","Heartbeat",{}]
[16:33:17] [DEVICE] >> [3,"8d616d38-922b-46dc-a73f-cd44eaeca6a2",{"currentTime":"2026-06-30T08:33:17Z"}]
[16:34:16] [DEVICE] << [2,"9e833fb9-c8d7-491d-8850-2fc3b051d6aa","Heartbeat",{}]
[16:34:17] [DEVICE] >> [3,"9e833fb9-c8d7-491d-8850-2fc3b051d6aa",{"currentTime":"2026-06-30T08:34:17Z"}]
[16:34:27] [DEVICE] >> [2,"1d886d5e-2e94-44ca-8095-973b328f5d9d","DataTransfer",{"data":"{\"certificate\":\"-----BEGIN CERTIFICATE-----\\nMIIB4zCCAYigAwIBAgIEATCROjAKBggqhkjOPQQDAjBXMRMwEQYKCZImiZPyLGQB\\nGRYDVjJHMQswCQYDVQQGEwJDTjEMMAoGA1UECgwDR1dUMSUwIwYDVQQDDBxHV1Rf\\nUEtJLTFfQ1JUX1YyR19ST09UX1ZBTElEMB4XDTI1MDcxNTE0MDkzMFoXDTM0MDcw\\nNTE0MDkzMFowVzETMBEGCgmSJomT8ixkARkWA1YyRzELMAkGA1UEBhMCQ04xDDAK\\nBgNVBAoMA0dXVDElMCMGA1UEAwwcR1dUX1BLSS0xX0NSVF9WMkdfUk9PVF9WQUxJ\\nRDBZMBMGByqGSM49AgEGCCqGSM49AwEHA0IABIv2MaMjMcr6vO...
[16:34:27] [DEVICE] << [3,"1d886d5e-2e94-44ca-8095-973b328f5d9d",{"status":"Accepted"}]
[16:34:36] [DEVICE] >> [2,"98fa4d67-266b-46c3-afd2-b1d27dff376e","DataTransfer",{"data":"{\"certificate\":\"-----BEGIN CERTIFICATE-----\\nMIIB4DCCAYagAwIBAgIEATPu3jAKBggqhkjOPQQDAjBWMRMwEQYKCZImiZPyLGQB\\nGRYDVjJHMQswCQYDVQQGEwJDTjEMMAoGA1UECgwDR1dUMSQwIgYDVQQDDBtHV1Rf\\nUEtJLTFfQ1JUX01PX1JPT1RfVkFMSUQwHhcNMjUwNzE1MTQwOTMwWhcNMzQwNzA1\\nMTQwOTMwWjBWMRMwEQYKCZImiZPyLGQBGRYDVjJHMQswCQYDVQQGEwJDTjEMMAoG\\nA1UECgwDR1dUMSQwIgYDVQQDDBtHV1RfUEtJLTFfQ1JUX01PX1JPT1RfVkFMSUQw\\nWTATBgcqhkjOPQIBBggqhkjOPQMBBwNCAAScY/W8UKs0xUx85k...
[16:34:36] [DEVICE] << [3,"98fa4d67-266b-46c3-afd2-b1d27dff376e",{"status":"Accepted"}]
[16:34:43] [DEVICE] >> [2,"ed92094a-0ef3-4ca9-af41-f7a07877674d","DataTransfer",{"data":"{\"requestedMessage\":\"SignCertificate\"}","messageId":"TriggerMessage","vendorId":"org.openchargealliance.iso15118pnc"}]
[16:34:43] [DEVICE] << [3,"ed92094a-0ef3-4ca9-af41-f7a07877674d",{"status":"Accepted"}]
[16:34:44] [DEVICE] << [2,"2f887ea9-bf16-4945-92fb-30067347befe","DataTransfer",{"vendorId":"org.openchargealliance.iso15118pnc","messageId":"SignCertificate","data":"{\"csr\":\"-----BEGIN CERTIFICATE REQUEST-----\nMIHsMIGTAgEAMDExCzAJBgNVBAoMAk5BMRUwEwYDVQQDDAxDRUQ4ODg4ODg4ODgx\nCzAJBgNVBAYTAkNOMFkwEwYHKoZIzj0CAQYIKoZIzj0DAQcDQgAE6s3erpEQW34p\np7JdCMOtlcnjDOwwMldAIkifXdHJ/tnsVQ/D31VjRAndy6tDlOTcNowd9BrBN18L\nmD27WOrCwaAAMAoGCCqGSM49BAMCA0gAMEUCIQDHDwMaQlukwRkrt8ls2O7rzy5A\nWwQMP9LkAtzpZYu6rgIgeMXtxlHKfesD7qjlSW9owf5r...
[16:34:44] [DEVICE] >> [3,"2f887ea9-bf16-4945-92fb-30067347befe",{"status":"Rejected"}]
[16:35:16] [DEVICE] << [2,"bda73cf1-3ecc-41ae-81be-10caf2c636fc","Heartbeat",{}]
[16:35:17] [DEVICE] >> [3,"bda73cf1-3ecc-41ae-81be-10caf2c636fc",{"currentTime":"2026-06-30T08:35:17Z"}]
[16:36:17] [DEVICE] << [2,"0532b8b9-76be-4c08-a4cf-575e8ec7e42a","Heartbeat",{}]
[16:36:17] [DEVICE] >> [3,"0532b8b9-76be-4c08-a4cf-575e8ec7e42a",{"currentTime":"2026-06-30T08:36:17Z"}]
[16:37:17] [DEVICE] << [2,"cca61e1f-d642-44ff-b20c-630a8fe8e8ab","Heartbeat",{}]
[16:37:17] [DEVICE] >> [3,"cca61e1f-d642-44ff-b20c-630a8fe8e8ab",{"currentTime":"2026-06-30T08:37:17Z"}]
[16:38:17] [DEVICE] << [2,"866333ca-8fdf-4a3d-b44b-124cec25d217","Heartbeat",{}]
[16:38:17] [DEVICE] >> [3,"866333ca-8fdf-4a3d-b44b-124cec25d217",{"currentTime":"2026-06-30T08:38:17Z"}]
[16:39:17] [DEVICE] << [2,"0516639b-c469-4352-b2ce-fbd34d511a9d","Heartbeat",{}]
[16:39:17] [DEVICE] >> [3,"0516639b-c469-4352-b2ce-fbd34d511a9d",{"currentTime":"2026-06-30T08:39:17Z"}]
[16:40:17] [DEVICE] << [2,"c1cacff3-25bc-4903-8423-9bad2fa8cd77","Heartbeat",{}]
[16:40:17] [DEVICE] >> [3,"c1cacff3-25bc-4903-8423-9bad2fa8cd77",{"currentTime":"2026-06-30T08:40:17Z"}]
[16:41:17] [DEVICE] << [2,"35c1e988-59e5-41c6-bf0f-7ea4ba52eb51","Heartbeat",{}]
[16:41:17] [DEVICE] >> [3,"35c1e988-59e5-41c6-bf0f-7ea4ba52eb51",{"currentTime":"2026-06-30T08:41:17Z"}]
[16:42:17] [DEVICE] << [2,"afb54cd5-5b86-42fc-9eac-7eb0908daacb","Heartbeat",{}]
[16:42:17] [DEVICE] >> [3,"afb54cd5-5b86-42fc-9eac-7eb0908daacb",{"currentTime":"2026-06-30T08:42:17Z"}]
[16:43:17] [DEVICE] << [2,"b16db8e7-5c9f-47eb-96cd-476a2678dad6","Heartbeat",{}]
[16:43:17] [DEVICE] >> [3,"b16db8e7-5c9f-47eb-96cd-476a2678dad6",{"currentTime":"2026-06-30T08:43:17Z"}]
[16:45:17] [DEVICE] << [2,"45fc7df9-3f57-46d5-90ea-91d3e2a2f6c1","Heartbeat",{}]
[16:45:17] [DEVICE] >> [3,"45fc7df9-3f57-46d5-90ea-91d3e2a2f6c1",{"currentTime":"2026-06-30T08:45:17Z"}]
[16:45:23] [DEVICE] >> [2,"a7e1943d-3e9a-4351-be98-c24ac6a27442","DataTransfer",{"data":"{\"requestedMessage\":\"SignCertificate\"}","messageId":"TriggerMessage","vendorId":"org.openchargealliance.iso15118pnc"}]
[16:45:23] [DEVICE] << [3,"a7e1943d-3e9a-4351-be98-c24ac6a27442",{"status":"Accepted"}]
[16:46:17] [DEVICE] << [2,"fe086e16-584a-4120-a6e4-08944864d4a9","Heartbeat",{}]
[16:46:17] [DEVICE] >> [3,"fe086e16-584a-4120-a6e4-08944864d4a9",{"currentTime":"2026-06-30T08:46:17Z"}]
[16:46:29] [DEVICE] >> [2,"321ecbc2-d6d3-41b5-9299-cd944073f657","DataTransfer",{"data":"{\"requestedMessage\":\"SignCertificate\"}","messageId":"TriggerMessage","vendorId":"org.openchargealliance.iso15118pnc"}]
[16:46:29] [DEVICE] << [3,"321ecbc2-d6d3-41b5-9299-cd944073f657",{"status":"Accepted"}]
[16:47:17] [DEVICE] << [2,"598ad59a-867e-4883-9961-9513d890c3c8","Heartbeat",{}]
[16:47:17] [DEVICE] >> [3,"598ad59a-867e-4883-9961-9513d890c3c8",{"currentTime":"2026-06-30T08:47:17Z"}]
[16:48:17] [DEVICE] << [2,"0d9c0ecc-ed08-486b-b298-4ea32b54fb7e","Heartbeat",{}]
[16:48:17] [DEVICE] >> [3,"0d9c0ecc-ed08-486b-b298-4ea32b54fb7e",{"currentTime":"2026-06-30T08:48:17Z"}]
[16:49:17] [DEVICE] << [2,"f8df8677-9255-4b15-8916-4b3d923dfda7","Heartbeat",{}]
[16:49:17] [DEVICE] >> [3,"f8df8677-9255-4b15-8916-4b3d923dfda7",{"currentTime":"2026-06-30T08:49:17Z"}]
[16:50:17] [DEVICE] << [2,"43f601b6-d60b-41b7-b4c4-e2756f6425da","Heartbeat",{}]
[16:50:17] [DEVICE] >> [3,"43f601b6-d60b-41b7-b4c4-e2756f6425da",{"currentTime":"2026-06-30T08:50:17Z"}]
[16:51:17] [DEVICE] << [2,"9f6f16af-a9dc-45ca-a93b-70e3be8fd932","Heartbeat",{}]
[16:51:17] [DEVICE] >> [3,"9f6f16af-a9dc-45ca-a93b-70e3be8fd932",{"currentTime":"2026-06-30T08:51:17Z"}]
[16:52:17] [DEVICE] << [2,"8c94110d-f80d-4d22-9e51-8ebb2f07934e","Heartbeat",{}]
[16:52:17] [DEVICE] >> [3,"8c94110d-f80d-4d22-9e51-8ebb2f07934e",{"currentTime":"2026-06-30T08:52:17Z"}]
[16:53:17] [DEVICE] << [2,"82301417-c8d3-4d6d-acd2-724d226e6315","Heartbeat",{}]
[16:53:17] [DEVICE] >> [3,"82301417-c8d3-4d6d-acd2-724d226e6315",{"currentTime":"2026-06-30T08:53:17Z"}]
[16:53:47] [DEVICE] >> [2,"c9ac0fc7-c1ec-4cf1-b971-698f9eec346d","DataTransfer",{"data":"{\"requestedMessage\":\"SignCertificate\"}","messageId":"TriggerMessage","vendorId":"org.openchargealliance.iso15118pnc"}]
[16:53:47] [DEVICE] << [3,"c9ac0fc7-c1ec-4cf1-b971-698f9eec346d",{"status":"Accepted"}]
[16:54:17] [DEVICE] << [2,"84484c7c-4dc7-4143-8fbb-56450a56e5b7","Heartbeat",{}]
[16:54:17] [DEVICE] >> [3,"84484c7c-4dc7-4143-8fbb-56450a56e5b7",{"currentTime":"2026-06-30T08:54:17Z"}]
[16:55:17] [DEVICE] << [2,"43fede04-5102-4813-b3b0-cec1bf04ded8","Heartbeat",{}]
[16:55:17] [DEVICE] >> [3,"43fede04-5102-4813-b3b0-cec1bf04ded8",{"currentTime":"2026-06-30T08:55:17Z"}]
[16:56:17] [DEVICE] << [2,"9958e889-4cec-40c5-b8d0-e14815ef4182","Heartbeat",{}]
[16:56:17] [DEVICE] >> [3,"9958e889-4cec-40c5-b8d0-e14815ef4182",{"currentTime":"2026-06-30T08:56:17Z"}]
[16:57:45] [DEVICE] << [2,"87acd61d-53e4-4d7a-b6cf-6675e2b48e54","BootNotification",{"chargePointVendor":"NA","chargePointModel":"NA","firmwareVersion":"vOB020T22T--01.00.007--","chargePointSerialNumber":"CED888888888","iccid":"NA","imsi":"NA"}]
[16:57:45] [DEVICE] >> [3,"87acd61d-53e4-4d7a-b6cf-6675e2b48e54",{"currentTime":"2026-06-30T08:57:45Z","interval":60,"status":"Accepted"}]
[16:57:46] [DEVICE] << [2,"e7ae9df3-1d88-4137-83f3-dd619fa325f2","StatusNotification",{"connectorId":1, "errorCode":"NoError", "status":"Available","info":"","timestamp":"2026-06-30T08:57:45.106Z","vendorId":"NA","vendorErrorCode":""}]
[16:57:46] [DEVICE] >> [3,"e7ae9df3-1d88-4137-83f3-dd619fa325f2",{}]
[16:57:46] [DEVICE] << [2,"a23c9100-a3c7-4fbc-aac8-c2b3b5eddc76","StatusNotification",{"connectorId":0, "errorCode":"NoError", "status":"Available","info":"","timestamp":"2026-06-30T08:57:45.308Z","vendorId":"NA","vendorErrorCode":""}]
[16:57:46] [DEVICE] >> [3,"a23c9100-a3c7-4fbc-aac8-c2b3b5eddc76",{}]
[16:58:20] [DEVICE] << [2,"01341118-00a6-4ec5-bfc9-b616e28b1874","Heartbeat",{}]
[16:58:20] [DEVICE] >> [3,"01341118-00a6-4ec5-bfc9-b616e28b1874",{"currentTime":"2026-06-30T08:58:20Z"}]
[16:59:06] [DEVICE] >> [2,"9be2ba3b-861e-4657-8e3a-b8b4535be828","DataTransfer",{"data":"{\"requestedMessage\":\"SignCertificate\"}","messageId":"TriggerMessage","vendorId":"org.openchargealliance.iso15118pnc"}]
[16:59:06] [DEVICE] << [3,"9be2ba3b-861e-4657-8e3a-b8b4535be828",{"status":"Accepted"}]
[16:59:06] [DEVICE] << [2,"4f75f06f-b823-40be-8d06-6caccdaed808","DataTransfer",{"vendorId":"org.openchargealliance.iso15118pnc","messageId":"SignCertificate","data":"{\"csr\":\"-----BEGIN CERTIFICATE REQUEST-----\nMIHsMIGTAgEAMDExCzAJBgNVBAoMAk5BMRUwEwYDVQQDDAxDRUQ4ODg4ODg4ODgx\nCzAJBgNVBAYTAkNOMFkwEwYHKoZIzj0CAQYIKoZIzj0DAQcDQgAECVyAmfunVMKZ\nWWSuxQCzsKO9pi5ZehCVg3nxYSWTg6J3rSxH7Pnd4T4KdJ8AWBZWBBmt0uHchrgl\nRK04DVLjQqAAMAoGCCqGSM49BAMCA0gAMEUCIQCZsPJAkcEfWLgNGkoa5DkDNfnx\nCbcwbzXm/kbnXEDl2QIgFCkfv2xGd1Fd9tIVDNhW3pN2...
[16:59:06] [DEVICE] >> [3,"4f75f06f-b823-40be-8d06-6caccdaed808",{"status":"Rejected"}]
[16:59:20] [DEVICE] << [2,"a3d7ac5e-4550-4147-aef0-92b5df264e25","Heartbeat",{}]
[16:59:20] [DEVICE] >> [3,"a3d7ac5e-4550-4147-aef0-92b5df264e25",{"currentTime":"2026-06-30T08:59:20Z"}]
[17:00:20] [DEVICE] << [2,"56e106e0-68c1-468c-b52f-e95e5b2b930c","Heartbeat",{}]
[17:00:20] [DEVICE] >> [3,"56e106e0-68c1-468c-b52f-e95e5b2b930c",{"currentTime":"2026-06-30T09:00:20Z"}]
[17:01:20] [DEVICE] << [2,"b14f6851-e101-47b0-a219-b3d624ef255b","Heartbeat",{}]
[17:01:20] [DEVICE] >> [3,"b14f6851-e101-47b0-a219-b3d624ef255b",{"currentTime":"2026-06-30T09:01:20Z"}]
[17:02:20] [DEVICE] << [2,"18f590a3-6738-49a1-bf72-fdc56be217b7","Heartbeat",{}]
[17:02:20] [DEVICE] >> [3,"18f590a3-6738-49a1-bf72-fdc56be217b7",{"currentTime":"2026-06-30T09:02:20Z"}]
[17:03:20] [DEVICE] << [2,"f2f2aec1-7006-44b9-8334-750b1c341293","Heartbeat",{}]
[17:03:20] [DEVICE] >> [3,"f2f2aec1-7006-44b9-8334-750b1c341293",{"currentTime":"2026-06-30T09:03:20Z"}]
[17:04:20] [DEVICE] << [2,"b6ab1e67-832e-49b5-9c8e-11d307d28ae9","Heartbeat",{}]
[17:04:20] [DEVICE] >> [3,"b6ab1e67-832e-49b5-9c8e-11d307d28ae9",{"currentTime":"2026-06-30T09:04:20Z"}]
[17:05:20] [DEVICE] << [2,"f362616f-e337-4b20-bf51-a457b94ca5fb","Heartbeat",{}]
[17:05:20] [DEVICE] >> [3,"f362616f-e337-4b20-bf51-a457b94ca5fb",{"currentTime":"2026-06-30T09:05:20Z"}]
[17:06:20] [DEVICE] << [2,"c2765b7e-b127-451c-b26c-1f1fdc1b8744","Heartbeat",{}]
[17:06:20] [DEVICE] >> [3,"c2765b7e-b127-451c-b26c-1f1fdc1b8744",{"currentTime":"2026-06-30T09:06:20Z"}]
[17:07:20] [DEVICE] << [2,"092a5f84-54c6-47e1-b791-62445998150e","Heartbeat",{}]
[17:07:20] [DEVICE] >> [3,"092a5f84-54c6-47e1-b791-62445998150e",{"currentTime":"2026-06-30T09:07:20Z"}]
[17:08:20] [DEVICE] << [2,"e0be7d7a-9453-466a-ba02-7c19eeb2dfaa","Heartbeat",{}]
[17:08:20] [DEVICE] >> [3,"e0be7d7a-9453-466a-ba02-7c19eeb2dfaa",{"currentTime":"2026-06-30T09:08:20Z"}]
[17:09:20] [DEVICE] << [2,"c196c918-b55b-4c39-a33c-6f80c39fefb1","Heartbeat",{}]
[17:09:20] [DEVICE] >> [3,"c196c918-b55b-4c39-a33c-6f80c39fefb1",{"currentTime":"2026-06-30T09:09:20Z"}]
[17:10:20] [DEVICE] << [2,"d74f9af7-ac88-44d7-af84-7701857149e6","Heartbeat",{}]
[17:10:20] [DEVICE] >> [3,"d74f9af7-ac88-44d7-af84-7701857149e6",{"currentTime":"2026-06-30T09:10:20Z"}]
[17:11:20] [DEVICE] << [2,"b7da0447-ee31-45b1-8e21-e64327fde37c","Heartbeat",{}]
[17:11:20] [DEVICE] >> [3,"b7da0447-ee31-45b1-8e21-e64327fde37c",{"currentTime":"2026-06-30T09:11:20Z"}]
[17:12:20] [DEVICE] << [2,"7f2ea308-57dd-46a5-879e-08c50cc3763e","Heartbeat",{}]
[17:12:20] [DEVICE] >> [3,"7f2ea308-57dd-46a5-879e-08c50cc3763e",{"currentTime":"2026-06-30T09:12:20Z"}]
[17:13:20] [DEVICE] << [2,"9a8a10cb-963f-4319-8254-1676d0643db1","Heartbeat",{}]
[17:13:20] [DEVICE] >> [3,"9a8a10cb-963f-4319-8254-1676d0643db1",{"currentTime":"2026-06-30T09:13:20Z"}]
[17:14:20] [DEVICE] << [2,"9b8cdcc1-2f60-46aa-a688-a5176aef0147","Heartbeat",{}]
[17:14:20] [DEVICE] >> [3,"9b8cdcc1-2f60-46aa-a688-a5176aef0147",{"currentTime":"2026-06-30T09:14:20Z"}]
[17:15:21] [DEVICE] << [2,"b8e781e6-e9a6-4f14-b81a-5fb22a466b0d","Heartbeat",{}]
[17:15:21] [DEVICE] >> [3,"b8e781e6-e9a6-4f14-b81a-5fb22a466b0d",{"currentTime":"2026-06-30T09:15:21Z"}]
[17:16:21] [DEVICE] << [2,"a054b44f-e3fd-45ab-be08-5b92cf200dd2","Heartbeat",{}]
[17:16:21] [DEVICE] >> [3,"a054b44f-e3fd-45ab-be08-5b92cf200dd2",{"currentTime":"2026-06-30T09:16:21Z"}]
[17:17:21] [DEVICE] << [2,"389881e9-bb0a-43bc-823e-9d6041f3c883","Heartbeat",{}]
[17:17:21] [DEVICE] >> [3,"389881e9-bb0a-43bc-823e-9d6041f3c883",{"currentTime":"2026-06-30T09:17:21Z"}]
[17:18:21] [DEVICE] << [2,"d770b5b3-42d5-4b66-8a38-924b762a12c8","Heartbeat",{}]
[17:18:21] [DEVICE] >> [3,"d770b5b3-42d5-4b66-8a38-924b762a12c8",{"currentTime":"2026-06-30T09:18:21Z"}]
[17:19:21] [DEVICE] << [2,"4a1dcab4-a0f3-41f2-a015-193f863e3b02","Heartbeat",{}]
[17:19:21] [DEVICE] >> [3,"4a1dcab4-a0f3-41f2-a015-193f863e3b02",{"currentTime":"2026-06-30T09:19:21Z"}]
[17:20:06] [DEVICE] << [2,"b2ac0841-6808-4d61-88d1-54a6a958f65a","BootNotification",{"chargePointVendor":"winline","chargePointModel":"UXD-160","firmwareVersion":"v02.01.089--01.00.007--","chargePointSerialNumber":"CED888888888","iccid":"NA","imsi":"NA"}]
[17:20:06] [DEVICE] >> [3,"b2ac0841-6808-4d61-88d1-54a6a958f65a",{"currentTime":"2026-06-30T09:20:06Z","interval":60,"status":"Accepted"}]
[17:20:09] [DEVICE] << [2,"d68a4938-9181-4ffb-9fa4-34df7da2b77f","StatusNotification",{"connectorId":1, "errorCode":"NoError", "status":"Faulted","info":"","timestamp":"2026-06-30T09:20:08Z","vendorId":"winline","vendorErrorCode":"3032"}]
[17:20:09] [DEVICE] >> [3,"d68a4938-9181-4ffb-9fa4-34df7da2b77f",{}]
[17:20:11] [DEVICE] << [2,"40568939-27d2-49c1-bef0-bf7c283f8484","StatusNotification",{"connectorId":2, "errorCode":"NoError", "status":"Faulted","info":"","timestamp":"2026-06-30T09:20:10Z","vendorId":"winline","vendorErrorCode":"3032"}]
[17:20:11] [DEVICE] >> [3,"40568939-27d2-49c1-bef0-bf7c283f8484",{}]
[17:20:13] [DEVICE] << [2,"987fc038-6a64-4db2-bc5a-2347883586b1","StatusNotification",{"connectorId":0, "errorCode":"NoError", "status":"Unavailable","info":"","timestamp":"2026-06-30T09:20:12Z","vendorId":"winline","vendorErrorCode":"3032"}]
[17:20:13] [DEVICE] >> [3,"987fc038-6a64-4db2-bc5a-2347883586b1",{}]
[17:20:21] [DEVICE] << [2,"f2b9f1b3-eff1-44e7-8b44-005a5bdd0c46","Heartbeat",{}]
[17:20:21] [DEVICE] >> [3,"f2b9f1b3-eff1-44e7-8b44-005a5bdd0c46",{"currentTime":"2026-06-30T09:20:21Z"}]
[17:20:45] [DEVICE] >> [2,"b0179166-366b-45f1-aee2-abea2b21ccbe","GetConfiguration",{"key":[]}]
[17:20:45] [DEVICE] << [3,"b0179166-366b-45f1-aee2-abea2b21ccbe",{"configurationKey":[{"key":"AllowOfflineTxForUnknownId","readonly":false,"value":"true"},{"key":"AuthorizationCacheEnabled","readonly":false,"value":"false"},{"key":"AuthorizeRemoteTxRequests","readonly":false,"value":"false"},{"key":"BlinkRepeat","readonly":false,"value":"5"},{"key":"ClockAlignedDataInterval","readonly":false,"value":"900"},{"key":"ConnectionTimeOut","readonly":false,"value":"60"},{"key":"ConnectorPhaseRotation","readonly":false,"value...
[17:21:21] [DEVICE] << [2,"1ea4d6ed-8a51-4670-9cf3-9d5f0891b12e","Heartbeat",{}]
[17:21:21] [DEVICE] >> [3,"1ea4d6ed-8a51-4670-9cf3-9d5f0891b12e",{"currentTime":"2026-06-30T09:21:21Z"}]
[17:22:21] [DEVICE] << [2,"b97e8798-4879-4f15-a7ab-c7593ec6c1ad","Heartbeat",{}]
[17:22:21] [DEVICE] >> [3,"b97e8798-4879-4f15-a7ab-c7593ec6c1ad",{"currentTime":"2026-06-30T09:22:21Z"}]
[17:23:21] [DEVICE] << [2,"9a8f90e2-1980-4437-8895-a8f135b956b5","Heartbeat",{}]
[17:23:21] [DEVICE] >> [3,"9a8f90e2-1980-4437-8895-a8f135b956b5",{"currentTime":"2026-06-30T09:23:21Z"}]
[17:24:21] [DEVICE] << [2,"33e091e2-d31e-4f60-99dc-e6f3e4a7034a","Heartbeat",{}]
[17:24:21] [DEVICE] >> [3,"33e091e2-d31e-4f60-99dc-e6f3e4a7034a",{"currentTime":"2026-06-30T09:24:21Z"}]
[17:24:22] [DEVICE] << [2,"4ac803b5-4876-44c0-b81f-fbe859d85e58","BootNotification",{"chargePointVendor":"winline","chargePointModel":"UXD-160","firmwareVersion":"v--01.00.007--","chargePointSerialNumber":"CED888888888","chargeBoxSerialNumber":"NA","iccid":"NA","imsi":"NA"}]
[17:24:22] [DEVICE] >> [3,"4ac803b5-4876-44c0-b81f-fbe859d85e58",{"currentTime":"2026-06-30T09:24:22Z","interval":60,"status":"Accepted"}]
[17:24:22] [DEVICE] << [2,"04ae9c48-a4f3-45ee-b9c3-94c7279dac18","StatusNotification",{"connectorId":1, "errorCode":"NoError", "status":"Available","info":"","timestamp":"2026-06-30T09:24:30.106Z","vendorId":"winline","vendorErrorCode":""}]
[17:24:22] [DEVICE] >> [3,"04ae9c48-a4f3-45ee-b9c3-94c7279dac18",{}]
[17:24:22] [DEVICE] << [2,"fd2addb0-2690-40f5-ae62-4391379e5282","StatusNotification",{"connectorId":2, "errorCode":"NoError", "status":"Available","info":"","timestamp":"2026-06-30T09:24:30.211Z","vendorId":"winline","vendorErrorCode":""}]
[17:24:22] [DEVICE] >> [3,"fd2addb0-2690-40f5-ae62-4391379e5282",{}]
[17:24:22] [DEVICE] << [2,"766facc7-1b0b-4c22-9b12-4e8207006c6a","StatusNotification",{"connectorId":0, "errorCode":"NoError", "status":"Available","info":"","timestamp":"2026-06-30T09:24:30.314Z","vendorId":"winline","vendorErrorCode":""}]
[17:24:23] [DEVICE] >> [3,"766facc7-1b0b-4c22-9b12-4e8207006c6a",{}]
[17:24:51] [DEVICE] << [2,"b2c472b7-60ad-45eb-b795-f3a44e291eb8","Heartbeat",{}]
[17:24:52] [DEVICE] >> [3,"b2c472b7-60ad-45eb-b795-f3a44e291eb8",{"currentTime":"2026-06-30T09:24:52Z"}]
[17:25:00] [DEVICE] >> [2,"af2531ef-6fd3-46bc-81c9-9a282b67dc17","GetConfiguration",{"key":[]}]
[17:25:00] [DEVICE] << [3,"af2531ef-6fd3-46bc-81c9-9a282b67dc17",{"configurationKey":[{"key":"AllowOfflineTxForUnknownId","readonly":false,"value":"true"},{"key":"AuthorizationCacheEnabled","readonly":false,"value":"false"},{"key":"AuthorizeRemoteTxRequests","readonly":false,"value":"false"},{"key":"BlinkRepeat","readonly":false,"value":"5"},{"key":"ClockAlignedDataInterval","readonly":false,"value":"900"},{"key":"ConnectionTimeOut","readonly":false,"value":"60"},{"key":"ConnectorPhaseRotation","readonly":false,"value...
[17:25:14] [DEVICE] >> [2,"0f0c4d01-4bd3-4c51-9d98-f700bcf85984","ChangeConfiguration",{"key":"ISO15118PnCEnabled","value":"true"}]
[17:25:14] [DEVICE] << [3,"0f0c4d01-4bd3-4c51-9d98-f700bcf85984",{"status":"Accepted"}]
[17:25:19] [DEVICE] >> [2,"61c43e0b-4ab3-4f01-ae86-824d446612fd","GetConfiguration",{"key":[]}]
[17:25:19] [DEVICE] << [3,"61c43e0b-4ab3-4f01-ae86-824d446612fd",{"configurationKey":[{"key":"AllowOfflineTxForUnknownId","readonly":false,"value":"true"},{"key":"AuthorizationCacheEnabled","readonly":false,"value":"false"},{"key":"AuthorizeRemoteTxRequests","readonly":false,"value":"false"},{"key":"BlinkRepeat","readonly":false,"value":"5"},{"key":"ClockAlignedDataInterval","readonly":false,"value":"900"},{"key":"ConnectionTimeOut","readonly":false,"value":"60"},{"key":"ConnectorPhaseRotation","readonly":false,"value...
[17:25:21] [DEVICE] << [2,"292e8ee1-f39e-45af-84ed-f6872a15ce87","Heartbeat",{}]
[17:25:21] [DEVICE] >> [3,"292e8ee1-f39e-45af-84ed-f6872a15ce87",{"currentTime":"2026-06-30T09:25:21Z"}]
[17:25:30] [DEVICE] >> [2,"01b8131d-06cc-44e4-b8ac-46da42dff25d","DataTransfer",{"data":"{\"certificate\":\"-----BEGIN CERTIFICATE-----\\nMIIB4DCCAYagAwIBAgIEATPu3jAKBggqhkjOPQQDAjBWMRMwEQYKCZImiZPyLGQB\\nGRYDVjJHMQswCQYDVQQGEwJDTjEMMAoGA1UECgwDR1dUMSQwIgYDVQQDDBtHV1Rf\\nUEtJLTFfQ1JUX01PX1JPT1RfVkFMSUQwHhcNMjUwNzE1MTQwOTMwWhcNMzQwNzA1\\nMTQwOTMwWjBWMRMwEQYKCZImiZPyLGQBGRYDVjJHMQswCQYDVQQGEwJDTjEMMAoG\\nA1UECgwDR1dUMSQwIgYDVQQDDBtHV1RfUEtJLTFfQ1JUX01PX1JPT1RfVkFMSUQw\\nWTATBgcqhkjOPQIBBggqhkjOPQMBBwNCAAScY/W8UKs0xUx85k...
[17:25:42] [DEVICE] << [3,"01b8131d-06cc-44e4-b8ac-46da42dff25d",{ "status": "Accepted", "data": "{ \"status\": \"Accepted\" }" }]
[17:25:51] [DEVICE] << [2,"d16bed17-574e-4f4f-9436-9ba4e4457863","Heartbeat",{}]
[17:25:52] [DEVICE] >> [3,"d16bed17-574e-4f4f-9436-9ba4e4457863",{"currentTime":"2026-06-30T09:25:52Z"}]
[17:25:59] [DEVICE] >> [2,"b7711d94-3660-4cae-a579-f552ba8470a5","DataTransfer",{"data":"{\"certificate\":\"-----BEGIN CERTIFICATE-----\\nMIIB4zCCAYigAwIBAgIEATCROjAKBggqhkjOPQQDAjBXMRMwEQYKCZImiZPyLGQB\\nGRYDVjJHMQswCQYDVQQGEwJDTjEMMAoGA1UECgwDR1dUMSUwIwYDVQQDDBxHV1Rf\\nUEtJLTFfQ1JUX1YyR19ST09UX1ZBTElEMB4XDTI1MDcxNTE0MDkzMFoXDTM0MDcw\\nNTE0MDkzMFowVzETMBEGCgmSJomT8ixkARkWA1YyRzELMAkGA1UEBhMCQ04xDDAK\\nBgNVBAoMA0dXVDElMCMGA1UEAwwcR1dUX1BLSS0xX0NSVF9WMkdfUk9PVF9WQUxJ\\nRDBZMBMGByqGSM49AgEGCCqGSM49AwEHA0IABIv2MaMjMcr6vO...
[17:25:59] [DEVICE] << [3,"b7711d94-3660-4cae-a579-f552ba8470a5",{ "status": "Accepted", "data": "{ \"status\": \"Accepted\" }" }]
[17:26:13] [DEVICE] >> [2,"0f93cab4-0f66-4a85-95b2-469ee7132bc0","DataTransfer",{"data":"{\"requestedMessage\":\"SignCertificate\"}","messageId":"TriggerMessage","vendorId":"org.openchargealliance.iso15118pnc"}]
[17:26:13] [DEVICE] << [3,"0f93cab4-0f66-4a85-95b2-469ee7132bc0",{ "status": "Accepted", "data": "{ \"status\": \"Accepted\" }" }]
[17:26:13] [DEVICE] << [2,"019c48ed-4831-4553-bac1-dd2777547c14","DataTransfer",{ "vendorId": "org.openchargealliance.iso15118pnc", "messageId": "SignCertificate", "data": "{ \"csr\": \"-----BEGIN CERTIFICATE REQUEST-----\\nMIIBLjCB1gIBADB0MQswCQYDVQQGEwJERTEVMBMGA1UECgwMSHViamVjdCBHbWJI\\nMTkwNwYDVQQDDDBERS1JQ0UtUy1IVUJKRUNUMFRFU1QwU0VDQ0lEMEZPUjBURVNU\\nUzI2MDEwMDEyNDUxEzARBgoJkiaJk/IsZAEZFgNDUE8wWTATBgcqhkjOPQIBBggq\\nhkjOPQMBBwNCAAQo9SitLJia77azQ5gwKMizTo6jP9QnviR4mN5fbY6TGEg5XF/q\\nvYeovfHP1wn3DcP6g5rtbsu6vVjvrQ2...
[17:26:14] [DEVICE] >> [3,"019c48ed-4831-4553-bac1-dd2777547c14",{"status":"Accepted"}]
[17:26:14] [DEVICE] >> [2,"61737f21-24e4-45d6-8a46-4ab36a684d53","DataTransfer",{"data":"{\"certificateChain\":\"-----BEGIN CERTIFICATE-----\\nMIICCTCCAa+gAwIBAgIEATFdvTAKBggqhkjOPQQDAjBYMRMwEQYKCZImiZPyLGQB\\nGRYDVjJHMQswCQYDVQQGEwJDTjEMMAoGA1UECgwDR1dUMSYwJAYDVQQDDB1HV1Rf\\nUEtJLTFfQ1JUX1BST1ZfU1VCMl9WQUxJRDAeFw0yNTA3MTUxNDA5MzBaFw0zNDA3\\nMDUxNDA5MzBaMF8xCzAJBgNVBAYTAkRFMRUwEwYDVQQKEwxIdWJqZWN0IEdtYkgx\\nOTA3BgNVBAMTMERFLUlDRS1TLUhVQkpFQ1QwVEVTVDBTRUNDSUQwRk9SMFRFU1RT\\nMjYwMTAwMTI0NTBZMBMGByqGSM49AgEGCCqGSM49AwEHA...
[17:26:14] [DEVICE] << [3,"61737f21-24e4-45d6-8a46-4ab36a684d53",{ "status": "Accepted", "data": "{ \"status\": \"Accepted\" }" }]
[17:26:16] [DEVICE] << [2,"c7f576e4-0e6d-4e0b-91c4-a66e37744480","DataTransfer",{ "vendorId": "org.openchargealliance.iso15118pnc", "messageId": "SignCertificate", "data": "{ \"csr\": \"-----BEGIN CERTIFICATE REQUEST-----\\nMIIBLzCB1gIBADB0MQswCQYDVQQGEwJERTEVMBMGA1UECgwMSHViamVjdCBHbWJI\\nMTkwNwYDVQQDDDBERS1JQ0UtUy1IVUJKRUNUMFRFU1QwU0VDQ0lEMEZPUjBURVNU\\nUzI2MDEwMDEyNDUxEzARBgoJkiaJk/IsZAEZFgNDUE8wWTATBgcqhkjOPQIBBggq\\nhkjOPQMBBwNCAAScSU5I+Is+vuUVIWS8Bh41dDlQaciMtG38TwurRvs+lMmCq/io\\nkNoK5dF0TX0ak2KYle2fw1sInrslGTB...
[17:26:16] [DEVICE] >> [3,"c7f576e4-0e6d-4e0b-91c4-a66e37744480",{"status":"Accepted"}]
[17:26:16] [DEVICE] >> [2,"1825b427-15de-41c1-ae8a-e2b40afa9189","DataTransfer",{"data":"{\"certificateChain\":\"-----BEGIN CERTIFICATE-----\\nMIICCTCCAa+gAwIBAgIEATFdvjAKBggqhkjOPQQDAjBYMRMwEQYKCZImiZPyLGQB\\nGRYDVjJHMQswCQYDVQQGEwJDTjEMMAoGA1UECgwDR1dUMSYwJAYDVQQDDB1HV1Rf\\nUEtJLTFfQ1JUX1BST1ZfU1VCMl9WQUxJRDAeFw0yNTA3MTUxNDA5MzBaFw0zNDA3\\nMDUxNDA5MzBaMF8xCzAJBgNVBAYTAkRFMRUwEwYDVQQKEwxIdWJqZWN0IEdtYkgx\\nOTA3BgNVBAMTMERFLUlDRS1TLUhVQkpFQ1QwVEVTVDBTRUNDSUQwRk9SMFRFU1RT\\nMjYwMTAwMTI0NTBZMBMGByqGSM49AgEGCCqGSM49AwEHA...
[17:26:17] [DEVICE] << [3,"1825b427-15de-41c1-ae8a-e2b40afa9189",{ "status": "Accepted", "data": "{ \"status\": \"Accepted\" }" }]
[17:26:21] [DEVICE] << [2,"e33e9434-dc69-45cc-a7d2-a65e16a9b672","Heartbeat",{}]
[17:26:21] [DEVICE] >> [3,"e33e9434-dc69-45cc-a7d2-a65e16a9b672",{"currentTime":"2026-06-30T09:26:21Z"}]
[17:26:51] [DEVICE] << [2,"33b0c0a4-a0f6-4c3e-befe-4e37dabb2590","Heartbeat",{}]
[17:26:52] [DEVICE] >> [3,"33b0c0a4-a0f6-4c3e-befe-4e37dabb2590",{"currentTime":"2026-06-30T09:26:52Z"}]
[17:27:21] [DEVICE] << [2,"30149e80-bb7e-49b7-a229-c78a9e869179","Heartbeat",{}]
[17:27:21] [DEVICE] >> [3,"30149e80-bb7e-49b7-a229-c78a9e869179",{"currentTime":"2026-06-30T09:27:21Z"}]
[17:27:51] [DEVICE] << [2,"d7a02a1e-80b2-4e8f-94bd-7d9d475cc24e","Heartbeat",{}]
[17:27:52] [DEVICE] >> [3,"d7a02a1e-80b2-4e8f-94bd-7d9d475cc24e",{"currentTime":"2026-06-30T09:27:52Z"}]
[17:28:21] [DEVICE] << [2,"94e787f0-0e2e-4d97-a9f2-bd6af58ff0d1","Heartbeat",{}]
[17:28:21] [DEVICE] >> [3,"94e787f0-0e2e-4d97-a9f2-bd6af58ff0d1",{"currentTime":"2026-06-30T09:28:21Z"}]
[17:28:52] [DEVICE] << [2,"9b27323c-21ee-4b62-9e07-00f93927b4d4","Heartbeat",{}]
[17:28:52] [DEVICE] >> [3,"9b27323c-21ee-4b62-9e07-00f93927b4d4",{"currentTime":"2026-06-30T09:28:52Z"}]
[17:29:21] [DEVICE] << [2,"bc438fc6-f7f8-468a-8868-e5055adfe2a3","Heartbeat",{}]
[17:29:21] [DEVICE] >> [3,"bc438fc6-f7f8-468a-8868-e5055adfe2a3",{"currentTime":"2026-06-30T09:29:21Z"}]
[17:29:52] [DEVICE] << [2,"d1d3b9f6-3bb6-4dbf-9269-cade6e78f33b","Heartbeat",{}]
[17:29:52] [DEVICE] >> [3,"d1d3b9f6-3bb6-4dbf-9269-cade6e78f33b",{"currentTime":"2026-06-30T09:29:52Z"}]
[17:30:21] [DEVICE] << [2,"4930bb70-020b-452e-ab8a-f531a22e517b","Heartbeat",{}]
[17:30:21] [DEVICE] >> [3,"4930bb70-020b-452e-ab8a-f531a22e517b",{"currentTime":"2026-06-30T09:30:21Z"}]
[17:30:52] [DEVICE] << [2,"f8cceeb1-e006-4c25-9a2e-06a54d4504a9","Heartbeat",{}]
[17:30:52] [DEVICE] >> [3,"f8cceeb1-e006-4c25-9a2e-06a54d4504a9",{"currentTime":"2026-06-30T09:30:52Z"}]
[17:31:21] [DEVICE] << [2,"d343a349-1706-4c98-972b-2f36cc23b69c","Heartbeat",{}]
[17:31:21] [DEVICE] >> [3,"d343a349-1706-4c98-972b-2f36cc23b69c",{"currentTime":"2026-06-30T09:31:21Z"}]
[17:31:52] [DEVICE] << [2,"79769b9d-3bc1-4b3a-ab33-83a25346bf21","Heartbeat",{}]
[17:31:52] [DEVICE] >> [3,"79769b9d-3bc1-4b3a-ab33-83a25346bf21",{"currentTime":"2026-06-30T09:31:52Z"}]
[17:32:21] [DEVICE] << [2,"465779e3-ad44-42eb-bfd1-17ee642984e6","Heartbeat",{}]
[17:32:21] [DEVICE] >> [3,"465779e3-ad44-42eb-bfd1-17ee642984e6",{"currentTime":"2026-06-30T09:32:21Z"}]
[17:32:52] [DEVICE] << [2,"87802a56-b0c8-4f95-9da9-1bc4aece7f5f","Heartbeat",{}]
[17:32:52] [DEVICE] >> [3,"87802a56-b0c8-4f95-9da9-1bc4aece7f5f",{"currentTime":"2026-06-30T09:32:52Z"}]
[17:33:21] [DEVICE] << [2,"21314a84-495f-40ba-9faa-8a80877ab3f8","Heartbeat",{}]
[17:33:21] [DEVICE] >> [3,"21314a84-495f-40ba-9faa-8a80877ab3f8",{"currentTime":"2026-06-30T09:33:21Z"}]
[17:33:52] [DEVICE] << [2,"dce3bbf3-003c-433a-b985-206c785fcebc","Heartbeat",{}]
[17:33:52] [DEVICE] >> [3,"dce3bbf3-003c-433a-b985-206c785fcebc",{"currentTime":"2026-06-30T09:33:52Z"}]
[17:34:21] [DEVICE] << [2,"3e475a07-2636-49f3-8f84-08b18019f398","Heartbeat",{}]
[17:34:21] [DEVICE] >> [3,"3e475a07-2636-49f3-8f84-08b18019f398",{"currentTime":"2026-06-30T09:34:21Z"}]
[17:34:52] [DEVICE] << [2,"b7a4a3d5-9658-48f4-b173-2d17a4fce227","Heartbeat",{}]
[17:34:52] [DEVICE] >> [3,"b7a4a3d5-9658-48f4-b173-2d17a4fce227",{"currentTime":"2026-06-30T09:34:52Z"}]
[17:35:21] [DEVICE] << [2,"f11aa5ec-fab0-48bb-92f2-eb4aaa415f2d","Heartbeat",{}]
[17:35:21] [DEVICE] >> [3,"f11aa5ec-fab0-48bb-92f2-eb4aaa415f2d",{"currentTime":"2026-06-30T09:35:21Z"}]
[17:35:52] [DEVICE] << [2,"01c4e816-50de-425c-b2dc-0225017dd128","Heartbeat",{}]
[17:35:52] [DEVICE] >> [3,"01c4e816-50de-425c-b2dc-0225017dd128",{"currentTime":"2026-06-30T09:35:52Z"}]
[17:36:21] [DEVICE] << [2,"76726376-a1cb-4e29-8014-36d8f79bed7a","Heartbeat",{}]
[17:36:21] [DEVICE] >> [3,"76726376-a1cb-4e29-8014-36d8f79bed7a",{"currentTime":"2026-06-30T09:36:21Z"}]
[17:36:52] [DEVICE] << [2,"74f34ad0-6ebb-4252-a0df-7f7531536780","Heartbeat",{}]
[17:36:52] [DEVICE] >> [3,"74f34ad0-6ebb-4252-a0df-7f7531536780",{"currentTime":"2026-06-30T09:36:52Z"}]
[17:37:21] [DEVICE] << [2,"0a95eed0-d8ee-49ef-b498-7d6b55d840ad","Heartbeat",{}]
[17:37:21] [DEVICE] >> [3,"0a95eed0-d8ee-49ef-b498-7d6b55d840ad",{"currentTime":"2026-06-30T09:37:21Z"}]
[17:37:52] [DEVICE] << [2,"bd7926d9-6497-4374-bdd9-ff90540d1ac7","Heartbeat",{}]
[17:37:52] [DEVICE] >> [3,"bd7926d9-6497-4374-bdd9-ff90540d1ac7",{"currentTime":"2026-06-30T09:37:52Z"}]
[17:38:52] [DEVICE] << [2,"c43889e3-ea76-4b54-8f8c-18fc767a6c7d","Heartbeat",{}]
[17:38:52] [DEVICE] >> [3,"c43889e3-ea76-4b54-8f8c-18fc767a6c7d",{"currentTime":"2026-06-30T09:38:52Z"}]
[17:39:22] [DEVICE] << [2,"c6568a1b-7df7-4d7f-bc50-baba8ed88d66","BootNotification",{"chargePointVendor":"NA","chargePointModel":"NA","firmwareVersion":"vOB020T22T--01.00.007--","chargePointSerialNumber":"CED888888888","iccid":"NA","imsi":"NA"}]
[17:39:22] [DEVICE] >> [3,"c6568a1b-7df7-4d7f-bc50-baba8ed88d66",{"currentTime":"2026-06-30T09:39:22Z","interval":60,"status":"Accepted"}]
[17:39:22] [DEVICE] << [2,"ce8163ad-cfba-4e5f-a698-09f6ee859a79","StatusNotification",{"connectorId":1, "errorCode":"NoError", "status":"Available","info":"","timestamp":"2026-06-30T09:39:22.106Z","vendorId":"NA","vendorErrorCode":""}]
[17:39:23] [DEVICE] >> [3,"ce8163ad-cfba-4e5f-a698-09f6ee859a79",{}]
[17:39:23] [DEVICE] << [2,"11585ed8-ba24-43d2-bed6-a137629c54ff","StatusNotification",{"connectorId":0, "errorCode":"NoError", "status":"Available","info":"","timestamp":"2026-06-30T09:39:22.309Z","vendorId":"NA","vendorErrorCode":""}]
[17:39:23] [DEVICE] >> [3,"11585ed8-ba24-43d2-bed6-a137629c54ff",{}]
[17:39:52] [DEVICE] << [2,"9a56a450-c420-4891-bd58-a060ece9cea2","Heartbeat",{}]
[17:39:52] [DEVICE] >> [3,"9a56a450-c420-4891-bd58-a060ece9cea2",{"currentTime":"2026-06-30T09:39:52Z"}]
[17:39:57] [DEVICE] << [2,"5d171146-ed5c-4ae5-a2ad-603517ab04e9","Heartbeat",{}]
[17:39:57] [DEVICE] >> [3,"5d171146-ed5c-4ae5-a2ad-603517ab04e9",{"currentTime":"2026-06-30T09:39:57Z"}]
[17:40:07] [DEVICE] >> [2,"bc67e0af-6097-4132-a059-f4829897428c","DataTransfer",{"data":"{\"requestedMessage\":\"SignCertificate\"}","messageId":"TriggerMessage","vendorId":"org.openchargealliance.iso15118pnc"}]
[17:40:07] [DEVICE] << [3,"bc67e0af-6097-4132-a059-f4829897428c",{"status":"Accepted"}]
[17:40:08] [DEVICE] << [2,"1f91c893-bb19-48c3-ac73-7be4ccc42ef0","DataTransfer",{"vendorId":"org.openchargealliance.iso15118pnc","messageId":"SignCertificate","data":"{\"csr\":\"-----BEGIN CERTIFICATE REQUEST-----\\nMIHrMIGTAgEAMDExCzAJBgNVBAoMAk5BMRUwEwYDVQQDDAxDRUQ4ODg4ODg4ODgx\\nCzAJBgNVBAYTAkNOMFkwEwYHKoZIzj0CAQYIKoZIzj0DAQcDQgAEapBVsuoiwfyd\\nnk/Nmlg4vZIQhGi+ETrXswXYJqXrS+gpk5vk63SRlkz5Kpws94EhIg0eH3JY6gVw\\nYO0M2RunwqAAMAoGCCqGSM49BAMCA0cAMEQCIDhnAzvyY9ESEjAmKn98dGBRQ5t5\\nl4itIPCRjcy6V2PXAiBlGIS0BlI6Oo4bV31o6dk...
[17:40:08] [DEVICE] >> [3,"1f91c893-bb19-48c3-ac73-7be4ccc42ef0",{"status":"Accepted"}]
[17:40:08] [DEVICE] >> [2,"532524c5-52ec-4dc5-aa04-dd6384f45ec8","DataTransfer",{"data":"{\"certificateChain\":\"-----BEGIN CERTIFICATE-----\\nMIIB3DCCAYGgAwIBAgIEATFdvzAKBggqhkjOPQQDAjBYMRMwEQYKCZImiZPyLGQB\\nGRYDVjJHMQswCQYDVQQGEwJDTjEMMAoGA1UECgwDR1dUMSYwJAYDVQQDDB1HV1Rf\\nUEtJLTFfQ1JUX1BST1ZfU1VCMl9WQUxJRDAeFw0yNTA3MTUxNDA5MzBaFw0zNDA3\\nMDUxNDA5MzBaMDExCzAJBgNVBAYTAkNOMQswCQYDVQQKEwJOQTEVMBMGA1UEAxMM\\nQ0VEODg4ODg4ODg4MFkwEwYHKoZIzj0CAQYIKoZIzj0DAQcDQgAEapBVsuoiwfyd\\nnk/Nmlg4vZIQhGi+ETrXswXYJqXrS+gpk5vk63SRlkz5K...
[17:40:08] [DEVICE] << [3,"532524c5-52ec-4dc5-aa04-dd6384f45ec8",{"status":"Accepted"}]
[17:40:09] [DEVICE] << [2,"47aa791c-0432-477d-8b18-1d66b424737c","DataTransfer",{"vendorId":"org.openchargealliance.iso15118pnc","messageId":"GetCertificateStatus","data":"{\"ocspRequestData\":{\"hashAlgorithm\":\"SHA256\",\"issuerNameHash\":\"c89acd562f8d3ae008b92e396de9dbee5b8aa38a6e53b7c2c93420f670c5c847\",\"issuerKeyHash\":\"c89acd562f8d3ae008b92e396de9dbee5b8aa38a6e53b7c2c93420f670c5c847\",\"serialNumber\":\"1315DBF\",\"responderURL\":\"\"}}"}]
[17:40:09] [DEVICE] >> [3,"47aa791c-0432-477d-8b18-1d66b424737c",{"status":"Accepted"}]
[17:40:52] [DEVICE] << [2,"260c5c0b-3e5c-44b6-a500-8b6f86323155","Heartbeat",{}]
[17:40:52] [DEVICE] >> [3,"260c5c0b-3e5c-44b6-a500-8b6f86323155",{"currentTime":"2026-06-30T09:40:52Z"}]
[17:40:57] [DEVICE] << [2,"0410d6b6-ee54-42e7-bd18-37f4ec1bc22e","Heartbeat",{}]
[17:40:57] [DEVICE] >> [3,"0410d6b6-ee54-42e7-bd18-37f4ec1bc22e",{"currentTime":"2026-06-30T09:40:57Z"}]
[17:41:52] [DEVICE] << [2,"88b2f37b-9dbb-4abc-9082-3bdec6fc00ba","Heartbeat",{}]
[17:41:52] [DEVICE] >> [3,"88b2f37b-9dbb-4abc-9082-3bdec6fc00ba",{"currentTime":"2026-06-30T09:41:52Z"}]
[17:41:57] [DEVICE] << [2,"c73ee329-f020-4fc6-b1d0-c3a1fc7b6484","Heartbeat",{}]
[17:41:57] [DEVICE] >> [3,"c73ee329-f020-4fc6-b1d0-c3a1fc7b6484",{"currentTime":"2026-06-30T09:41:57Z"}]
[17:42:52] [DEVICE] << [2,"ccb3abdc-443f-4810-a852-287a3c9dc059","Heartbeat",{}]
[17:42:52] [DEVICE] >> [3,"ccb3abdc-443f-4810-a852-287a3c9dc059",{"currentTime":"2026-06-30T09:42:52Z"}]
[17:42:57] [DEVICE] << [2,"9fb87e8c-1061-44d4-a74a-04d7839f84da","Heartbeat",{}]
[17:42:57] [DEVICE] >> [3,"9fb87e8c-1061-44d4-a74a-04d7839f84da",{"currentTime":"2026-06-30T09:42:57Z"}]
[17:43:52] [DEVICE] << [2,"8396fdf6-4351-4807-81c7-c834cad97e6c","Heartbeat",{}]
[17:43:52] [DEVICE] >> [3,"8396fdf6-4351-4807-81c7-c834cad97e6c",{"currentTime":"2026-06-30T09:43:52Z"}]
[17:43:57] [DEVICE] << [2,"36bd5611-856e-495d-82fb-2d0efd7a0445","Heartbeat",{}]
[17:43:57] [DEVICE] >> [3,"36bd5611-856e-495d-82fb-2d0efd7a0445",{"currentTime":"2026-06-30T09:43:57Z"}]
[17:44:52] [DEVICE] << [2,"a5b4c833-ba66-46b2-b970-076e581b79dd","Heartbeat",{}]
[17:44:52] [DEVICE] >> [3,"a5b4c833-ba66-46b2-b970-076e581b79dd",{"currentTime":"2026-06-30T09:44:52Z"}]
[17:44:57] [DEVICE] << [2,"5736b35f-0504-407a-8d53-f865035773b6","Heartbeat",{}]
[17:44:57] [DEVICE] >> [3,"5736b35f-0504-407a-8d53-f865035773b6",{"currentTime":"2026-06-30T09:44:57Z"}]
[17:45:52] [DEVICE] << [2,"daa9f660-b780-4409-bb53-fc409a01221f","Heartbeat",{}]
[17:45:52] [DEVICE] >> [3,"daa9f660-b780-4409-bb53-fc409a01221f",{"currentTime":"2026-06-30T09:45:52Z"}]
[17:45:57] [DEVICE] << [2,"43723c79-06a6-45a6-b990-e179bdf2f9a4","Heartbeat",{}]
[17:45:57] [DEVICE] >> [3,"43723c79-06a6-45a6-b990-e179bdf2f9a4",{"currentTime":"2026-06-30T09:45:57Z"}]
[17:46:52] [DEVICE] << [2,"90cb14fd-baa1-4639-995b-062d54f051d5","Heartbeat",{}]
[17:46:52] [DEVICE] >> [3,"90cb14fd-baa1-4639-995b-062d54f051d5",{"currentTime":"2026-06-30T09:46:52Z"}]
[17:46:57] [DEVICE] << [2,"e8105672-c239-4002-b63b-1a3422f9d213","Heartbeat",{}]
[17:46:57] [DEVICE] >> [3,"e8105672-c239-4002-b63b-1a3422f9d213",{"currentTime":"2026-06-30T09:46:57Z"}]
[17:47:52] [DEVICE] << [2,"db094d77-446d-4434-bf42-5246a1260f3b","Heartbeat",{}]
[17:47:52] [DEVICE] >> [3,"db094d77-446d-4434-bf42-5246a1260f3b",{"currentTime":"2026-06-30T09:47:52Z"}]
[17:47:57] [DEVICE] << [2,"7266567f-b869-48ed-9427-def205c5a0c2","Heartbeat",{}]
[17:47:57] [DEVICE] >> [3,"7266567f-b869-48ed-9427-def205c5a0c2",{"currentTime":"2026-06-30T09:47:57Z"}]
[17:48:52] [DEVICE] << [2,"fcff7a96-c166-4f67-91a8-e0881a2c4ffc","Heartbeat",{}]
[17:48:52] [DEVICE] >> [3,"fcff7a96-c166-4f67-91a8-e0881a2c4ffc",{"currentTime":"2026-06-30T09:48:52Z"}]
[17:48:57] [DEVICE] << [2,"d7693382-8156-492f-b289-7b50c4252e52","Heartbeat",{}]
[17:48:57] [DEVICE] >> [3,"d7693382-8156-492f-b289-7b50c4252e52",{"currentTime":"2026-06-30T09:48:57Z"}]
[17:49:52] [DEVICE] << [2,"f238fcb0-6ca9-4b51-a415-59f765829246","Heartbeat",{}]
[17:49:52] [DEVICE] >> [3,"f238fcb0-6ca9-4b51-a415-59f765829246",{"currentTime":"2026-06-30T09:49:52Z"}]
[17:49:57] [DEVICE] << [2,"5d743cdb-e838-4c1c-a4d8-6b0674d41d58","Heartbeat",{}]
[17:49:57] [DEVICE] >> [3,"5d743cdb-e838-4c1c-a4d8-6b0674d41d58",{"currentTime":"2026-06-30T09:49:57Z"}]
[17:50:52] [DEVICE] << [2,"12314835-e6e2-4815-88ff-396f2cc18aaf","Heartbeat",{}]
[17:50:52] [DEVICE] >> [3,"12314835-e6e2-4815-88ff-396f2cc18aaf",{"currentTime":"2026-06-30T09:50:52Z"}]
[17:50:57] [DEVICE] << [2,"9ae7b625-fd97-45f3-8244-365c7c55c9d4","Heartbeat",{}]
[17:50:57] [DEVICE] >> [3,"9ae7b625-fd97-45f3-8244-365c7c55c9d4",{"currentTime":"2026-06-30T09:50:57Z"}]
[17:51:52] [DEVICE] << [2,"a6a70a09-1e2a-4f68-97fe-2e1052c46218","Heartbeat",{}]
[17:51:52] [DEVICE] >> [3,"a6a70a09-1e2a-4f68-97fe-2e1052c46218",{"currentTime":"2026-06-30T09:51:52Z"}]
[17:51:57] [DEVICE] << [2,"56705e55-273c-4484-beb7-ec71d8bd2e75","Heartbeat",{}]
[17:51:57] [DEVICE] >> [3,"56705e55-273c-4484-beb7-ec71d8bd2e75",{"currentTime":"2026-06-30T09:51:57Z"}]
[17:52:52] [DEVICE] << [2,"c8304aa6-0649-4f64-878f-f6e602253309","Heartbeat",{}]
[17:52:52] [DEVICE] >> [3,"c8304aa6-0649-4f64-878f-f6e602253309",{"currentTime":"2026-06-30T09:52:52Z"}]
[17:52:57] [DEVICE] << [2,"9f7a0c8a-f844-4292-b98f-7d6ee51eba34","Heartbeat",{}]
[17:52:57] [DEVICE] >> [3,"9f7a0c8a-f844-4292-b98f-7d6ee51eba34",{"currentTime":"2026-06-30T09:52:57Z"}]
[17:53:52] [DEVICE] << [2,"546151bb-5838-47cd-b90a-6d023e765b73","Heartbeat",{}]
[17:53:52] [DEVICE] >> [3,"546151bb-5838-47cd-b90a-6d023e765b73",{"currentTime":"2026-06-30T09:53:52Z"}]
[17:53:57] [DEVICE] << [2,"a7e4f10d-9deb-4aa1-a218-7548cb0ec965","Heartbeat",{}]
[17:53:57] [DEVICE] >> [3,"a7e4f10d-9deb-4aa1-a218-7548cb0ec965",{"currentTime":"2026-06-30T09:53:57Z"}]
[17:54:52] [DEVICE] << [2,"9e7527cb-9517-4135-906d-338222c9afa0","Heartbeat",{}]
[17:54:52] [DEVICE] >> [3,"9e7527cb-9517-4135-906d-338222c9afa0",{"currentTime":"2026-06-30T09:54:52Z"}]
[17:54:57] [DEVICE] << [2,"a3ed12f7-7bd1-4d4a-9d33-523096259bbe","Heartbeat",{}]
[17:54:57] [DEVICE] >> [3,"a3ed12f7-7bd1-4d4a-9d33-523096259bbe",{"currentTime":"2026-06-30T09:54:57Z"}]
[17:55:52] [DEVICE] << [2,"629f1345-9cac-4b66-9094-988d1251e362","Heartbeat",{}]
[17:55:52] [DEVICE] >> [3,"629f1345-9cac-4b66-9094-988d1251e362",{"currentTime":"2026-06-30T09:55:52Z"}]
[17:55:57] [DEVICE] << [2,"0bf78b4d-3786-4c53-8285-95b27e98cd2e","Heartbeat",{}]
[17:55:57] [DEVICE] >> [3,"0bf78b4d-3786-4c53-8285-95b27e98cd2e",{"currentTime":"2026-06-30T09:55:57Z"}]
[17:56:52] [DEVICE] << [2,"a9654d6e-ff3f-42d7-8e3f-2d8b256310b4","Heartbeat",{}]
[17:56:52] [DEVICE] >> [3,"a9654d6e-ff3f-42d7-8e3f-2d8b256310b4",{"currentTime":"2026-06-30T09:56:52Z"}]
[17:56:57] [DEVICE] << [2,"3de83ae3-489a-4a57-89b5-34d36b1e6b25","Heartbeat",{}]
[17:56:57] [DEVICE] >> [3,"3de83ae3-489a-4a57-89b5-34d36b1e6b25",{"currentTime":"2026-06-30T09:56:57Z"}]
[17:57:52] [DEVICE] << [2,"20be9dee-d8e1-40c6-bc0a-7a1456e20cd6","Heartbeat",{}]
[17:57:52] [DEVICE] >> [3,"20be9dee-d8e1-40c6-bc0a-7a1456e20cd6",{"currentTime":"2026-06-30T09:57:52Z"}]
[17:57:57] [DEVICE] << [2,"2d37411e-05cb-4b9c-afff-94b6fb32e21a","Heartbeat",{}]
[17:57:57] [DEVICE] >> [3,"2d37411e-05cb-4b9c-afff-94b6fb32e21a",{"currentTime":"2026-06-30T09:57:57Z"}]
[17:58:52] [DEVICE] << [2,"966e84cf-feb0-4412-afd4-501c827ccd00","Heartbeat",{}]
[17:58:52] [DEVICE] >> [3,"966e84cf-feb0-4412-afd4-501c827ccd00",{"currentTime":"2026-06-30T09:58:52Z"}]
[17:58:57] [DEVICE] << [2,"267e1a23-67dc-41fb-bcec-60fd2dfce641","Heartbeat",{}]
[17:58:57] [DEVICE] >> [3,"267e1a23-67dc-41fb-bcec-60fd2dfce641",{"currentTime":"2026-06-30T09:58:57Z"}]
[17:59:52] [DEVICE] << [2,"52cd0e99-830c-448b-8578-ff1e4e0f64ab","Heartbeat",{}]
[17:59:52] [DEVICE] >> [3,"52cd0e99-830c-448b-8578-ff1e4e0f64ab",{"currentTime":"2026-06-30T09:59:52Z"}]
[17:59:57] [DEVICE] << [2,"1741f5a5-e555-4813-ba21-910762295767","Heartbeat",{}]
[17:59:57] [DEVICE] >> [3,"1741f5a5-e555-4813-ba21-910762295767",{"currentTime":"2026-06-30T09:59:57Z"}]
[18:00:52] [DEVICE] << [2,"c1777624-b86a-45d9-8ad7-173800652d66","Heartbeat",{}]
[18:00:52] [DEVICE] >> [3,"c1777624-b86a-45d9-8ad7-173800652d66",{"currentTime":"2026-06-30T10:00:52Z"}]
[18:00:57] [DEVICE] << [2,"da56d087-504e-4952-b390-3a0f023fbd1c","Heartbeat",{}]
[18:00:57] [DEVICE] >> [3,"da56d087-504e-4952-b390-3a0f023fbd1c",{"currentTime":"2026-06-30T10:00:57Z"}]
[18:01:52] [DEVICE] << [2,"9af767e5-9037-49fb-91b6-2c560742005c","Heartbeat",{}]
[18:01:52] [DEVICE] >> [3,"9af767e5-9037-49fb-91b6-2c560742005c",{"currentTime":"2026-06-30T10:01:52Z"}]
[18:01:57] [DEVICE] << [2,"8f7b1762-8a63-4a79-8c6f-5bfbd5e083b5","Heartbeat",{}]
[18:01:57] [DEVICE] >> [3,"8f7b1762-8a63-4a79-8c6f-5bfbd5e083b5",{"currentTime":"2026-06-30T10:01:57Z"}]
[18:02:52] [DEVICE] >> [2,"c672106c-50b8-4b8e-b7c6-200dd9e736f8","GetConfiguration",{"key":[]}]
[18:02:57] [DEVICE] << [2,"7229cfbf-5ea8-4536-be6d-161961275740","Heartbeat",{}]
[18:02:57] [DEVICE] >> [3,"7229cfbf-5ea8-4536-be6d-161961275740",{"currentTime":"2026-06-30T10:02:57Z"}]
[18:03:57] [DEVICE] << [2,"7be9174b-8c1a-4e12-b665-9655507ab062","Heartbeat",{}]
[18:03:57] [DEVICE] >> [3,"7be9174b-8c1a-4e12-b665-9655507ab062",{"currentTime":"2026-06-30T10:03:57Z"}]
[18:04:57] [DEVICE] << [2,"cd7a3cca-dc09-40bf-8958-f844b25e29d9","Heartbeat",{}]
[18:04:57] [DEVICE] >> [3,"cd7a3cca-dc09-40bf-8958-f844b25e29d9",{"currentTime":"2026-06-30T10:04:57Z"}]
[18:05:57] [DEVICE] << [2,"3702c83b-b73c-4718-a00a-ef544d70e0cb","Heartbeat",{}]
[18:05:57] [DEVICE] >> [3,"3702c83b-b73c-4718-a00a-ef544d70e0cb",{"currentTime":"2026-06-30T10:05:57Z"}]
[18:06:57] [DEVICE] << [2,"c7c93913-d599-4461-88cf-df33eb6b2017","Heartbeat",{}]
[18:06:57] [DEVICE] >> [3,"c7c93913-d599-4461-88cf-df33eb6b2017",{"currentTime":"2026-06-30T10:06:57Z"}]
[18:07:57] [DEVICE] << [2,"02bcfdd9-e43f-41b8-8870-2ce43bcf2b7d","Heartbeat",{}]
[18:07:57] [DEVICE] >> [3,"02bcfdd9-e43f-41b8-8870-2ce43bcf2b7d",{"currentTime":"2026-06-30T10:07:57Z"}]
[18:08:57] [DEVICE] << [2,"fe4d4d78-9c6a-4ed1-9347-2976bfa7c9f9","Heartbeat",{}]
[18:08:57] [DEVICE] >> [3,"fe4d4d78-9c6a-4ed1-9347-2976bfa7c9f9",{"currentTime":"2026-06-30T10:08:57Z"}]
[18:09:58] [DEVICE] << [2,"780177cc-33eb-42b6-82f8-8b6f32b76627","Heartbeat",{}]
[18:09:58] [DEVICE] >> [3,"780177cc-33eb-42b6-82f8-8b6f32b76627",{"currentTime":"2026-06-30T10:09:58Z"}]
[18:10:57] [DEVICE] << [2,"c15bd578-7bbf-44aa-a2bb-a512fe08ac07","Heartbeat",{}]
[18:10:58] [DEVICE] >> [3,"c15bd578-7bbf-44aa-a2bb-a512fe08ac07",{"currentTime":"2026-06-30T10:10:58Z"}]
[18:11:58] [DEVICE] << [2,"0d0dae4e-31c7-427c-a27a-92c30da04203","Heartbeat",{}]
[18:11:58] [DEVICE] >> [3,"0d0dae4e-31c7-427c-a27a-92c30da04203",{"currentTime":"2026-06-30T10:11:58Z"}]
[18:12:58] [DEVICE] << [2,"19624474-7db8-4328-91be-e018f776fb51","Heartbeat",{}]
[18:12:58] [DEVICE] >> [3,"19624474-7db8-4328-91be-e018f776fb51",{"currentTime":"2026-06-30T10:12:58Z"}]
[18:13:58] [DEVICE] << [2,"6f779c01-940e-496e-a382-de26fe70c6d6","Heartbeat",{}]
[18:13:58] [DEVICE] >> [3,"6f779c01-940e-496e-a382-de26fe70c6d6",{"currentTime":"2026-06-30T10:13:58Z"}]
[18:14:58] [DEVICE] << [2,"0e0d1a04-eae1-4e4e-a694-46dfc9319127","Heartbeat",{}]
[18:14:58] [DEVICE] >> [3,"0e0d1a04-eae1-4e4e-a694-46dfc9319127",{"currentTime":"2026-06-30T10:14:58Z"}]
[18:15:58] [DEVICE] << [2,"5df0c291-8030-4a49-b0a8-a1816dacbfc2","Heartbeat",{}]
[18:15:58] [DEVICE] >> [3,"5df0c291-8030-4a49-b0a8-a1816dacbfc2",{"currentTime":"2026-06-30T10:15:58Z"}]
[18:16:58] [DEVICE] << [2,"a95a5323-00b5-4e44-bd33-d8107db65948","Heartbeat",{}]
[18:16:58] [DEVICE] >> [3,"a95a5323-00b5-4e44-bd33-d8107db65948",{"currentTime":"2026-06-30T10:16:58Z"}]
[18:17:58] [DEVICE] << [2,"7d546b0d-9851-4def-ae6e-7ee0735b1286","Heartbeat",{}]
[18:17:58] [DEVICE] >> [3,"7d546b0d-9851-4def-ae6e-7ee0735b1286",{"currentTime":"2026-06-30T10:17:58Z"}]
[18:18:58] [DEVICE] << [2,"52dc4aeb-9567-4ade-84fa-4be045b6e181","Heartbeat",{}]
[18:18:58] [DEVICE] >> [3,"52dc4aeb-9567-4ade-84fa-4be045b6e181",{"currentTime":"2026-06-30T10:18:58Z"}]
[18:19:58] [DEVICE] << [2,"a87977dc-b81f-427c-b858-aba30108655d","Heartbeat",{}]
[18:19:58] [DEVICE] >> [3,"a87977dc-b81f-427c-b858-aba30108655d",{"currentTime":"2026-06-30T10:19:58Z"}]
[18:20:58] [DEVICE] << [2,"03bdfc9a-e9f7-42ec-877c-71bac196bbc5","Heartbeat",{}]
[18:20:58] [DEVICE] >> [3,"03bdfc9a-e9f7-42ec-877c-71bac196bbc5",{"currentTime":"2026-06-30T10:20:58Z"}]
[18:21:58] [DEVICE] << [2,"b32283ca-2319-4306-a4ad-607ef9b0e9de","Heartbeat",{}]
[18:21:58] [DEVICE] >> [3,"b32283ca-2319-4306-a4ad-607ef9b0e9de",{"currentTime":"2026-06-30T10:21:58Z"}]
[18:22:58] [DEVICE] << [2,"47dd610e-5f4a-4339-9ec3-cf922d9db18e","Heartbeat",{}]
[18:22:58] [DEVICE] >> [3,"47dd610e-5f4a-4339-9ec3-cf922d9db18e",{"currentTime":"2026-06-30T10:22:58Z"}]
[18:23:58] [DEVICE] << [2,"a7355030-4516-4103-beb1-7db68582f14c","Heartbeat",{}]
[18:23:58] [DEVICE] >> [3,"a7355030-4516-4103-beb1-7db68582f14c",{"currentTime":"2026-06-30T10:23:58Z"}]
[18:24:58] [DEVICE] << [2,"0ba47ce4-2a78-44a1-a602-3104dd67a1ce","Heartbeat",{}]
[18:24:58] [DEVICE] >> [3,"0ba47ce4-2a78-44a1-a602-3104dd67a1ce",{"currentTime":"2026-06-30T10:24:58Z"}]
[18:25:58] [DEVICE] << [2,"c48d526d-8036-4331-8bd0-badb56d2d978","Heartbeat",{}]
[18:25:58] [DEVICE] >> [3,"c48d526d-8036-4331-8bd0-badb56d2d978",{"currentTime":"2026-06-30T10:25:58Z"}]
[18:26:58] [DEVICE] << [2,"1629577a-c6fe-461e-86cf-d9c48a9883b6","Heartbeat",{}]
[18:26:58] [DEVICE] >> [3,"1629577a-c6fe-461e-86cf-d9c48a9883b6",{"currentTime":"2026-06-30T10:26:58Z"}]
[18:27:58] [DEVICE] << [2,"41b0afdb-6afb-44a8-83fc-55d57334f152","Heartbeat",{}]
[18:27:58] [DEVICE] >> [3,"41b0afdb-6afb-44a8-83fc-55d57334f152",{"currentTime":"2026-06-30T10:27:58Z"}]
[18:28:58] [DEVICE] << [2,"e25378c4-8288-47bd-9298-d9b81bf51599","Heartbeat",{}]
[18:28:58] [DEVICE] >> [3,"e25378c4-8288-47bd-9298-d9b81bf51599",{"currentTime":"2026-06-30T10:28:58Z"}]
[18:29:58] [DEVICE] << [2,"6b2c9147-cc39-4fb1-9b08-e18fd212836e","Heartbeat",{}]
[18:29:58] [DEVICE] >> [3,"6b2c9147-cc39-4fb1-9b08-e18fd212836e",{"currentTime":"2026-06-30T10:29:58Z"}]
[18:30:58] [DEVICE] << [2,"680f60ab-43e5-47e3-abef-0e223f9bc6f6","Heartbeat",{}]
[18:30:58] [DEVICE] >> [3,"680f60ab-43e5-47e3-abef-0e223f9bc6f6",{"currentTime":"2026-06-30T10:30:58Z"}]
[18:31:58] [DEVICE] << [2,"00cec1dc-e6f4-43d2-b2d4-09e69a6420fc","Heartbeat",{}]
[18:31:58] [DEVICE] >> [3,"00cec1dc-e6f4-43d2-b2d4-09e69a6420fc",{"currentTime":"2026-06-30T10:31:58Z"}]
[18:32:58] [DEVICE] << [2,"79cd2f69-be0c-4ae2-a297-e373c30f7f6a","Heartbeat",{}]
[18:32:58] [DEVICE] >> [3,"79cd2f69-be0c-4ae2-a297-e373c30f7f6a",{"currentTime":"2026-06-30T10:32:58Z"}]
[18:33:58] [DEVICE] << [2,"7ae31ac4-77b5-416b-a2e3-e4b3e301c288","Heartbeat",{}]
[18:33:58] [DEVICE] >> [3,"7ae31ac4-77b5-416b-a2e3-e4b3e301c288",{"currentTime":"2026-06-30T10:33:58Z"}]
[18:34:58] [DEVICE] << [2,"1ce81749-e8b9-489c-bd9f-df0332cff8d8","Heartbeat",{}]
[18:34:58] [DEVICE] >> [3,"1ce81749-e8b9-489c-bd9f-df0332cff8d8",{"currentTime":"2026-06-30T10:34:58Z"}]
[18:35:58] [DEVICE] << [2,"9ae1c1fd-6e30-43f3-9a97-bfe214080b09","Heartbeat",{}]
[18:35:58] [DEVICE] >> [3,"9ae1c1fd-6e30-43f3-9a97-bfe214080b09",{"currentTime":"2026-06-30T10:35:58Z"}]
[18:36:58] [DEVICE] << [2,"83044235-8a56-4bcd-9cc6-d7a6c947b0bd","Heartbeat",{}]
[18:36:58] [DEVICE] >> [3,"83044235-8a56-4bcd-9cc6-d7a6c947b0bd",{"currentTime":"2026-06-30T10:36:58Z"}]
[18:37:58] [DEVICE] << [2,"206a7b3e-32b1-4066-bb29-1630b0dc8f97","Heartbeat",{}]
[18:37:58] [DEVICE] >> [3,"206a7b3e-32b1-4066-bb29-1630b0dc8f97",{"currentTime":"2026-06-30T10:37:58Z"}]
[18:38:58] [DEVICE] << [2,"cfe194a3-ec96-4541-bb0a-2cf9513f2434","Heartbeat",{}]
[18:38:58] [DEVICE] >> [3,"cfe194a3-ec96-4541-bb0a-2cf9513f2434",{"currentTime":"2026-06-30T10:38:58Z"}]
[18:39:58] [DEVICE] << [2,"87af3864-6ef7-4cf0-9c59-e6101d14f476","Heartbeat",{}]
[18:39:58] [DEVICE] >> [3,"87af3864-6ef7-4cf0-9c59-e6101d14f476",{"currentTime":"2026-06-30T10:39:58Z"}]
[18:40:58] [DEVICE] << [2,"a5d17358-4502-4daa-a03a-051aeea03a47","Heartbeat",{}]
[18:40:58] [DEVICE] >> [3,"a5d17358-4502-4daa-a03a-051aeea03a47",{"currentTime":"2026-06-30T10:40:58Z"}]
[18:41:58] [DEVICE] << [2,"175fe410-bb46-47c4-81a7-54c80806d585","Heartbeat",{}]
[18:41:58] [DEVICE] >> [3,"175fe410-bb46-47c4-81a7-54c80806d585",{"currentTime":"2026-06-30T10:41:58Z"}]
[18:42:58] [DEVICE] << [2,"cbd54977-678b-4003-b6c0-e514989ef902","Heartbeat",{}]
[18:42:58] [DEVICE] >> [3,"cbd54977-678b-4003-b6c0-e514989ef902",{"currentTime":"2026-06-30T10:42:58Z"}]
[18:43:58] [DEVICE] << [2,"b2f6d5f5-4ca0-417c-ae84-6adf5a51ff5d","Heartbeat",{}]
[18:43:58] [DEVICE] >> [3,"b2f6d5f5-4ca0-417c-ae84-6adf5a51ff5d",{"currentTime":"2026-06-30T10:43:58Z"}]
[18:44:58] [DEVICE] << [2,"d4807778-73ce-4477-a8bd-83c19a3a851f","Heartbeat",{}]
[18:44:58] [DEVICE] >> [3,"d4807778-73ce-4477-a8bd-83c19a3a851f",{"currentTime":"2026-06-30T10:44:58Z"}]
[18:45:58] [DEVICE] << [2,"44e63810-849e-4113-8d43-fd6a45c7636c","Heartbeat",{}]
[18:45:58] [DEVICE] >> [3,"44e63810-849e-4113-8d43-fd6a45c7636c",{"currentTime":"2026-06-30T10:45:58Z"}]
[18:46:58] [DEVICE] << [2,"0cdf180c-a6b5-4725-8ef0-a05698b465a7","Heartbeat",{}]
[18:46:58] [DEVICE] >> [3,"0cdf180c-a6b5-4725-8ef0-a05698b465a7",{"currentTime":"2026-06-30T10:46:58Z"}]
[18:47:58] [DEVICE] << [2,"f1f6ae07-d345-4733-8836-dcdbe114c407","Heartbeat",{}]
[18:47:58] [DEVICE] >> [3,"f1f6ae07-d345-4733-8836-dcdbe114c407",{"currentTime":"2026-06-30T10:47:58Z"}]
[18:48:58] [DEVICE] << [2,"8d3454a9-bf35-48e1-95b0-e076d660b53e","Heartbeat",{}]
[18:48:58] [DEVICE] >> [3,"8d3454a9-bf35-48e1-95b0-e076d660b53e",{"currentTime":"2026-06-30T10:48:58Z"}]
[18:49:58] [DEVICE] << [2,"e627616f-2b80-4475-8671-57f02e18e40a","Heartbeat",{}]
[18:49:58] [DEVICE] >> [3,"e627616f-2b80-4475-8671-57f02e18e40a",{"currentTime":"2026-06-30T10:49:58Z"}]
[18:50:58] [DEVICE] << [2,"aca245fc-07aa-4047-9558-b027341be395","Heartbeat",{}]
[18:50:58] [DEVICE] >> [3,"aca245fc-07aa-4047-9558-b027341be395",{"currentTime":"2026-06-30T10:50:58Z"}]
[18:51:58] [DEVICE] << [2,"6e2e3fa3-078b-45f4-86db-c6194d415ea5","Heartbeat",{}]
[18:51:58] [DEVICE] >> [3,"6e2e3fa3-078b-45f4-86db-c6194d415ea5",{"currentTime":"2026-06-30T10:51:58Z"}]
[18:52:58] [DEVICE] << [2,"362208f8-1abc-4dac-a3a1-795652ef4f68","Heartbeat",{}]
[18:52:58] [DEVICE] >> [3,"362208f8-1abc-4dac-a3a1-795652ef4f68",{"currentTime":"2026-06-30T10:52:58Z"}]
[18:53:58] [DEVICE] << [2,"13f8d7a3-796e-4bad-bd28-ab91dd35a5fe","Heartbeat",{}]
[18:53:58] [DEVICE] >> [3,"13f8d7a3-796e-4bad-bd28-ab91dd35a5fe",{"currentTime":"2026-06-30T10:53:58Z"}]
[18:54:58] [DEVICE] << [2,"1e8d2646-509b-4095-ad55-e367b55be034","Heartbeat",{}]
[18:54:58] [DEVICE] >> [3,"1e8d2646-509b-4095-ad55-e367b55be034",{"currentTime":"2026-06-30T10:54:58Z"}]
[18:55:58] [DEVICE] << [2,"85f52467-a51a-4c94-8bb0-762555bdde72","Heartbeat",{}]
[18:55:58] [DEVICE] >> [3,"85f52467-a51a-4c94-8bb0-762555bdde72",{"currentTime":"2026-06-30T10:55:58Z"}]
[18:56:58] [DEVICE] << [2,"85317f5d-a1e6-44cc-abb6-8f8f5331ff8a","Heartbeat",{}]
[18:56:58] [DEVICE] >> [3,"85317f5d-a1e6-44cc-abb6-8f8f5331ff8a",{"currentTime":"2026-06-30T10:56:58Z"}]
[18:57:58] [DEVICE] << [2,"5df4d41b-94fb-4251-b034-c3acadf7469f","Heartbeat",{}]
[18:57:58] [DEVICE] >> [3,"5df4d41b-94fb-4251-b034-c3acadf7469f",{"currentTime":"2026-06-30T10:57:58Z"}]
[18:58:58] [DEVICE] << [2,"a16f0fea-6106-4636-97c9-53ed10a90e8e","Heartbeat",{}]
[18:58:59] [DEVICE] >> [3,"a16f0fea-6106-4636-97c9-53ed10a90e8e",{"currentTime":"2026-06-30T10:58:59Z"}]
[18:59:58] [DEVICE] << [2,"a8a0956a-e808-436d-b09b-6c5df5cff88d","Heartbeat",{}]
[18:59:59] [DEVICE] >> [3,"a8a0956a-e808-436d-b09b-6c5df5cff88d",{"currentTime":"2026-06-30T10:59:59Z"}]
[19:00:59] [DEVICE] << [2,"bfb8f625-a6fa-445a-a8b2-217c2e9f3c04","Heartbeat",{}]
[19:00:59] [DEVICE] >> [3,"bfb8f625-a6fa-445a-a8b2-217c2e9f3c04",{"currentTime":"2026-06-30T11:00:59Z"}]
[19:01:59] [DEVICE] << [2,"5bbd6f01-5d1b-458e-8c5e-7ddb58755875","Heartbeat",{}]
[19:01:59] [DEVICE] >> [3,"5bbd6f01-5d1b-458e-8c5e-7ddb58755875",{"currentTime":"2026-06-30T11:01:59Z"}]
