[17:15:00] [DEVICE] << [2,"8bd1ec4a-fbec-4117-938f-b10d0244f418","BootNotification",{"chargePointVendor":"NA","chargePointModel":"NA","firmwareVersion":"vOB020T22T--01.00.007--","chargePointSerialNumber":"CED888888888","iccid":"NA","imsi":"NA"}]
[17:15:00] [DEVICE] >> [3,"8bd1ec4a-fbec-4117-938f-b10d0244f418",{"currentTime":"2026-07-08T09:15:00Z","interval":60,"status":"Accepted"}]
[17:15:01] [DEVICE] << [2,"2eb05e37-14df-40b5-b923-d5a27b4b08ef","StatusNotification",{"connectorId":1, "errorCode":"NoError", "status":"Available","info":"","timestamp":"2026-07-08T09:15:00.105Z","vendorId":"NA","vendorErrorCode":""}]
[17:15:01] [DEVICE] >> [3,"2eb05e37-14df-40b5-b923-d5a27b4b08ef",{}]
[17:15:01] [DEVICE] << [2,"ff55e2f6-06f3-41fd-be19-f6118328dc23","StatusNotification",{"connectorId":0, "errorCode":"NoError", "status":"Available","info":"","timestamp":"2026-07-08T09:15:00.307Z","vendorId":"NA","vendorErrorCode":""}]
[17:15:01] [DEVICE] >> [3,"ff55e2f6-06f3-41fd-be19-f6118328dc23",{}]
[17:15:35] [DEVICE] << [2,"bbb58ae3-a49e-4138-936f-b72a3c694f72","Heartbeat",{}]
[17:15:35] [DEVICE] >> [3,"bbb58ae3-a49e-4138-936f-b72a3c694f72",{"currentTime":"2026-07-08T09:15:35Z"}]
[17:16:35] [DEVICE] << [2,"13bb6aa4-828c-45dd-80e5-2fb9336c3fa7","Heartbeat",{}]
[17:16:35] [DEVICE] >> [3,"13bb6aa4-828c-45dd-80e5-2fb9336c3fa7",{"currentTime":"2026-07-08T09:16:35Z"}]
[17:17:35] [DEVICE] << [2,"e9c36770-3dfa-4269-bc57-01c2a6dc322a","Heartbeat",{}]
[17:17:35] [DEVICE] >> [3,"e9c36770-3dfa-4269-bc57-01c2a6dc322a",{"currentTime":"2026-07-08T09:17:35Z"}]
[17:18:35] [DEVICE] << [2,"7c9c6d67-a0eb-4a5c-95de-ea357b886d0b","Heartbeat",{}]
[17:18:35] [DEVICE] >> [3,"7c9c6d67-a0eb-4a5c-95de-ea357b886d0b",{"currentTime":"2026-07-08T09:18:35Z"}]
[17:19:09] [DEVICE] << [2,"1d96036e-e129-4354-b8d0-e2b76ea9898d","StatusNotification",{"connectorId":1, "errorCode":"NoError", "status":"Faulted","info":"","timestamp":"2026-07-08T09:19:08.821Z","vendorId":"NA","vendorErrorCode":"333c"}]
[17:19:09] [DEVICE] >> [3,"1d96036e-e129-4354-b8d0-e2b76ea9898d",{}]
[17:19:35] [DEVICE] << [2,"076542d0-740d-4eea-8820-2d8a44406efd","Heartbeat",{}]
[17:19:35] [DEVICE] >> [3,"076542d0-740d-4eea-8820-2d8a44406efd",{"currentTime":"2026-07-08T09:19:35Z"}]
[17:20:33] [DEVICE] << [2,"0ae7e02b-5699-4ba8-a04c-1ed278342ac7","StatusNotification",{"connectorId":1, "errorCode":"NoError", "status":"Available","info":"","timestamp":"2026-07-08T09:20:33.006Z","vendorId":"NA","vendorErrorCode":""}]
[17:20:33] [DEVICE] >> [3,"0ae7e02b-5699-4ba8-a04c-1ed278342ac7",{}]
[17:20:35] [DEVICE] << [2,"3ff1d1d1-0bba-42bc-a80c-6e31f829457a","Heartbeat",{}]
[17:20:35] [DEVICE] >> [3,"3ff1d1d1-0bba-42bc-a80c-6e31f829457a",{"currentTime":"2026-07-08T09:20:35Z"}]
[17:21:35] [DEVICE] << [2,"a3d55b0b-3726-40cd-91d0-aaa5f3dc5937","Heartbeat",{}]
[17:21:35] [DEVICE] >> [3,"a3d55b0b-3726-40cd-91d0-aaa5f3dc5937",{"currentTime":"2026-07-08T09:21:35Z"}]
[17:22:35] [DEVICE] << [2,"abc558cb-a47d-4f08-b434-1e8a75b0b1af","Heartbeat",{}]
[17:22:35] [DEVICE] >> [3,"abc558cb-a47d-4f08-b434-1e8a75b0b1af",{"currentTime":"2026-07-08T09:22:35Z"}]
[17:23:35] [DEVICE] << [2,"072350a1-746c-4dca-ac32-d74c0cce1416","Heartbeat",{}]
[17:23:35] [DEVICE] >> [3,"072350a1-746c-4dca-ac32-d74c0cce1416",{"currentTime":"2026-07-08T09:23:35Z"}]
[17:24:35] [DEVICE] << [2,"91e4137e-7445-474f-b065-d40ffbb48941","Heartbeat",{}]
[17:24:35] [DEVICE] >> [3,"91e4137e-7445-474f-b065-d40ffbb48941",{"currentTime":"2026-07-08T09:24:35Z"}]
[17:25:35] [DEVICE] << [2,"ddab7c4a-d6e7-424a-a529-c6409e88d19e","Heartbeat",{}]
[17:25:35] [DEVICE] >> [3,"ddab7c4a-d6e7-424a-a529-c6409e88d19e",{"currentTime":"2026-07-08T09:25:35Z"}]
[17:26:35] [DEVICE] << [2,"93832104-5fbd-481a-bbc2-6d7fec99a3b7","Heartbeat",{}]
[17:26:35] [DEVICE] >> [3,"93832104-5fbd-481a-bbc2-6d7fec99a3b7",{"currentTime":"2026-07-08T09:26:35Z"}]
[17:27:35] [DEVICE] << [2,"b1b99ba5-ef9c-4d8e-99a4-e7369e22b4c2","Heartbeat",{}]
[17:27:35] [DEVICE] >> [3,"b1b99ba5-ef9c-4d8e-99a4-e7369e22b4c2",{"currentTime":"2026-07-08T09:27:35Z"}]
[17:28:35] [DEVICE] << [2,"538a0987-e4ff-457b-a508-5a735e7eb8d5","Heartbeat",{}]
[17:28:35] [DEVICE] >> [3,"538a0987-e4ff-457b-a508-5a735e7eb8d5",{"currentTime":"2026-07-08T09:28:35Z"}]
[17:29:35] [DEVICE] << [2,"56bcb63a-572f-4adb-87eb-6ec1a8a2a7bb","Heartbeat",{}]
[17:29:36] [DEVICE] >> [3,"56bcb63a-572f-4adb-87eb-6ec1a8a2a7bb",{"currentTime":"2026-07-08T09:29:36Z"}]
[17:30:35] [DEVICE] << [2,"f053aba4-95e7-47d3-970e-92511f1ee7a1","Heartbeat",{}]
[17:30:36] [DEVICE] >> [3,"f053aba4-95e7-47d3-970e-92511f1ee7a1",{"currentTime":"2026-07-08T09:30:36Z"}]
[17:31:35] [DEVICE] << [2,"0a62f14c-ec34-49ca-ba58-b96de430fb74","Heartbeat",{}]
[17:31:36] [DEVICE] >> [3,"0a62f14c-ec34-49ca-ba58-b96de430fb74",{"currentTime":"2026-07-08T09:31:36Z"}]
[17:32:35] [DEVICE] << [2,"2b574b3e-a20d-4881-95a5-86af771b67ea","Heartbeat",{}]
[17:32:36] [DEVICE] >> [3,"2b574b3e-a20d-4881-95a5-86af771b67ea",{"currentTime":"2026-07-08T09:32:36Z"}]
[17:33:35] [DEVICE] << [2,"53621f3f-cbb5-4413-b14b-62cb90102c4d","Heartbeat",{}]
[17:33:36] [DEVICE] >> [3,"53621f3f-cbb5-4413-b14b-62cb90102c4d",{"currentTime":"2026-07-08T09:33:36Z"}]
[17:34:35] [DEVICE] << [2,"1eaf3203-2fe7-4944-bd3b-1a182671dbb3","Heartbeat",{}]
[17:34:36] [DEVICE] >> [3,"1eaf3203-2fe7-4944-bd3b-1a182671dbb3",{"currentTime":"2026-07-08T09:34:36Z"}]
[17:35:35] [DEVICE] << [2,"70d87c9a-2c31-4301-9948-bd1f5a9d4ad7","Heartbeat",{}]
[17:35:36] [DEVICE] >> [3,"70d87c9a-2c31-4301-9948-bd1f5a9d4ad7",{"currentTime":"2026-07-08T09:35:36Z"}]
[17:36:36] [DEVICE] << [2,"84b6cf60-781d-400b-aaed-326933576e5e","Heartbeat",{}]
[17:36:36] [DEVICE] >> [3,"84b6cf60-781d-400b-aaed-326933576e5e",{"currentTime":"2026-07-08T09:36:36Z"}]
[17:37:36] [DEVICE] << [2,"74d9c435-de8f-4ee0-8481-0cd1c9757b04","Heartbeat",{}]
[17:37:36] [DEVICE] >> [3,"74d9c435-de8f-4ee0-8481-0cd1c9757b04",{"currentTime":"2026-07-08T09:37:36Z"}]
[17:38:36] [DEVICE] << [2,"66ea2926-2747-43d9-bee1-863b16692609","Heartbeat",{}]
[17:38:36] [DEVICE] >> [3,"66ea2926-2747-43d9-bee1-863b16692609",{"currentTime":"2026-07-08T09:38:36Z"}]
[17:39:36] [DEVICE] << [2,"1cebffff-1933-43af-aae0-57ab0d77efa4","Heartbeat",{}]
[17:39:36] [DEVICE] >> [3,"1cebffff-1933-43af-aae0-57ab0d77efa4",{"currentTime":"2026-07-08T09:39:36Z"}]
[17:40:36] [DEVICE] << [2,"9429ead3-769e-4bfb-966b-a5cc23fc7762","Heartbeat",{}]
[17:40:36] [DEVICE] >> [3,"9429ead3-769e-4bfb-966b-a5cc23fc7762",{"currentTime":"2026-07-08T09:40:36Z"}]
[17:41:36] [DEVICE] << [2,"cbe1ee47-d805-4f65-835b-77fc4e24a33a","Heartbeat",{}]
[17:41:36] [DEVICE] >> [3,"cbe1ee47-d805-4f65-835b-77fc4e24a33a",{"currentTime":"2026-07-08T09:41:36Z"}]
[17:42:36] [DEVICE] << [2,"289c0e5e-8214-4e4a-ba51-22d9162f8d3a","Heartbeat",{}]
[17:42:36] [DEVICE] >> [3,"289c0e5e-8214-4e4a-ba51-22d9162f8d3a",{"currentTime":"2026-07-08T09:42:36Z"}]
[17:43:36] [DEVICE] << [2,"9a0f3629-fbc2-4899-b661-682c5f43dc29","Heartbeat",{}]
[17:43:36] [DEVICE] >> [3,"9a0f3629-fbc2-4899-b661-682c5f43dc29",{"currentTime":"2026-07-08T09:43:36Z"}]
[17:44:36] [DEVICE] << [2,"fa8c6442-caac-4c3c-be32-4a22f4489ad5","Heartbeat",{}]
[17:44:36] [DEVICE] >> [3,"fa8c6442-caac-4c3c-be32-4a22f4489ad5",{"currentTime":"2026-07-08T09:44:36Z"}]
[17:45:36] [DEVICE] << [2,"299bf200-e275-459c-afc7-0c4c8a2f5523","Heartbeat",{}]
[17:45:36] [DEVICE] >> [3,"299bf200-e275-459c-afc7-0c4c8a2f5523",{"currentTime":"2026-07-08T09:45:36Z"}]
[17:46:36] [DEVICE] << [2,"67325163-0c00-4bb5-9bf1-ae5a5ad2582a","Heartbeat",{}]
[17:46:36] [DEVICE] >> [3,"67325163-0c00-4bb5-9bf1-ae5a5ad2582a",{"currentTime":"2026-07-08T09:46:36Z"}]
[17:47:36] [DEVICE] << [2,"8f129c95-d90c-4ab3-ac2b-f7d1100acdf2","Heartbeat",{}]
[17:47:36] [DEVICE] >> [3,"8f129c95-d90c-4ab3-ac2b-f7d1100acdf2",{"currentTime":"2026-07-08T09:47:36Z"}]
[17:48:36] [DEVICE] << [2,"3eae8608-cc84-4320-9e10-346c4669d30c","Heartbeat",{}]
[17:48:36] [DEVICE] >> [3,"3eae8608-cc84-4320-9e10-346c4669d30c",{"currentTime":"2026-07-08T09:48:36Z"}]
[17:49:36] [DEVICE] << [2,"690dc2ac-911b-4147-91a6-6455631f0875","Heartbeat",{}]
[17:49:36] [DEVICE] >> [3,"690dc2ac-911b-4147-91a6-6455631f0875",{"currentTime":"2026-07-08T09:49:36Z"}]
[17:50:36] [DEVICE] << [2,"dd2f8766-6c4a-4a5f-bef1-aec36f9548a0","Heartbeat",{}]
[17:50:36] [DEVICE] >> [3,"dd2f8766-6c4a-4a5f-bef1-aec36f9548a0",{"currentTime":"2026-07-08T09:50:36Z"}]
[17:51:36] [DEVICE] << [2,"aaf58263-abd1-40b5-a922-ea78224efd64","Heartbeat",{}]
[17:51:36] [DEVICE] >> [3,"aaf58263-abd1-40b5-a922-ea78224efd64",{"currentTime":"2026-07-08T09:51:36Z"}]
[17:52:36] [DEVICE] << [2,"533457e0-bbeb-4855-97d8-2886ba27a7a0","Heartbeat",{}]
[17:52:36] [DEVICE] >> [3,"533457e0-bbeb-4855-97d8-2886ba27a7a0",{"currentTime":"2026-07-08T09:52:36Z"}]
[17:53:36] [DEVICE] << [2,"c92bc2c3-022a-4359-8ac5-be41ca2ec535","Heartbeat",{}]
[17:53:36] [DEVICE] >> [3,"c92bc2c3-022a-4359-8ac5-be41ca2ec535",{"currentTime":"2026-07-08T09:53:36Z"}]
[17:54:36] [DEVICE] << [2,"a56d0bf0-5824-4a98-85ec-94219061745a","Heartbeat",{}]
[17:54:36] [DEVICE] >> [3,"a56d0bf0-5824-4a98-85ec-94219061745a",{"currentTime":"2026-07-08T09:54:36Z"}]
[17:55:36] [DEVICE] << [2,"1dc09a5e-97c6-4206-8889-682533099bf6","Heartbeat",{}]
[17:55:36] [DEVICE] >> [3,"1dc09a5e-97c6-4206-8889-682533099bf6",{"currentTime":"2026-07-08T09:55:36Z"}]
[17:56:36] [DEVICE] << [2,"81c4702d-8fa0-4ab0-a020-42e98d194b11","Heartbeat",{}]
[17:56:36] [DEVICE] >> [3,"81c4702d-8fa0-4ab0-a020-42e98d194b11",{"currentTime":"2026-07-08T09:56:36Z"}]
[17:57:36] [DEVICE] << [2,"3cadb00c-87cb-49c3-b1bf-64dc016c9f46","Heartbeat",{}]
[17:57:36] [DEVICE] >> [3,"3cadb00c-87cb-49c3-b1bf-64dc016c9f46",{"currentTime":"2026-07-08T09:57:36Z"}]
[17:58:36] [DEVICE] << [2,"d01722ce-968b-46e7-8ee5-08131f60b575","Heartbeat",{}]
[17:58:36] [DEVICE] >> [3,"d01722ce-968b-46e7-8ee5-08131f60b575",{"currentTime":"2026-07-08T09:58:36Z"}]
[17:59:36] [DEVICE] << [2,"adc672f6-eba6-4ad9-bfa2-6a2247a854ed","Heartbeat",{}]
[17:59:36] [DEVICE] >> [3,"adc672f6-eba6-4ad9-bfa2-6a2247a854ed",{"currentTime":"2026-07-08T09:59:36Z"}]
[18:00:36] [DEVICE] << [2,"65d4c205-18d6-4dbf-ba9b-7a8dc5692152","Heartbeat",{}]
[18:00:36] [DEVICE] >> [3,"65d4c205-18d6-4dbf-ba9b-7a8dc5692152",{"currentTime":"2026-07-08T10:00:36Z"}]
[18:01:36] [DEVICE] << [2,"d647ab02-cf28-4707-bba4-b4fceaf85b95","Heartbeat",{}]
[18:01:36] [DEVICE] >> [3,"d647ab02-cf28-4707-bba4-b4fceaf85b95",{"currentTime":"2026-07-08T10:01:36Z"}]
[18:02:36] [DEVICE] << [2,"989f044c-2548-4598-85c2-0de0d0937f16","Heartbeat",{}]
[18:02:36] [DEVICE] >> [3,"989f044c-2548-4598-85c2-0de0d0937f16",{"currentTime":"2026-07-08T10:02:36Z"}]
[18:03:36] [DEVICE] << [2,"f7aafb2d-f19e-4d15-8cea-ddcb748d9bf1","Heartbeat",{}]
[18:03:36] [DEVICE] >> [3,"f7aafb2d-f19e-4d15-8cea-ddcb748d9bf1",{"currentTime":"2026-07-08T10:03:36Z"}]
[18:04:36] [DEVICE] << [2,"2c9bbfd8-52a0-4606-a2b0-463bcb7c4315","Heartbeat",{}]
[18:04:36] [DEVICE] >> [3,"2c9bbfd8-52a0-4606-a2b0-463bcb7c4315",{"currentTime":"2026-07-08T10:04:36Z"}]
[18:05:36] [DEVICE] << [2,"a750ae2d-634b-47a1-ba2b-dffe5a077663","Heartbeat",{}]
[18:05:36] [DEVICE] >> [3,"a750ae2d-634b-47a1-ba2b-dffe5a077663",{"currentTime":"2026-07-08T10:05:36Z"}]
[18:06:36] [DEVICE] << [2,"af0f8f9b-c72a-440c-8b39-d74c3a6c3269","Heartbeat",{}]
[18:06:36] [DEVICE] >> [3,"af0f8f9b-c72a-440c-8b39-d74c3a6c3269",{"currentTime":"2026-07-08T10:06:36Z"}]
[18:07:36] [DEVICE] << [2,"6235386e-1527-4a91-ac99-c3b0ca245894","Heartbeat",{}]
[18:07:36] [DEVICE] >> [3,"6235386e-1527-4a91-ac99-c3b0ca245894",{"currentTime":"2026-07-08T10:07:36Z"}]
[18:08:36] [DEVICE] << [2,"9c2ead04-a370-43cb-8ecd-d2d1ddb8b0ac","Heartbeat",{}]
[18:08:36] [DEVICE] >> [3,"9c2ead04-a370-43cb-8ecd-d2d1ddb8b0ac",{"currentTime":"2026-07-08T10:08:36Z"}]
[18:09:36] [DEVICE] << [2,"ddb3effc-7131-4c88-991f-7921be081d82","Heartbeat",{}]
[18:09:36] [DEVICE] >> [3,"ddb3effc-7131-4c88-991f-7921be081d82",{"currentTime":"2026-07-08T10:09:36Z"}]
[18:10:36] [DEVICE] << [2,"c936967a-f90c-49e7-92ac-fe3c753f929f","Heartbeat",{}]
[18:10:36] [DEVICE] >> [3,"c936967a-f90c-49e7-92ac-fe3c753f929f",{"currentTime":"2026-07-08T10:10:36Z"}]
[18:11:36] [DEVICE] << [2,"5e110070-54e7-48fa-b5c5-74f7e872bd54","Heartbeat",{}]
[18:11:36] [DEVICE] >> [3,"5e110070-54e7-48fa-b5c5-74f7e872bd54",{"currentTime":"2026-07-08T10:11:36Z"}]
[18:12:36] [DEVICE] << [2,"42f6a505-00dc-44f8-8af8-b4255e7a725c","Heartbeat",{}]
[18:12:36] [DEVICE] >> [3,"42f6a505-00dc-44f8-8af8-b4255e7a725c",{"currentTime":"2026-07-08T10:12:36Z"}]
[18:13:36] [DEVICE] << [2,"c67fbcea-48c9-428e-a47d-7f408c9a1df8","Heartbeat",{}]
[18:13:36] [DEVICE] >> [3,"c67fbcea-48c9-428e-a47d-7f408c9a1df8",{"currentTime":"2026-07-08T10:13:36Z"}]
[18:14:36] [DEVICE] << [2,"e70c399f-6f1f-480e-822e-0679790473b2","Heartbeat",{}]
[18:14:36] [DEVICE] >> [3,"e70c399f-6f1f-480e-822e-0679790473b2",{"currentTime":"2026-07-08T10:14:36Z"}]
[18:15:36] [DEVICE] << [2,"253152a0-1b91-4a68-a311-41eed53554ac","Heartbeat",{}]
[18:15:36] [DEVICE] >> [3,"253152a0-1b91-4a68-a311-41eed53554ac",{"currentTime":"2026-07-08T10:15:36Z"}]
[18:16:36] [DEVICE] << [2,"2448cf5b-7987-4598-9614-a8d30fdad726","Heartbeat",{}]
[18:16:36] [DEVICE] >> [3,"2448cf5b-7987-4598-9614-a8d30fdad726",{"currentTime":"2026-07-08T10:16:36Z"}]
[18:17:36] [DEVICE] << [2,"d295a8b5-37d1-4eff-8db7-d7cfae4c66ec","Heartbeat",{}]
[18:17:36] [DEVICE] >> [3,"d295a8b5-37d1-4eff-8db7-d7cfae4c66ec",{"currentTime":"2026-07-08T10:17:36Z"}]
[18:18:36] [DEVICE] << [2,"a589359a-e5eb-4e53-a9b2-ccaa573bc803","Heartbeat",{}]
[18:18:36] [DEVICE] >> [3,"a589359a-e5eb-4e53-a9b2-ccaa573bc803",{"currentTime":"2026-07-08T10:18:36Z"}]
[18:19:36] [DEVICE] << [2,"7458cf1c-3a6d-4dfc-bb70-e18d54b006fe","Heartbeat",{}]
[18:19:36] [DEVICE] >> [3,"7458cf1c-3a6d-4dfc-bb70-e18d54b006fe",{"currentTime":"2026-07-08T10:19:36Z"}]
[18:20:36] [DEVICE] << [2,"d9b7a871-4a1c-4f2e-8c34-1a3371394920","Heartbeat",{}]
[18:20:36] [DEVICE] >> [3,"d9b7a871-4a1c-4f2e-8c34-1a3371394920",{"currentTime":"2026-07-08T10:20:36Z"}]
[18:21:36] [DEVICE] << [2,"165e101f-ba9f-41e7-b1da-fc0d61fb9b65","Heartbeat",{}]
[18:21:37] [DEVICE] >> [3,"165e101f-ba9f-41e7-b1da-fc0d61fb9b65",{"currentTime":"2026-07-08T10:21:37Z"}]
[18:22:36] [DEVICE] << [2,"4884b1b5-2602-4f7b-b8fc-7238fc5a8ac9","Heartbeat",{}]
[18:22:37] [DEVICE] >> [3,"4884b1b5-2602-4f7b-b8fc-7238fc5a8ac9",{"currentTime":"2026-07-08T10:22:37Z"}]
[18:23:36] [DEVICE] << [2,"9307c095-ef03-42e2-bc1b-20664da76adb","Heartbeat",{}]
[18:23:37] [DEVICE] >> [3,"9307c095-ef03-42e2-bc1b-20664da76adb",{"currentTime":"2026-07-08T10:23:37Z"}]
[18:24:36] [DEVICE] << [2,"caf8960d-ef53-49e4-b072-208ad5af970d","Heartbeat",{}]
[18:24:37] [DEVICE] >> [3,"caf8960d-ef53-49e4-b072-208ad5af970d",{"currentTime":"2026-07-08T10:24:37Z"}]
[18:25:36] [DEVICE] << [2,"83345e3e-52cd-4379-9080-4ade0bac2f74","Heartbeat",{}]
[18:25:37] [DEVICE] >> [3,"83345e3e-52cd-4379-9080-4ade0bac2f74",{"currentTime":"2026-07-08T10:25:37Z"}]
[18:26:37] [DEVICE] << [2,"dfc01202-1245-4fad-860a-a3a69ff39b38","Heartbeat",{}]
[18:26:37] [DEVICE] >> [3,"dfc01202-1245-4fad-860a-a3a69ff39b38",{"currentTime":"2026-07-08T10:26:37Z"}]
[18:27:37] [DEVICE] << [2,"a66ddcaf-e8f9-48f6-924f-d57af8d56e39","Heartbeat",{}]
[18:27:37] [DEVICE] >> [3,"a66ddcaf-e8f9-48f6-924f-d57af8d56e39",{"currentTime":"2026-07-08T10:27:37Z"}]
[18:28:37] [DEVICE] << [2,"f4488175-99ec-4b52-b57a-84e135818170","Heartbeat",{}]
[18:28:37] [DEVICE] >> [3,"f4488175-99ec-4b52-b57a-84e135818170",{"currentTime":"2026-07-08T10:28:37Z"}]
[18:29:37] [DEVICE] << [2,"d376b7f8-aac9-44a1-b501-c800d0603d56","Heartbeat",{}]
[18:29:37] [DEVICE] >> [3,"d376b7f8-aac9-44a1-b501-c800d0603d56",{"currentTime":"2026-07-08T10:29:37Z"}]
[18:30:21] [DEVICE] << [2,"86700712-2440-4dc6-9d9a-a70f48a3a9fe","StatusNotification",{"connectorId":1, "errorCode":"NoError", "status":"Preparing","info":"","timestamp":"2026-07-08T10:30:21.054Z","vendorId":"NA","vendorErrorCode":""}]
[18:30:22] [DEVICE] >> [3,"86700712-2440-4dc6-9d9a-a70f48a3a9fe",{}]
[18:30:33] [DEVICE] << [2,"35cdfbde-42f4-4560-9c83-699c200cf3ec","StatusNotification",{"connectorId":1, "errorCode":"NoError", "status":"Preparing","info":"","timestamp":"2026-07-08T10:30:33.082Z","vendorId":"NA","vendorErrorCode":"5b0a"}]
[18:30:34] [DEVICE] >> [3,"35cdfbde-42f4-4560-9c83-699c200cf3ec",{}]
[18:30:37] [DEVICE] << [2,"9be0b68e-c9b5-4596-8abd-b34f014e523e","Heartbeat",{}]
[18:30:37] [DEVICE] >> [3,"9be0b68e-c9b5-4596-8abd-b34f014e523e",{"currentTime":"2026-07-08T10:30:37Z"}]
[18:30:39] [DEVICE] << [2,"0f7b00f4-c509-4a62-b251-1b9620d4ef8c","StatusNotification",{"connectorId":1, "errorCode":"NoError", "status":"Finishing","info":"","timestamp":"2026-07-08T10:30:39.096Z","vendorId":"NA","vendorErrorCode":"5b0a"}]
[18:30:40] [DEVICE] >> [3,"0f7b00f4-c509-4a62-b251-1b9620d4ef8c",{}]
[18:31:32] [DEVICE] << [2,"65c33542-87b7-4d39-bcc4-b45e9ce77e16","StatusNotification",{"connectorId":1, "errorCode":"NoError", "status":"Available","info":"","timestamp":"2026-07-08T10:31:31.418Z","vendorId":"NA","vendorErrorCode":""}]
[18:31:32] [DEVICE] >> [3,"65c33542-87b7-4d39-bcc4-b45e9ce77e16",{}]
[18:31:37] [DEVICE] << [2,"f2830189-4562-4ccf-9ff9-72a7c517d046","Heartbeat",{}]
[18:31:37] [DEVICE] >> [3,"f2830189-4562-4ccf-9ff9-72a7c517d046",{"currentTime":"2026-07-08T10:31:37Z"}]
[18:32:07] [DEVICE] << [2,"a0985fc4-8025-46ba-86ae-2c836a53f20b","StatusNotification",{"connectorId":1, "errorCode":"NoError", "status":"Preparing","info":"","timestamp":"2026-07-08T10:32:06.300Z","vendorId":"NA","vendorErrorCode":""}]
[18:32:07] [DEVICE] >> [3,"a0985fc4-8025-46ba-86ae-2c836a53f20b",{}]
[18:32:18] [DEVICE] << [2,"a4b96fb8-bee3-4ae3-b96f-4e26f3055a5c","StatusNotification",{"connectorId":1, "errorCode":"NoError", "status":"Preparing","info":"","timestamp":"2026-07-08T10:32:17.524Z","vendorId":"NA","vendorErrorCode":"5b0a"}]
[18:32:18] [DEVICE] >> [3,"a4b96fb8-bee3-4ae3-b96f-4e26f3055a5c",{}]
[18:32:23] [DEVICE] << [2,"75e922f6-94f8-48f8-9198-2d630ae7e51f","StatusNotification",{"connectorId":1, "errorCode":"NoError", "status":"Finishing","info":"","timestamp":"2026-07-08T10:32:22.943Z","vendorId":"NA","vendorErrorCode":"5b0a"}]
[18:32:23] [DEVICE] >> [3,"75e922f6-94f8-48f8-9198-2d630ae7e51f",{}]
[18:32:37] [DEVICE] << [2,"cd82a3b2-254c-413c-861a-a75501624b6e","Heartbeat",{}]
[18:32:37] [DEVICE] >> [3,"cd82a3b2-254c-413c-861a-a75501624b6e",{"currentTime":"2026-07-08T10:32:37Z"}]
[18:32:40] [DEVICE] << [2,"b509dc14-cbee-450d-8cdf-01a7aeda0e6c","StatusNotification",{"connectorId":1, "errorCode":"NoError", "status":"Finishing","info":"","timestamp":"2026-07-08T10:32:39.379Z","vendorId":"NA","vendorErrorCode":""}]
[18:32:40] [DEVICE] >> [3,"b509dc14-cbee-450d-8cdf-01a7aeda0e6c",{}]
[18:32:41] [DEVICE] << [2,"c20751cc-43d0-45b3-8b51-054b84f8864b","StatusNotification",{"connectorId":1, "errorCode":"NoError", "status":"Available","info":"","timestamp":"2026-07-08T10:32:40.582Z","vendorId":"NA","vendorErrorCode":""}]
[18:32:41] [DEVICE] >> [3,"c20751cc-43d0-45b3-8b51-054b84f8864b",{}]
[18:33:37] [DEVICE] << [2,"809d63de-e47b-4815-84d8-f1f7a93ea24a","Heartbeat",{}]
[18:33:37] [DEVICE] >> [3,"809d63de-e47b-4815-84d8-f1f7a93ea24a",{"currentTime":"2026-07-08T10:33:37Z"}]
[18:33:54] [DEVICE] << [2,"bfea43a9-2ccd-419e-ba0a-f9c665c7929d","StatusNotification",{"connectorId":1, "errorCode":"NoError", "status":"Preparing","info":"","timestamp":"2026-07-08T10:33:53.362Z","vendorId":"NA","vendorErrorCode":""}]
[18:33:54] [DEVICE] >> [3,"bfea43a9-2ccd-419e-ba0a-f9c665c7929d",{}]
[18:34:13] [DEVICE] << [2,"5c0390be-fca7-418b-8147-cce8b81215d5","StatusNotification",{"connectorId":1, "errorCode":"NoError", "status":"Preparing","info":"","timestamp":"2026-07-08T10:34:12.603Z","vendorId":"NA","vendorErrorCode":"5b0a"}]
[18:34:13] [DEVICE] >> [3,"5c0390be-fca7-418b-8147-cce8b81215d5",{}]
[18:34:19] [DEVICE] << [2,"f7a12642-d215-4cd9-9a15-be82f518e4e5","StatusNotification",{"connectorId":1, "errorCode":"NoError", "status":"Finishing","info":"","timestamp":"2026-07-08T10:34:18.617Z","vendorId":"NA","vendorErrorCode":"5b0a"}]
[18:34:19] [DEVICE] >> [3,"f7a12642-d215-4cd9-9a15-be82f518e4e5",{}]
[18:34:37] [DEVICE] << [2,"0350bd86-dc4b-4d95-9c98-3677b4c56746","Heartbeat",{}]
[18:34:37] [DEVICE] >> [3,"0350bd86-dc4b-4d95-9c98-3677b4c56746",{"currentTime":"2026-07-08T10:34:37Z"}]
[18:35:37] [DEVICE] << [2,"c1255422-6f4d-4796-9cde-c94b21294d61","Heartbeat",{}]
[18:35:37] [DEVICE] >> [3,"c1255422-6f4d-4796-9cde-c94b21294d61",{"currentTime":"2026-07-08T10:35:37Z"}]
[18:36:37] [DEVICE] << [2,"eb1e297d-66dd-435d-a2ab-c084ae0761b3","Heartbeat",{}]
[18:36:37] [DEVICE] >> [3,"eb1e297d-66dd-435d-a2ab-c084ae0761b3",{"currentTime":"2026-07-08T10:36:37Z"}]
[18:37:37] [DEVICE] << [2,"556f9d46-1a07-4a46-85ea-e8b874246df6","Heartbeat",{}]
[18:37:37] [DEVICE] >> [3,"556f9d46-1a07-4a46-85ea-e8b874246df6",{"currentTime":"2026-07-08T10:37:37Z"}]
[18:38:37] [DEVICE] << [2,"4da6a45f-e41f-4135-ae68-6c38c56fabc8","Heartbeat",{}]
[18:38:37] [DEVICE] >> [3,"4da6a45f-e41f-4135-ae68-6c38c56fabc8",{"currentTime":"2026-07-08T10:38:37Z"}]
[18:39:37] [DEVICE] << [2,"d3660a8c-a55f-4564-a50c-c21db011f865","Heartbeat",{}]
[18:39:37] [DEVICE] >> [3,"d3660a8c-a55f-4564-a50c-c21db011f865",{"currentTime":"2026-07-08T10:39:37Z"}]
[18:40:37] [DEVICE] << [2,"2dd8fe27-fea4-47e1-af2f-ba1423b37c95","Heartbeat",{}]
[18:40:37] [DEVICE] >> [3,"2dd8fe27-fea4-47e1-af2f-ba1423b37c95",{"currentTime":"2026-07-08T10:40:37Z"}]
[18:41:37] [DEVICE] << [2,"ff9af1bf-37ca-4863-9f4d-25cba442504c","Heartbeat",{}]
[18:41:37] [DEVICE] >> [3,"ff9af1bf-37ca-4863-9f4d-25cba442504c",{"currentTime":"2026-07-08T10:41:37Z"}]
[18:42:37] [DEVICE] << [2,"2ed598dc-b01f-41cc-9fa8-eb203eaa5a0b","Heartbeat",{}]
[18:42:37] [DEVICE] >> [3,"2ed598dc-b01f-41cc-9fa8-eb203eaa5a0b",{"currentTime":"2026-07-08T10:42:37Z"}]
[18:43:37] [DEVICE] << [2,"7052c892-527c-4295-b9d5-8b63b138b181","Heartbeat",{}]
[18:43:37] [DEVICE] >> [3,"7052c892-527c-4295-b9d5-8b63b138b181",{"currentTime":"2026-07-08T10:43:37Z"}]
[18:44:37] [DEVICE] << [2,"f50f9d4e-9ccc-4995-bf51-3fa372f11b5e","Heartbeat",{}]
[18:44:37] [DEVICE] >> [3,"f50f9d4e-9ccc-4995-bf51-3fa372f11b5e",{"currentTime":"2026-07-08T10:44:37Z"}]
[18:45:37] [DEVICE] << [2,"5b901975-584d-4693-85ad-0f55e4b88f71","Heartbeat",{}]
[18:45:37] [DEVICE] >> [3,"5b901975-584d-4693-85ad-0f55e4b88f71",{"currentTime":"2026-07-08T10:45:37Z"}]
[18:46:37] [DEVICE] << [2,"b7c102bb-9733-49d5-abbc-52b69f1898b6","Heartbeat",{}]
[18:46:37] [DEVICE] >> [3,"b7c102bb-9733-49d5-abbc-52b69f1898b6",{"currentTime":"2026-07-08T10:46:37Z"}]
[18:47:37] [DEVICE] << [2,"d2a33602-48ec-4b89-a3d5-8ff938a221dd","Heartbeat",{}]
[18:47:37] [DEVICE] >> [3,"d2a33602-48ec-4b89-a3d5-8ff938a221dd",{"currentTime":"2026-07-08T10:47:37Z"}]
[18:48:37] [DEVICE] << [2,"b999f807-ed0a-4258-acf2-26e2ace94349","Heartbeat",{}]
[18:48:37] [DEVICE] >> [3,"b999f807-ed0a-4258-acf2-26e2ace94349",{"currentTime":"2026-07-08T10:48:37Z"}]
[18:49:37] [DEVICE] << [2,"f01cbb3b-23fd-41fc-936b-b5443ed39641","Heartbeat",{}]
[18:49:37] [DEVICE] >> [3,"f01cbb3b-23fd-41fc-936b-b5443ed39641",{"currentTime":"2026-07-08T10:49:37Z"}]
[18:50:37] [DEVICE] << [2,"1119527d-1a3a-42b8-b39a-ed825773c993","Heartbeat",{}]
[18:50:37] [DEVICE] >> [3,"1119527d-1a3a-42b8-b39a-ed825773c993",{"currentTime":"2026-07-08T10:50:37Z"}]
[18:51:37] [DEVICE] << [2,"2da32672-c984-453f-bbf2-adddc30430ee","Heartbeat",{}]
[18:51:37] [DEVICE] >> [3,"2da32672-c984-453f-bbf2-adddc30430ee",{"currentTime":"2026-07-08T10:51:37Z"}]
[18:52:37] [DEVICE] << [2,"c43c14ca-2fe5-421d-9e14-e55b72b4625e","Heartbeat",{}]
[18:52:37] [DEVICE] >> [3,"c43c14ca-2fe5-421d-9e14-e55b72b4625e",{"currentTime":"2026-07-08T10:52:37Z"}]
[18:53:37] [DEVICE] << [2,"5daa4dcc-4d2c-477b-9824-98d7bebc5d39","Heartbeat",{}]
[18:53:37] [DEVICE] >> [3,"5daa4dcc-4d2c-477b-9824-98d7bebc5d39",{"currentTime":"2026-07-08T10:53:37Z"}]
[18:54:37] [DEVICE] << [2,"8ced5f25-c847-4e73-9dd3-2abc29f77229","Heartbeat",{}]
[18:54:37] [DEVICE] >> [3,"8ced5f25-c847-4e73-9dd3-2abc29f77229",{"currentTime":"2026-07-08T10:54:37Z"}]
[18:55:37] [DEVICE] << [2,"1815499c-a0a6-45d0-ae21-ddf3f80d542a","Heartbeat",{}]
[18:55:37] [DEVICE] >> [3,"1815499c-a0a6-45d0-ae21-ddf3f80d542a",{"currentTime":"2026-07-08T10:55:37Z"}]
[18:56:37] [DEVICE] << [2,"11b377a1-2879-4e35-a61f-ccec1c481176","Heartbeat",{}]
[18:56:37] [DEVICE] >> [3,"11b377a1-2879-4e35-a61f-ccec1c481176",{"currentTime":"2026-07-08T10:56:37Z"}]
[18:57:37] [DEVICE] << [2,"13f42eef-df81-4ae2-80b2-862937874738","Heartbeat",{}]
[18:57:37] [DEVICE] >> [3,"13f42eef-df81-4ae2-80b2-862937874738",{"currentTime":"2026-07-08T10:57:37Z"}]
[18:58:37] [DEVICE] << [2,"cb40d16a-a4e4-4259-9396-2a97f7a128f4","Heartbeat",{}]
[18:58:37] [DEVICE] >> [3,"cb40d16a-a4e4-4259-9396-2a97f7a128f4",{"currentTime":"2026-07-08T10:58:37Z"}]
[18:59:37] [DEVICE] << [2,"8c0b289c-a1f5-487d-ba3a-a06abadf8289","Heartbeat",{}]
[18:59:37] [DEVICE] >> [3,"8c0b289c-a1f5-487d-ba3a-a06abadf8289",{"currentTime":"2026-07-08T10:59:37Z"}]
[19:00:37] [DEVICE] << [2,"b7e1d963-20aa-4842-b637-f13f3b0f6a2a","Heartbeat",{}]
[19:00:37] [DEVICE] >> [3,"b7e1d963-20aa-4842-b637-f13f3b0f6a2a",{"currentTime":"2026-07-08T11:00:37Z"}]
[19:01:37] [DEVICE] << [2,"a193acc8-5cfe-48fa-813d-a3aaa4be1a33","Heartbeat",{}]
[19:01:37] [DEVICE] >> [3,"a193acc8-5cfe-48fa-813d-a3aaa4be1a33",{"currentTime":"2026-07-08T11:01:37Z"}]
[19:02:37] [DEVICE] << [2,"adf6319e-9f2c-4f7f-b261-7e9ead747c57","Heartbeat",{}]
[19:02:37] [DEVICE] >> [3,"adf6319e-9f2c-4f7f-b261-7e9ead747c57",{"currentTime":"2026-07-08T11:02:37Z"}]
[19:03:37] [DEVICE] << [2,"e4c28154-4890-4dcd-9287-5660fc31840b","Heartbeat",{}]
[19:03:37] [DEVICE] >> [3,"e4c28154-4890-4dcd-9287-5660fc31840b",{"currentTime":"2026-07-08T11:03:37Z"}]
[19:04:37] [DEVICE] << [2,"47204abc-a1a9-4b58-8010-bcef98411807","Heartbeat",{}]
[19:04:37] [DEVICE] >> [3,"47204abc-a1a9-4b58-8010-bcef98411807",{"currentTime":"2026-07-08T11:04:37Z"}]
[19:05:37] [DEVICE] << [2,"7a4fa1e3-d720-4585-a883-d3c52458cbe0","Heartbeat",{}]
[19:05:37] [DEVICE] >> [3,"7a4fa1e3-d720-4585-a883-d3c52458cbe0",{"currentTime":"2026-07-08T11:05:37Z"}]
[19:06:37] [DEVICE] << [2,"61485997-8efe-421a-9ba3-dfbb25e0a55f","Heartbeat",{}]
[19:06:37] [DEVICE] >> [3,"61485997-8efe-421a-9ba3-dfbb25e0a55f",{"currentTime":"2026-07-08T11:06:37Z"}]
[19:07:37] [DEVICE] << [2,"8771f697-4109-4080-882e-8292c9a9a592","Heartbeat",{}]
[19:07:37] [DEVICE] >> [3,"8771f697-4109-4080-882e-8292c9a9a592",{"currentTime":"2026-07-08T11:07:37Z"}]
[19:08:37] [DEVICE] << [2,"182dbb15-171a-4174-977f-9b04e468ea3f","Heartbeat",{}]
[19:08:37] [DEVICE] >> [3,"182dbb15-171a-4174-977f-9b04e468ea3f",{"currentTime":"2026-07-08T11:08:37Z"}]
[19:09:37] [DEVICE] << [2,"b520d8de-2e9c-42d0-879f-016d72331ac1","Heartbeat",{}]
[19:09:37] [DEVICE] >> [3,"b520d8de-2e9c-42d0-879f-016d72331ac1",{"currentTime":"2026-07-08T11:09:37Z"}]
[19:10:37] [DEVICE] << [2,"92a8e4b8-8d69-4a2f-a23f-59d7e6405c06","Heartbeat",{}]
[19:10:37] [DEVICE] >> [3,"92a8e4b8-8d69-4a2f-a23f-59d7e6405c06",{"currentTime":"2026-07-08T11:10:37Z"}]
[19:11:37] [DEVICE] << [2,"011cd6a2-057c-486e-9977-624aa7f7b9fb","Heartbeat",{}]
[19:11:37] [DEVICE] >> [3,"011cd6a2-057c-486e-9977-624aa7f7b9fb",{"currentTime":"2026-07-08T11:11:37Z"}]
[19:12:37] [DEVICE] << [2,"976ec848-f3e0-4a1e-ad77-9087e45338f5","Heartbeat",{}]
[19:12:37] [DEVICE] >> [3,"976ec848-f3e0-4a1e-ad77-9087e45338f5",{"currentTime":"2026-07-08T11:12:37Z"}]
[19:13:37] [DEVICE] << [2,"82e7f0aa-a555-4048-b11b-162bfc0448d7","Heartbeat",{}]
[19:13:37] [DEVICE] >> [3,"82e7f0aa-a555-4048-b11b-162bfc0448d7",{"currentTime":"2026-07-08T11:13:37Z"}]
[19:14:37] [DEVICE] << [2,"e7ca958a-bb6a-4f4f-9d2c-981b188e6917","Heartbeat",{}]
[19:14:37] [DEVICE] >> [3,"e7ca958a-bb6a-4f4f-9d2c-981b188e6917",{"currentTime":"2026-07-08T11:14:37Z"}]
[19:15:38] [DEVICE] << [2,"33fa3235-0189-460f-9750-051da2ffe572","Heartbeat",{}]
[19:15:38] [DEVICE] >> [3,"33fa3235-0189-460f-9750-051da2ffe572",{"currentTime":"2026-07-08T11:15:38Z"}]
[19:16:38] [DEVICE] << [2,"551e4d50-9ada-4762-89c3-8b8f3411bff4","Heartbeat",{}]
[19:16:38] [DEVICE] >> [3,"551e4d50-9ada-4762-89c3-8b8f3411bff4",{"currentTime":"2026-07-08T11:16:38Z"}]
[19:17:38] [DEVICE] << [2,"46d7376e-29a8-492e-8bb8-811cfe63e1f9","Heartbeat",{}]
[19:17:38] [DEVICE] >> [3,"46d7376e-29a8-492e-8bb8-811cfe63e1f9",{"currentTime":"2026-07-08T11:17:38Z"}]
[19:18:38] [DEVICE] << [2,"de8dcb75-29b5-4764-b61d-7154e667ec14","Heartbeat",{}]
[19:18:38] [DEVICE] >> [3,"de8dcb75-29b5-4764-b61d-7154e667ec14",{"currentTime":"2026-07-08T11:18:38Z"}]
[19:19:38] [DEVICE] << [2,"abbdfd32-9977-46b2-b9ac-19242488f41c","Heartbeat",{}]
[19:19:38] [DEVICE] >> [3,"abbdfd32-9977-46b2-b9ac-19242488f41c",{"currentTime":"2026-07-08T11:19:38Z"}]
[19:20:38] [DEVICE] << [2,"1c427927-7382-4a55-b47c-5e8abc92bc9f","Heartbeat",{}]
[19:20:38] [DEVICE] >> [3,"1c427927-7382-4a55-b47c-5e8abc92bc9f",{"currentTime":"2026-07-08T11:20:38Z"}]
[19:21:38] [DEVICE] << [2,"f4ef0b55-3d83-41b3-9243-fb65772fcf33","Heartbeat",{}]
[19:21:38] [DEVICE] >> [3,"f4ef0b55-3d83-41b3-9243-fb65772fcf33",{"currentTime":"2026-07-08T11:21:38Z"}]
[19:22:38] [DEVICE] << [2,"1be0a0e3-c0b0-4368-b781-73ea2c1c6e4c","Heartbeat",{}]
[19:22:38] [DEVICE] >> [3,"1be0a0e3-c0b0-4368-b781-73ea2c1c6e4c",{"currentTime":"2026-07-08T11:22:38Z"}]
[19:23:38] [DEVICE] << [2,"e8439a54-160e-40f0-8e84-846fca225ef3","Heartbeat",{}]
[19:23:38] [DEVICE] >> [3,"e8439a54-160e-40f0-8e84-846fca225ef3",{"currentTime":"2026-07-08T11:23:38Z"}]
[19:24:38] [DEVICE] << [2,"6eeb2e2e-7407-4a07-90ff-2ed25dc7e19d","Heartbeat",{}]
[19:24:38] [DEVICE] >> [3,"6eeb2e2e-7407-4a07-90ff-2ed25dc7e19d",{"currentTime":"2026-07-08T11:24:38Z"}]
[19:25:38] [DEVICE] << [2,"571745cd-c7c0-42bd-9e47-6018ea49e3e3","Heartbeat",{}]
[19:25:38] [DEVICE] >> [3,"571745cd-c7c0-42bd-9e47-6018ea49e3e3",{"currentTime":"2026-07-08T11:25:38Z"}]
[19:26:38] [DEVICE] << [2,"a930db40-5fa4-4565-a968-a4e91b9c6a7d","Heartbeat",{}]
[19:26:38] [DEVICE] >> [3,"a930db40-5fa4-4565-a968-a4e91b9c6a7d",{"currentTime":"2026-07-08T11:26:38Z"}]
[19:27:38] [DEVICE] << [2,"741ee1ad-10c8-4428-830a-6b4f5e42786c","Heartbeat",{}]
[19:27:38] [DEVICE] >> [3,"741ee1ad-10c8-4428-830a-6b4f5e42786c",{"currentTime":"2026-07-08T11:27:38Z"}]
[19:28:38] [DEVICE] << [2,"1e155766-06a4-4b91-bf68-a8d67ab92188","Heartbeat",{}]
[19:28:38] [DEVICE] >> [3,"1e155766-06a4-4b91-bf68-a8d67ab92188",{"currentTime":"2026-07-08T11:28:38Z"}]
[19:29:38] [DEVICE] << [2,"365ba012-6efb-43b9-b686-f22874248c7a","Heartbeat",{}]
[19:29:38] [DEVICE] >> [3,"365ba012-6efb-43b9-b686-f22874248c7a",{"currentTime":"2026-07-08T11:29:38Z"}]
[19:30:38] [DEVICE] << [2,"80555f70-a5fa-4451-9365-98271ddc607a","Heartbeat",{}]
[19:30:38] [DEVICE] >> [3,"80555f70-a5fa-4451-9365-98271ddc607a",{"currentTime":"2026-07-08T11:30:38Z"}]
[19:31:38] [DEVICE] << [2,"bf15da1d-f544-4a59-b2f9-356f8dbee284","Heartbeat",{}]
[19:31:38] [DEVICE] >> [3,"bf15da1d-f544-4a59-b2f9-356f8dbee284",{"currentTime":"2026-07-08T11:31:38Z"}]
[19:32:38] [DEVICE] << [2,"c6b872f4-8e2a-4724-bccf-e0b21ec6a436","Heartbeat",{}]
[19:32:38] [DEVICE] >> [3,"c6b872f4-8e2a-4724-bccf-e0b21ec6a436",{"currentTime":"2026-07-08T11:32:38Z"}]
[19:33:38] [DEVICE] << [2,"d4989a0e-51ef-4dac-8927-912b6683235f","Heartbeat",{}]
[19:33:38] [DEVICE] >> [3,"d4989a0e-51ef-4dac-8927-912b6683235f",{"currentTime":"2026-07-08T11:33:38Z"}]
[19:34:38] [DEVICE] << [2,"be04bf37-4eb9-466b-a5a1-f14173f26d2c","Heartbeat",{}]
[19:34:38] [DEVICE] >> [3,"be04bf37-4eb9-466b-a5a1-f14173f26d2c",{"currentTime":"2026-07-08T11:34:38Z"}]
[19:35:38] [DEVICE] << [2,"17d0eb54-9372-4ff7-8469-a66f5392f170","Heartbeat",{}]
[19:35:38] [DEVICE] >> [3,"17d0eb54-9372-4ff7-8469-a66f5392f170",{"currentTime":"2026-07-08T11:35:38Z"}]
[19:36:38] [DEVICE] << [2,"511c7fe5-b2ef-4b2a-9f9f-67e607eddc8d","Heartbeat",{}]
[19:36:38] [DEVICE] >> [3,"511c7fe5-b2ef-4b2a-9f9f-67e607eddc8d",{"currentTime":"2026-07-08T11:36:38Z"}]
[19:37:38] [DEVICE] << [2,"fc66101c-7b0a-4772-8dcb-cbe2a1162827","Heartbeat",{}]
[19:37:38] [DEVICE] >> [3,"fc66101c-7b0a-4772-8dcb-cbe2a1162827",{"currentTime":"2026-07-08T11:37:38Z"}]
[19:38:38] [DEVICE] << [2,"7529127d-b564-4ce5-94d0-8cc947ad3c0c","Heartbeat",{}]
[19:38:38] [DEVICE] >> [3,"7529127d-b564-4ce5-94d0-8cc947ad3c0c",{"currentTime":"2026-07-08T11:38:38Z"}]
[19:39:38] [DEVICE] << [2,"19e9ea9c-8c50-4992-bb12-d6cef0eeb2df","Heartbeat",{}]
[19:39:38] [DEVICE] >> [3,"19e9ea9c-8c50-4992-bb12-d6cef0eeb2df",{"currentTime":"2026-07-08T11:39:38Z"}]
[19:40:38] [DEVICE] << [2,"891e22b9-a557-4a21-8c41-70e894c3ad5c","Heartbeat",{}]
[19:40:38] [DEVICE] >> [3,"891e22b9-a557-4a21-8c41-70e894c3ad5c",{"currentTime":"2026-07-08T11:40:38Z"}]
[19:41:38] [DEVICE] << [2,"a3bfe385-148f-421d-a69c-50c38d8c5da5","Heartbeat",{}]
[19:41:38] [DEVICE] >> [3,"a3bfe385-148f-421d-a69c-50c38d8c5da5",{"currentTime":"2026-07-08T11:41:38Z"}]
[19:42:38] [DEVICE] << [2,"cdb47726-d82d-417e-841a-36b5c1c863d0","Heartbeat",{}]
[19:42:38] [DEVICE] >> [3,"cdb47726-d82d-417e-841a-36b5c1c863d0",{"currentTime":"2026-07-08T11:42:38Z"}]
[19:43:38] [DEVICE] << [2,"96569f14-5f29-4e16-8ac7-9492bb2f3014","Heartbeat",{}]
[19:43:38] [DEVICE] >> [3,"96569f14-5f29-4e16-8ac7-9492bb2f3014",{"currentTime":"2026-07-08T11:43:38Z"}]
[19:44:38] [DEVICE] << [2,"00b26dbf-a391-4ba5-b585-45b017a3da4e","Heartbeat",{}]
[19:44:38] [DEVICE] >> [3,"00b26dbf-a391-4ba5-b585-45b017a3da4e",{"currentTime":"2026-07-08T11:44:38Z"}]
[19:45:38] [DEVICE] << [2,"625a28e4-b5e7-4a72-9299-c7bc1040f8fa","Heartbeat",{}]
[19:45:38] [DEVICE] >> [3,"625a28e4-b5e7-4a72-9299-c7bc1040f8fa",{"currentTime":"2026-07-08T11:45:38Z"}]
[19:46:38] [DEVICE] << [2,"1f730f6e-3a18-4ceb-b974-0ce3b95e4093","Heartbeat",{}]
[19:46:38] [DEVICE] >> [3,"1f730f6e-3a18-4ceb-b974-0ce3b95e4093",{"currentTime":"2026-07-08T11:46:38Z"}]
[19:47:38] [DEVICE] << [2,"12627ea5-cfe1-4f9f-83ca-4c10fc6f0798","Heartbeat",{}]
[19:47:38] [DEVICE] >> [3,"12627ea5-cfe1-4f9f-83ca-4c10fc6f0798",{"currentTime":"2026-07-08T11:47:38Z"}]
[19:48:38] [DEVICE] << [2,"f8bd8d01-6825-44e9-832c-7d74266576d9","Heartbeat",{}]
[19:48:38] [DEVICE] >> [3,"f8bd8d01-6825-44e9-832c-7d74266576d9",{"currentTime":"2026-07-08T11:48:38Z"}]
[19:49:38] [DEVICE] << [2,"6c240b37-8a13-444d-afc6-0e38f7e10084","Heartbeat",{}]
[19:49:38] [DEVICE] >> [3,"6c240b37-8a13-444d-afc6-0e38f7e10084",{"currentTime":"2026-07-08T11:49:38Z"}]
[19:50:38] [DEVICE] << [2,"b0ab8f4f-8e16-45ac-a9ec-00bb1d31815e","Heartbeat",{}]
[19:50:38] [DEVICE] >> [3,"b0ab8f4f-8e16-45ac-a9ec-00bb1d31815e",{"currentTime":"2026-07-08T11:50:38Z"}]
[19:51:38] [DEVICE] << [2,"5db6f319-ed1b-441a-b793-85cbc981e947","Heartbeat",{}]
[19:51:38] [DEVICE] >> [3,"5db6f319-ed1b-441a-b793-85cbc981e947",{"currentTime":"2026-07-08T11:51:38Z"}]
[19:52:38] [DEVICE] << [2,"a7b0a50a-9c81-4524-833d-f27e9afac415","Heartbeat",{}]
[19:52:38] [DEVICE] >> [3,"a7b0a50a-9c81-4524-833d-f27e9afac415",{"currentTime":"2026-07-08T11:52:38Z"}]
[19:53:38] [DEVICE] << [2,"e7732edd-88fc-4b2c-9be4-6ea2f94dc3f8","Heartbeat",{}]
[19:53:38] [DEVICE] >> [3,"e7732edd-88fc-4b2c-9be4-6ea2f94dc3f8",{"currentTime":"2026-07-08T11:53:38Z"}]
[19:54:38] [DEVICE] << [2,"4cc91754-bcc1-4ac8-9730-ee3f5ec88c1a","Heartbeat",{}]
[19:54:38] [DEVICE] >> [3,"4cc91754-bcc1-4ac8-9730-ee3f5ec88c1a",{"currentTime":"2026-07-08T11:54:38Z"}]
[19:55:38] [DEVICE] << [2,"8010f0fa-8cb7-441d-92e7-baaa8052c25f","Heartbeat",{}]
[19:55:38] [DEVICE] >> [3,"8010f0fa-8cb7-441d-92e7-baaa8052c25f",{"currentTime":"2026-07-08T11:55:38Z"}]
[19:56:38] [DEVICE] << [2,"9c22a64d-7acd-4560-af61-d02661636d7e","Heartbeat",{}]
[19:56:38] [DEVICE] >> [3,"9c22a64d-7acd-4560-af61-d02661636d7e",{"currentTime":"2026-07-08T11:56:38Z"}]
[19:57:38] [DEVICE] << [2,"ee3db8d6-1939-476a-9b18-523759a8c03a","Heartbeat",{}]
[19:57:38] [DEVICE] >> [3,"ee3db8d6-1939-476a-9b18-523759a8c03a",{"currentTime":"2026-07-08T11:57:38Z"}]
[19:58:38] [DEVICE] << [2,"62ecdcfb-2141-4719-b239-e75ffc8cc45e","Heartbeat",{}]
[19:58:38] [DEVICE] >> [3,"62ecdcfb-2141-4719-b239-e75ffc8cc45e",{"currentTime":"2026-07-08T11:58:38Z"}]
[19:59:38] [DEVICE] << [2,"bcf1e1cf-b566-454d-958f-d2fc9fc449a6","Heartbeat",{}]
[19:59:38] [DEVICE] >> [3,"bcf1e1cf-b566-454d-958f-d2fc9fc449a6",{"currentTime":"2026-07-08T11:59:38Z"}]
[20:00:38] [DEVICE] << [2,"06eaa772-a9f0-4876-9607-bbb667a3c4f1","Heartbeat",{}]
[20:00:38] [DEVICE] >> [3,"06eaa772-a9f0-4876-9607-bbb667a3c4f1",{"currentTime":"2026-07-08T12:00:38Z"}]
[20:01:38] [DEVICE] << [2,"c662c7a2-48e3-4d51-acf1-ff17b2b5d938","Heartbeat",{}]
[20:01:38] [DEVICE] >> [3,"c662c7a2-48e3-4d51-acf1-ff17b2b5d938",{"currentTime":"2026-07-08T12:01:38Z"}]
[20:02:38] [DEVICE] << [2,"1ca519c4-fab4-449c-870d-867555b80c81","Heartbeat",{}]
[20:02:38] [DEVICE] >> [3,"1ca519c4-fab4-449c-870d-867555b80c81",{"currentTime":"2026-07-08T12:02:38Z"}]
[20:03:38] [DEVICE] << [2,"c4361ac6-1de7-470d-9cf7-9bf20a24b51c","Heartbeat",{}]
[20:03:39] [DEVICE] >> [3,"c4361ac6-1de7-470d-9cf7-9bf20a24b51c",{"currentTime":"2026-07-08T12:03:39Z"}]
[20:04:38] [DEVICE] << [2,"6809fb67-95d9-4ddd-bb90-8655504b9159","Heartbeat",{}]
[20:04:39] [DEVICE] >> [3,"6809fb67-95d9-4ddd-bb90-8655504b9159",{"currentTime":"2026-07-08T12:04:39Z"}]
[20:05:38] [DEVICE] << [2,"d54eb82a-ac48-407b-944d-3f33f07ff03c","Heartbeat",{}]
[20:05:39] [DEVICE] >> [3,"d54eb82a-ac48-407b-944d-3f33f07ff03c",{"currentTime":"2026-07-08T12:05:39Z"}]
[20:06:38] [DEVICE] << [2,"c10c26f5-4163-4f10-a868-e65093c76c3a","Heartbeat",{}]
[20:06:39] [DEVICE] >> [3,"c10c26f5-4163-4f10-a868-e65093c76c3a",{"currentTime":"2026-07-08T12:06:39Z"}]
[20:07:39] [DEVICE] << [2,"44350cbd-f18d-490a-ae64-2e0918dc46ad","Heartbeat",{}]
[20:07:39] [DEVICE] >> [3,"44350cbd-f18d-490a-ae64-2e0918dc46ad",{"currentTime":"2026-07-08T12:07:39Z"}]
[20:08:39] [DEVICE] << [2,"a19f26c5-0ad0-48ab-839c-cd7113fb40cc","Heartbeat",{}]
[20:08:39] [DEVICE] >> [3,"a19f26c5-0ad0-48ab-839c-cd7113fb40cc",{"currentTime":"2026-07-08T12:08:39Z"}]
[20:09:39] [DEVICE] << [2,"9ddb16e4-1b62-4310-8c4a-83cbb2833ab1","Heartbeat",{}]
[20:09:39] [DEVICE] >> [3,"9ddb16e4-1b62-4310-8c4a-83cbb2833ab1",{"currentTime":"2026-07-08T12:09:39Z"}]
[20:10:39] [DEVICE] << [2,"bd17e799-b5e2-45d4-9e7a-b18aeed8804f","Heartbeat",{}]
[20:10:39] [DEVICE] >> [3,"bd17e799-b5e2-45d4-9e7a-b18aeed8804f",{"currentTime":"2026-07-08T12:10:39Z"}]
[20:11:39] [DEVICE] << [2,"ef55ddca-8622-4310-b638-a2312094e054","Heartbeat",{}]
[20:11:39] [DEVICE] >> [3,"ef55ddca-8622-4310-b638-a2312094e054",{"currentTime":"2026-07-08T12:11:39Z"}]
[20:12:39] [DEVICE] << [2,"8ea9ae04-f15f-4601-8173-64c234e21c7b","Heartbeat",{}]
[20:12:39] [DEVICE] >> [3,"8ea9ae04-f15f-4601-8173-64c234e21c7b",{"currentTime":"2026-07-08T12:12:39Z"}]
[20:13:39] [DEVICE] << [2,"3a92870d-9dc0-42f2-9b60-e910299c6d06","Heartbeat",{}]
[20:13:39] [DEVICE] >> [3,"3a92870d-9dc0-42f2-9b60-e910299c6d06",{"currentTime":"2026-07-08T12:13:39Z"}]
[20:14:39] [DEVICE] << [2,"4b252994-a4df-47aa-953d-a198d1869987","Heartbeat",{}]
[20:14:39] [DEVICE] >> [3,"4b252994-a4df-47aa-953d-a198d1869987",{"currentTime":"2026-07-08T12:14:39Z"}]
[20:15:39] [DEVICE] << [2,"7013d779-c229-4bc2-a6fa-e76e0eee9c92","Heartbeat",{}]
[20:15:39] [DEVICE] >> [3,"7013d779-c229-4bc2-a6fa-e76e0eee9c92",{"currentTime":"2026-07-08T12:15:39Z"}]
[20:16:39] [DEVICE] << [2,"925ba4bc-ba78-48e1-90d5-495302e206fc","Heartbeat",{}]
[20:16:39] [DEVICE] >> [3,"925ba4bc-ba78-48e1-90d5-495302e206fc",{"currentTime":"2026-07-08T12:16:39Z"}]
[20:17:39] [DEVICE] << [2,"9ba67e06-2cdb-409b-bcd6-0d1f9722945f","Heartbeat",{}]
[20:17:39] [DEVICE] >> [3,"9ba67e06-2cdb-409b-bcd6-0d1f9722945f",{"currentTime":"2026-07-08T12:17:39Z"}]
[20:18:39] [DEVICE] << [2,"8c0fd0af-0b08-4359-90bf-79eb5f93789d","Heartbeat",{}]
[20:18:39] [DEVICE] >> [3,"8c0fd0af-0b08-4359-90bf-79eb5f93789d",{"currentTime":"2026-07-08T12:18:39Z"}]
[20:19:39] [DEVICE] << [2,"bdf27330-6a8f-45fa-ba82-3cffc8048801","Heartbeat",{}]
[20:19:39] [DEVICE] >> [3,"bdf27330-6a8f-45fa-ba82-3cffc8048801",{"currentTime":"2026-07-08T12:19:39Z"}]
[20:20:39] [DEVICE] << [2,"f1961af2-bd5e-412c-98f5-bb8bba83baf1","Heartbeat",{}]
[20:20:39] [DEVICE] >> [3,"f1961af2-bd5e-412c-98f5-bb8bba83baf1",{"currentTime":"2026-07-08T12:20:39Z"}]
[20:21:39] [DEVICE] << [2,"2b1e3614-0e2d-4bce-9bfd-7fbb623e1939","Heartbeat",{}]
[20:21:39] [DEVICE] >> [3,"2b1e3614-0e2d-4bce-9bfd-7fbb623e1939",{"currentTime":"2026-07-08T12:21:39Z"}]
[20:22:39] [DEVICE] << [2,"9fe5f093-18c0-4fa0-818a-fa2ea6d584e0","Heartbeat",{}]
[20:22:39] [DEVICE] >> [3,"9fe5f093-18c0-4fa0-818a-fa2ea6d584e0",{"currentTime":"2026-07-08T12:22:39Z"}]
[20:23:39] [DEVICE] << [2,"bf1a4a1b-286c-4909-9901-21b3ffa47df2","Heartbeat",{}]
[20:23:39] [DEVICE] >> [3,"bf1a4a1b-286c-4909-9901-21b3ffa47df2",{"currentTime":"2026-07-08T12:23:39Z"}]
[20:24:39] [DEVICE] << [2,"543a541c-0977-4a74-bb55-89abdb26c8c7","Heartbeat",{}]
[20:24:39] [DEVICE] >> [3,"543a541c-0977-4a74-bb55-89abdb26c8c7",{"currentTime":"2026-07-08T12:24:39Z"}]
[20:25:39] [DEVICE] << [2,"cec7f468-805c-42af-b3d9-1933fd326dec","Heartbeat",{}]
[20:25:39] [DEVICE] >> [3,"cec7f468-805c-42af-b3d9-1933fd326dec",{"currentTime":"2026-07-08T12:25:39Z"}]
[20:26:39] [DEVICE] << [2,"4c061c31-de7b-4281-8ca5-186a0b52fadc","Heartbeat",{}]
[20:26:39] [DEVICE] >> [3,"4c061c31-de7b-4281-8ca5-186a0b52fadc",{"currentTime":"2026-07-08T12:26:39Z"}]
[20:27:39] [DEVICE] << [2,"9016487e-317a-4901-ba6c-6936b7aa8ff9","Heartbeat",{}]
[20:27:39] [DEVICE] >> [3,"9016487e-317a-4901-ba6c-6936b7aa8ff9",{"currentTime":"2026-07-08T12:27:39Z"}]
[20:28:39] [DEVICE] << [2,"997b8f7e-a43c-49b5-a5d0-6a060345393b","Heartbeat",{}]
[20:28:39] [DEVICE] >> [3,"997b8f7e-a43c-49b5-a5d0-6a060345393b",{"currentTime":"2026-07-08T12:28:39Z"}]
[20:29:39] [DEVICE] << [2,"262cb63f-e30e-4c7d-b4c9-63cbfdca852e","Heartbeat",{}]
[20:29:39] [DEVICE] >> [3,"262cb63f-e30e-4c7d-b4c9-63cbfdca852e",{"currentTime":"2026-07-08T12:29:39Z"}]
[20:30:39] [DEVICE] << [2,"f97b3b42-93d0-4b4c-8491-25aff1a5acfb","Heartbeat",{}]
[20:30:39] [DEVICE] >> [3,"f97b3b42-93d0-4b4c-8491-25aff1a5acfb",{"currentTime":"2026-07-08T12:30:39Z"}]
[20:31:39] [DEVICE] << [2,"b84818ce-a289-43c6-aa93-41af73f07a46","Heartbeat",{}]
[20:31:39] [DEVICE] >> [3,"b84818ce-a289-43c6-aa93-41af73f07a46",{"currentTime":"2026-07-08T12:31:39Z"}]
[20:32:39] [DEVICE] << [2,"930fda97-33c1-44f2-902b-e5cf6aa93934","Heartbeat",{}]
[20:32:39] [DEVICE] >> [3,"930fda97-33c1-44f2-902b-e5cf6aa93934",{"currentTime":"2026-07-08T12:32:39Z"}]
[20:33:39] [DEVICE] << [2,"a87cb00c-31a7-4dd5-a1a6-927662429c8d","Heartbeat",{}]
[20:33:39] [DEVICE] >> [3,"a87cb00c-31a7-4dd5-a1a6-927662429c8d",{"currentTime":"2026-07-08T12:33:39Z"}]
[20:34:39] [DEVICE] << [2,"114db1c6-2185-4860-84e7-67b3b32f1e66","Heartbeat",{}]
[20:34:39] [DEVICE] >> [3,"114db1c6-2185-4860-84e7-67b3b32f1e66",{"currentTime":"2026-07-08T12:34:39Z"}]
[20:35:39] [DEVICE] << [2,"d6a87fb7-2021-4da3-831b-5d9a45616aec","Heartbeat",{}]
[20:35:39] [DEVICE] >> [3,"d6a87fb7-2021-4da3-831b-5d9a45616aec",{"currentTime":"2026-07-08T12:35:39Z"}]
[20:36:39] [DEVICE] << [2,"9d4a20b7-4029-4df1-93b1-55bc8dc899ac","Heartbeat",{}]
[20:36:39] [DEVICE] >> [3,"9d4a20b7-4029-4df1-93b1-55bc8dc899ac",{"currentTime":"2026-07-08T12:36:39Z"}]
[20:37:39] [DEVICE] << [2,"183b1363-5c16-4d30-a879-bf1061988463","Heartbeat",{}]
[20:37:39] [DEVICE] >> [3,"183b1363-5c16-4d30-a879-bf1061988463",{"currentTime":"2026-07-08T12:37:39Z"}]
[20:38:39] [DEVICE] << [2,"d2ad7096-c0c3-4723-bb5b-5c7268e1740b","Heartbeat",{}]
[20:38:39] [DEVICE] >> [3,"d2ad7096-c0c3-4723-bb5b-5c7268e1740b",{"currentTime":"2026-07-08T12:38:39Z"}]
[20:39:39] [DEVICE] << [2,"70d44979-441a-4529-aec1-fef5a98897cb","Heartbeat",{}]
[20:39:39] [DEVICE] >> [3,"70d44979-441a-4529-aec1-fef5a98897cb",{"currentTime":"2026-07-08T12:39:39Z"}]
[20:40:39] [DEVICE] << [2,"948e3da0-e22c-46d4-b269-81ba5cc71592","Heartbeat",{}]
[20:40:39] [DEVICE] >> [3,"948e3da0-e22c-46d4-b269-81ba5cc71592",{"currentTime":"2026-07-08T12:40:39Z"}]
[20:41:39] [DEVICE] << [2,"e7d20ad4-06f6-4649-a554-265c5f4add67","Heartbeat",{}]
[20:41:39] [DEVICE] >> [3,"e7d20ad4-06f6-4649-a554-265c5f4add67",{"currentTime":"2026-07-08T12:41:39Z"}]
[20:42:39] [DEVICE] << [2,"50ed78b2-50a2-4bd7-9559-fc280c4bc5b9","Heartbeat",{}]
[20:42:39] [DEVICE] >> [3,"50ed78b2-50a2-4bd7-9559-fc280c4bc5b9",{"currentTime":"2026-07-08T12:42:39Z"}]
[20:43:39] [DEVICE] << [2,"a13621f1-a6d9-4336-bace-eac7a67ecd7f","Heartbeat",{}]
[20:43:39] [DEVICE] >> [3,"a13621f1-a6d9-4336-bace-eac7a67ecd7f",{"currentTime":"2026-07-08T12:43:39Z"}]
[20:44:39] [DEVICE] << [2,"4b2d02ab-9a60-45b9-b49d-2357109b9366","Heartbeat",{}]
[20:44:39] [DEVICE] >> [3,"4b2d02ab-9a60-45b9-b49d-2357109b9366",{"currentTime":"2026-07-08T12:44:39Z"}]
[20:45:39] [DEVICE] << [2,"bae2e570-7bc3-4bd3-94c1-0955359e9917","Heartbeat",{}]
[20:45:39] [DEVICE] >> [3,"bae2e570-7bc3-4bd3-94c1-0955359e9917",{"currentTime":"2026-07-08T12:45:39Z"}]
[20:46:39] [DEVICE] << [2,"cf26d90e-da80-47e1-88ed-99676ba8ed85","Heartbeat",{}]
[20:46:39] [DEVICE] >> [3,"cf26d90e-da80-47e1-88ed-99676ba8ed85",{"currentTime":"2026-07-08T12:46:39Z"}]
[20:47:39] [DEVICE] << [2,"6a926729-ab74-48b2-bb10-e34e83f69c09","Heartbeat",{}]
[20:47:39] [DEVICE] >> [3,"6a926729-ab74-48b2-bb10-e34e83f69c09",{"currentTime":"2026-07-08T12:47:39Z"}]
[20:48:39] [DEVICE] << [2,"0477560a-7ff6-42ab-adb5-2729b640e679","Heartbeat",{}]
[20:48:39] [DEVICE] >> [3,"0477560a-7ff6-42ab-adb5-2729b640e679",{"currentTime":"2026-07-08T12:48:39Z"}]
[20:49:39] [DEVICE] << [2,"1a0b95e6-aa0c-4246-b0ea-b1a9ef46461d","Heartbeat",{}]
[20:49:39] [DEVICE] >> [3,"1a0b95e6-aa0c-4246-b0ea-b1a9ef46461d",{"currentTime":"2026-07-08T12:49:39Z"}]
[20:50:39] [DEVICE] << [2,"79ffc77b-557c-41bd-839c-2ab61ecca474","Heartbeat",{}]
[20:50:39] [DEVICE] >> [3,"79ffc77b-557c-41bd-839c-2ab61ecca474",{"currentTime":"2026-07-08T12:50:39Z"}]
[20:51:39] [DEVICE] << [2,"77b324d3-626f-463c-b023-20a3bcfb91a0","Heartbeat",{}]
[20:51:39] [DEVICE] >> [3,"77b324d3-626f-463c-b023-20a3bcfb91a0",{"currentTime":"2026-07-08T12:51:39Z"}]
[20:52:39] [DEVICE] << [2,"8995fea1-c912-44e7-b21e-131a840ce034","Heartbeat",{}]
[20:52:39] [DEVICE] >> [3,"8995fea1-c912-44e7-b21e-131a840ce034",{"currentTime":"2026-07-08T12:52:39Z"}]
[20:53:39] [DEVICE] << [2,"ea58479b-810a-499c-bb28-a42c0d294603","Heartbeat",{}]
[20:53:39] [DEVICE] >> [3,"ea58479b-810a-499c-bb28-a42c0d294603",{"currentTime":"2026-07-08T12:53:39Z"}]
[20:54:39] [DEVICE] << [2,"9327d75c-6f86-4f12-860d-bc77f85dc397","Heartbeat",{}]
[20:54:40] [DEVICE] >> [3,"9327d75c-6f86-4f12-860d-bc77f85dc397",{"currentTime":"2026-07-08T12:54:40Z"}]
[20:55:39] [DEVICE] << [2,"5aa59b1e-797f-4038-a587-b51c55fb738d","Heartbeat",{}]
[20:55:40] [DEVICE] >> [3,"5aa59b1e-797f-4038-a587-b51c55fb738d",{"currentTime":"2026-07-08T12:55:40Z"}]
[20:56:39] [DEVICE] << [2,"dd284b18-30e6-42de-969c-2b9c48714a9f","Heartbeat",{}]
[20:56:40] [DEVICE] >> [3,"dd284b18-30e6-42de-969c-2b9c48714a9f",{"currentTime":"2026-07-08T12:56:40Z"}]
[20:57:39] [DEVICE] << [2,"27ca3675-8030-4ff9-a1ac-77de2f838cea","Heartbeat",{}]
[20:57:40] [DEVICE] >> [3,"27ca3675-8030-4ff9-a1ac-77de2f838cea",{"currentTime":"2026-07-08T12:57:40Z"}]
[20:58:40] [DEVICE] << [2,"2944ae23-224e-44ca-9084-60d5e4d7460d","Heartbeat",{}]
[20:58:40] [DEVICE] >> [3,"2944ae23-224e-44ca-9084-60d5e4d7460d",{"currentTime":"2026-07-08T12:58:40Z"}]
[20:59:40] [DEVICE] << [2,"33febafd-f3ac-4328-b2e7-a7e3012ca183","Heartbeat",{}]
[20:59:40] [DEVICE] >> [3,"33febafd-f3ac-4328-b2e7-a7e3012ca183",{"currentTime":"2026-07-08T12:59:40Z"}]
[21:00:40] [DEVICE] << [2,"2d62a5b4-e01d-42b8-8ff4-0116cbc32f66","Heartbeat",{}]
[21:00:40] [DEVICE] >> [3,"2d62a5b4-e01d-42b8-8ff4-0116cbc32f66",{"currentTime":"2026-07-08T13:00:40Z"}]
[21:01:40] [DEVICE] << [2,"ab3b3124-976e-4644-8253-c76daa806d9e","Heartbeat",{}]
[21:01:40] [DEVICE] >> [3,"ab3b3124-976e-4644-8253-c76daa806d9e",{"currentTime":"2026-07-08T13:01:40Z"}]
[21:02:40] [DEVICE] << [2,"a842b709-d947-49ef-ab38-a185dbc410ac","Heartbeat",{}]
[21:02:40] [DEVICE] >> [3,"a842b709-d947-49ef-ab38-a185dbc410ac",{"currentTime":"2026-07-08T13:02:40Z"}]
[21:03:40] [DEVICE] << [2,"8a33203f-d718-4823-b8a9-dd3717ebce57","Heartbeat",{}]
[21:03:40] [DEVICE] >> [3,"8a33203f-d718-4823-b8a9-dd3717ebce57",{"currentTime":"2026-07-08T13:03:40Z"}]
[21:04:40] [DEVICE] << [2,"b475eee4-e409-48a7-8ddf-4d90d01b2724","Heartbeat",{}]
[21:04:40] [DEVICE] >> [3,"b475eee4-e409-48a7-8ddf-4d90d01b2724",{"currentTime":"2026-07-08T13:04:40Z"}]
[21:05:40] [DEVICE] << [2,"1175db89-479d-4b5f-9dee-2ee00ee01a05","Heartbeat",{}]
[21:05:40] [DEVICE] >> [3,"1175db89-479d-4b5f-9dee-2ee00ee01a05",{"currentTime":"2026-07-08T13:05:40Z"}]
[21:06:40] [DEVICE] << [2,"a60d4777-f974-472d-8006-65f05277ea55","Heartbeat",{}]
[21:06:40] [DEVICE] >> [3,"a60d4777-f974-472d-8006-65f05277ea55",{"currentTime":"2026-07-08T13:06:40Z"}]
[21:07:40] [DEVICE] << [2,"b9de07f2-f7e3-4a42-8c59-def5157c657f","Heartbeat",{}]
[21:07:40] [DEVICE] >> [3,"b9de07f2-f7e3-4a42-8c59-def5157c657f",{"currentTime":"2026-07-08T13:07:40Z"}]
[21:08:40] [DEVICE] << [2,"24f61af4-ae1f-45ed-a87f-052da8058339","Heartbeat",{}]
[21:08:40] [DEVICE] >> [3,"24f61af4-ae1f-45ed-a87f-052da8058339",{"currentTime":"2026-07-08T13:08:40Z"}]
[21:09:40] [DEVICE] << [2,"0c095518-924f-4fb0-805f-31e448ea109f","Heartbeat",{}]
[21:09:40] [DEVICE] >> [3,"0c095518-924f-4fb0-805f-31e448ea109f",{"currentTime":"2026-07-08T13:09:40Z"}]
[21:10:40] [DEVICE] << [2,"2f13323d-9648-4af1-aff6-09a98d367d2d","Heartbeat",{}]
[21:10:40] [DEVICE] >> [3,"2f13323d-9648-4af1-aff6-09a98d367d2d",{"currentTime":"2026-07-08T13:10:40Z"}]
[21:11:40] [DEVICE] << [2,"e9b92eb9-4348-44fb-ae43-7777fc2b920d","Heartbeat",{}]
[21:11:40] [DEVICE] >> [3,"e9b92eb9-4348-44fb-ae43-7777fc2b920d",{"currentTime":"2026-07-08T13:11:40Z"}]
[21:12:40] [DEVICE] << [2,"880f8a25-0a19-40d2-b75a-e3bfb3bdd2be","Heartbeat",{}]
[21:12:40] [DEVICE] >> [3,"880f8a25-0a19-40d2-b75a-e3bfb3bdd2be",{"currentTime":"2026-07-08T13:12:40Z"}]
[21:13:40] [DEVICE] << [2,"1a648e78-e363-487f-8f1d-e61c1b58cbc8","Heartbeat",{}]
[21:13:40] [DEVICE] >> [3,"1a648e78-e363-487f-8f1d-e61c1b58cbc8",{"currentTime":"2026-07-08T13:13:40Z"}]
[21:14:40] [DEVICE] << [2,"c87900ba-d395-4db7-9eb9-e41b7413fe41","Heartbeat",{}]
[21:14:40] [DEVICE] >> [3,"c87900ba-d395-4db7-9eb9-e41b7413fe41",{"currentTime":"2026-07-08T13:14:40Z"}]
[21:15:40] [DEVICE] << [2,"7eadfddc-5493-4ac6-b8a2-4e978a1d4b09","Heartbeat",{}]
[21:15:40] [DEVICE] >> [3,"7eadfddc-5493-4ac6-b8a2-4e978a1d4b09",{"currentTime":"2026-07-08T13:15:40Z"}]
[21:16:40] [DEVICE] << [2,"698f351d-ef6e-4491-b0a0-34c05ff60105","Heartbeat",{}]
[21:16:40] [DEVICE] >> [3,"698f351d-ef6e-4491-b0a0-34c05ff60105",{"currentTime":"2026-07-08T13:16:40Z"}]
[21:17:40] [DEVICE] << [2,"8498f0a1-00c0-4afa-a1f6-8709cd295588","Heartbeat",{}]
[21:17:40] [DEVICE] >> [3,"8498f0a1-00c0-4afa-a1f6-8709cd295588",{"currentTime":"2026-07-08T13:17:40Z"}]
[21:18:40] [DEVICE] << [2,"cc0dc510-fe7e-4f8b-a9d4-4fbc3cea4a66","Heartbeat",{}]
[21:18:40] [DEVICE] >> [3,"cc0dc510-fe7e-4f8b-a9d4-4fbc3cea4a66",{"currentTime":"2026-07-08T13:18:40Z"}]
[21:19:40] [DEVICE] << [2,"ff007926-6cf6-4b11-8f67-d4315d24ee44","Heartbeat",{}]
[21:19:40] [DEVICE] >> [3,"ff007926-6cf6-4b11-8f67-d4315d24ee44",{"currentTime":"2026-07-08T13:19:40Z"}]
[21:20:40] [DEVICE] << [2,"68bd216e-0b29-4ec3-b346-97bf88f5e163","Heartbeat",{}]
[21:20:40] [DEVICE] >> [3,"68bd216e-0b29-4ec3-b346-97bf88f5e163",{"currentTime":"2026-07-08T13:20:40Z"}]
[21:21:40] [DEVICE] << [2,"b2ae6c9b-73d0-418a-8a15-4bed1eb8a6b3","Heartbeat",{}]
[21:21:40] [DEVICE] >> [3,"b2ae6c9b-73d0-418a-8a15-4bed1eb8a6b3",{"currentTime":"2026-07-08T13:21:40Z"}]
[21:22:40] [DEVICE] << [2,"2992487c-60d4-4c81-88ef-bb6a9d3d18af","Heartbeat",{}]
[21:22:40] [DEVICE] >> [3,"2992487c-60d4-4c81-88ef-bb6a9d3d18af",{"currentTime":"2026-07-08T13:22:40Z"}]
[21:23:40] [DEVICE] << [2,"266891a9-c615-4990-91ef-6dfb9ba183e4","Heartbeat",{}]
[21:23:40] [DEVICE] >> [3,"266891a9-c615-4990-91ef-6dfb9ba183e4",{"currentTime":"2026-07-08T13:23:40Z"}]
[21:24:40] [DEVICE] << [2,"a72ed788-68f9-4722-99aa-68630848d161","Heartbeat",{}]
[21:24:40] [DEVICE] >> [3,"a72ed788-68f9-4722-99aa-68630848d161",{"currentTime":"2026-07-08T13:24:40Z"}]
[21:25:40] [DEVICE] << [2,"52ca5a99-ed25-4600-be2b-507e6c14a5aa","Heartbeat",{}]
[21:25:40] [DEVICE] >> [3,"52ca5a99-ed25-4600-be2b-507e6c14a5aa",{"currentTime":"2026-07-08T13:25:40Z"}]
[21:26:40] [DEVICE] << [2,"281050db-0b20-4435-9404-c87150ee995d","Heartbeat",{}]
[21:26:40] [DEVICE] >> [3,"281050db-0b20-4435-9404-c87150ee995d",{"currentTime":"2026-07-08T13:26:40Z"}]
[21:27:40] [DEVICE] << [2,"7fee4783-a064-4b55-80f1-3db146b9ac61","Heartbeat",{}]
[21:27:40] [DEVICE] >> [3,"7fee4783-a064-4b55-80f1-3db146b9ac61",{"currentTime":"2026-07-08T13:27:40Z"}]
[21:28:40] [DEVICE] << [2,"3b83e70b-8929-4a9d-9b3d-905b76235bdd","Heartbeat",{}]
[21:28:40] [DEVICE] >> [3,"3b83e70b-8929-4a9d-9b3d-905b76235bdd",{"currentTime":"2026-07-08T13:28:40Z"}]
[21:29:40] [DEVICE] << [2,"4109d10c-2b45-4a3b-9969-29fdfeb10077","Heartbeat",{}]
[21:29:40] [DEVICE] >> [3,"4109d10c-2b45-4a3b-9969-29fdfeb10077",{"currentTime":"2026-07-08T13:29:40Z"}]
[21:30:40] [DEVICE] << [2,"b9eb05ab-3116-4d88-9be2-c67754212a61","Heartbeat",{}]
[21:30:40] [DEVICE] >> [3,"b9eb05ab-3116-4d88-9be2-c67754212a61",{"currentTime":"2026-07-08T13:30:40Z"}]
[21:31:40] [DEVICE] << [2,"04e9365d-c1fc-402e-a355-03f148adb00e","Heartbeat",{}]
[21:31:40] [DEVICE] >> [3,"04e9365d-c1fc-402e-a355-03f148adb00e",{"currentTime":"2026-07-08T13:31:40Z"}]
[21:32:40] [DEVICE] << [2,"e6fcde3a-bdf3-46d8-93ab-3c24b2b1bc01","Heartbeat",{}]
[21:32:40] [DEVICE] >> [3,"e6fcde3a-bdf3-46d8-93ab-3c24b2b1bc01",{"currentTime":"2026-07-08T13:32:40Z"}]
[21:33:40] [DEVICE] << [2,"53866a5c-0786-4770-9d18-199f8f6fbd1b","Heartbeat",{}]
[21:33:40] [DEVICE] >> [3,"53866a5c-0786-4770-9d18-199f8f6fbd1b",{"currentTime":"2026-07-08T13:33:40Z"}]
[21:34:40] [DEVICE] << [2,"7282551f-3bf0-44c2-bd39-e5bcbeefd5df","Heartbeat",{}]
[21:34:40] [DEVICE] >> [3,"7282551f-3bf0-44c2-bd39-e5bcbeefd5df",{"currentTime":"2026-07-08T13:34:40Z"}]
[21:35:40] [DEVICE] << [2,"5c142920-d4ac-4383-9aea-019b605081cd","Heartbeat",{}]
[21:35:40] [DEVICE] >> [3,"5c142920-d4ac-4383-9aea-019b605081cd",{"currentTime":"2026-07-08T13:35:40Z"}]
[21:36:40] [DEVICE] << [2,"7ab47355-bf33-45dd-8641-d64818c12db8","Heartbeat",{}]
[21:36:40] [DEVICE] >> [3,"7ab47355-bf33-45dd-8641-d64818c12db8",{"currentTime":"2026-07-08T13:36:40Z"}]
[21:37:40] [DEVICE] << [2,"92aa5c89-881a-497f-ac58-672f1e78cb14","Heartbeat",{}]
[21:37:40] [DEVICE] >> [3,"92aa5c89-881a-497f-ac58-672f1e78cb14",{"currentTime":"2026-07-08T13:37:40Z"}]
[21:38:40] [DEVICE] << [2,"85931150-ee28-4db8-a96f-23f626499cda","Heartbeat",{}]
[21:38:40] [DEVICE] >> [3,"85931150-ee28-4db8-a96f-23f626499cda",{"currentTime":"2026-07-08T13:38:40Z"}]
[21:39:40] [DEVICE] << [2,"708e78ca-5521-4193-bc16-6dd2c30ee92c","Heartbeat",{}]
[21:39:40] [DEVICE] >> [3,"708e78ca-5521-4193-bc16-6dd2c30ee92c",{"currentTime":"2026-07-08T13:39:40Z"}]
[21:40:40] [DEVICE] << [2,"d52e70fb-24b6-414d-b97b-fcc1397a19eb","Heartbeat",{}]
[21:40:40] [DEVICE] >> [3,"d52e70fb-24b6-414d-b97b-fcc1397a19eb",{"currentTime":"2026-07-08T13:40:40Z"}]
[21:41:40] [DEVICE] << [2,"88fd0ce3-d070-448c-9504-a69f3dcb8d64","Heartbeat",{}]
[21:41:40] [DEVICE] >> [3,"88fd0ce3-d070-448c-9504-a69f3dcb8d64",{"currentTime":"2026-07-08T13:41:40Z"}]
[21:42:40] [DEVICE] << [2,"db603862-34f8-4a02-92a7-b58ee7a424b7","Heartbeat",{}]
[21:42:40] [DEVICE] >> [3,"db603862-34f8-4a02-92a7-b58ee7a424b7",{"currentTime":"2026-07-08T13:42:40Z"}]
[21:43:40] [DEVICE] << [2,"d75afa21-808c-49fb-a33b-d352bfd2f363","Heartbeat",{}]
[21:43:40] [DEVICE] >> [3,"d75afa21-808c-49fb-a33b-d352bfd2f363",{"currentTime":"2026-07-08T13:43:40Z"}]
[21:44:40] [DEVICE] << [2,"00ad5efe-794e-447d-801c-b5ceeb02d70f","Heartbeat",{}]
[21:44:40] [DEVICE] >> [3,"00ad5efe-794e-447d-801c-b5ceeb02d70f",{"currentTime":"2026-07-08T13:44:40Z"}]
[21:45:40] [DEVICE] << [2,"cc6aa20d-aecc-4ba7-923b-3cbd7cce6304","Heartbeat",{}]
[21:45:41] [DEVICE] >> [3,"cc6aa20d-aecc-4ba7-923b-3cbd7cce6304",{"currentTime":"2026-07-08T13:45:41Z"}]
[21:46:40] [DEVICE] << [2,"665d15b5-b36d-4b93-99da-bfe1e1c9f728","Heartbeat",{}]
[21:46:41] [DEVICE] >> [3,"665d15b5-b36d-4b93-99da-bfe1e1c9f728",{"currentTime":"2026-07-08T13:46:41Z"}]
[21:47:40] [DEVICE] << [2,"a9e19622-4908-4ab5-8f73-f0bfc107d42b","Heartbeat",{}]
[21:47:41] [DEVICE] >> [3,"a9e19622-4908-4ab5-8f73-f0bfc107d42b",{"currentTime":"2026-07-08T13:47:41Z"}]
[21:48:40] [DEVICE] << [2,"88259b6b-d2fd-4b3e-a162-186aefea881f","Heartbeat",{}]
[21:48:40] [DEVICE] >> [3,"88259b6b-d2fd-4b3e-a162-186aefea881f",{"currentTime":"2026-07-08T13:48:40Z"}]
[21:49:41] [DEVICE] << [2,"4f90e962-6063-466a-92a0-2ca97a91fb19","Heartbeat",{}]
[21:49:41] [DEVICE] >> [3,"4f90e962-6063-466a-92a0-2ca97a91fb19",{"currentTime":"2026-07-08T13:49:41Z"}]
[21:50:41] [DEVICE] << [2,"dfdcf568-f67d-4984-be98-6904d1bc7fe6","Heartbeat",{}]
[21:50:41] [DEVICE] >> [3,"dfdcf568-f67d-4984-be98-6904d1bc7fe6",{"currentTime":"2026-07-08T13:50:41Z"}]
[21:51:41] [DEVICE] << [2,"b2983d00-d2ba-4c96-94ae-14268e8f982a","Heartbeat",{}]
[21:51:41] [DEVICE] >> [3,"b2983d00-d2ba-4c96-94ae-14268e8f982a",{"currentTime":"2026-07-08T13:51:41Z"}]
[21:52:41] [DEVICE] << [2,"fb7c3aea-d6fb-41a3-be7e-e59359e456ca","Heartbeat",{}]
[21:52:41] [DEVICE] >> [3,"fb7c3aea-d6fb-41a3-be7e-e59359e456ca",{"currentTime":"2026-07-08T13:52:41Z"}]
[21:53:41] [DEVICE] << [2,"0ae0576c-1c12-4e65-8717-278def99d07a","Heartbeat",{}]
[21:53:41] [DEVICE] >> [3,"0ae0576c-1c12-4e65-8717-278def99d07a",{"currentTime":"2026-07-08T13:53:41Z"}]
[21:54:41] [DEVICE] << [2,"1d333835-1e87-4985-a5df-8a5d2a747135","Heartbeat",{}]
[21:54:41] [DEVICE] >> [3,"1d333835-1e87-4985-a5df-8a5d2a747135",{"currentTime":"2026-07-08T13:54:41Z"}]
[21:55:41] [DEVICE] << [2,"e78db43c-05ee-4e2f-847b-0f3cf8d86da4","Heartbeat",{}]
[21:55:41] [DEVICE] >> [3,"e78db43c-05ee-4e2f-847b-0f3cf8d86da4",{"currentTime":"2026-07-08T13:55:41Z"}]
[21:56:41] [DEVICE] << [2,"a6ab323e-c00b-4fce-a983-e62dbaac609e","Heartbeat",{}]
[21:56:41] [DEVICE] >> [3,"a6ab323e-c00b-4fce-a983-e62dbaac609e",{"currentTime":"2026-07-08T13:56:41Z"}]
[21:57:41] [DEVICE] << [2,"d2a5c930-ed40-4702-b9f6-ac8d91573f65","Heartbeat",{}]
[21:57:41] [DEVICE] >> [3,"d2a5c930-ed40-4702-b9f6-ac8d91573f65",{"currentTime":"2026-07-08T13:57:41Z"}]
[21:58:41] [DEVICE] << [2,"82616999-852a-4824-8643-ee8ba52a04f1","Heartbeat",{}]
[21:58:41] [DEVICE] >> [3,"82616999-852a-4824-8643-ee8ba52a04f1",{"currentTime":"2026-07-08T13:58:41Z"}]
[21:59:41] [DEVICE] << [2,"c96bb279-470f-458f-8b52-e5713cc694b2","Heartbeat",{}]
[21:59:41] [DEVICE] >> [3,"c96bb279-470f-458f-8b52-e5713cc694b2",{"currentTime":"2026-07-08T13:59:41Z"}]
[22:00:41] [DEVICE] << [2,"d2cb9e3b-9ddf-438c-93f6-b4c0c52e9cff","Heartbeat",{}]
[22:00:41] [DEVICE] >> [3,"d2cb9e3b-9ddf-438c-93f6-b4c0c52e9cff",{"currentTime":"2026-07-08T14:00:41Z"}]
[22:01:41] [DEVICE] << [2,"a086b9e2-8f94-477f-b1dc-3e0064b1a38d","Heartbeat",{}]
[22:01:41] [DEVICE] >> [3,"a086b9e2-8f94-477f-b1dc-3e0064b1a38d",{"currentTime":"2026-07-08T14:01:41Z"}]
[22:02:41] [DEVICE] << [2,"b57f1e20-6984-4f77-8b50-ffa82fe47cd9","Heartbeat",{}]
[22:02:41] [DEVICE] >> [3,"b57f1e20-6984-4f77-8b50-ffa82fe47cd9",{"currentTime":"2026-07-08T14:02:41Z"}]
[22:03:41] [DEVICE] << [2,"ebf67f09-4afa-4d45-b04c-389e8dbb1dae","Heartbeat",{}]
[22:03:41] [DEVICE] >> [3,"ebf67f09-4afa-4d45-b04c-389e8dbb1dae",{"currentTime":"2026-07-08T14:03:41Z"}]
[22:04:41] [DEVICE] << [2,"db21932f-af18-49e9-9512-09ba96b5b699","Heartbeat",{}]
[22:04:41] [DEVICE] >> [3,"db21932f-af18-49e9-9512-09ba96b5b699",{"currentTime":"2026-07-08T14:04:41Z"}]
[22:05:41] [DEVICE] << [2,"6e545298-695f-4ebf-8a1e-09ff701e0e7e","Heartbeat",{}]
[22:05:41] [DEVICE] >> [3,"6e545298-695f-4ebf-8a1e-09ff701e0e7e",{"currentTime":"2026-07-08T14:05:41Z"}]
[22:06:41] [DEVICE] << [2,"281daa07-306a-4109-8e90-48c82072d3f1","Heartbeat",{}]
[22:06:41] [DEVICE] >> [3,"281daa07-306a-4109-8e90-48c82072d3f1",{"currentTime":"2026-07-08T14:06:41Z"}]
[22:07:41] [DEVICE] << [2,"4494f244-a7e3-4423-854d-9270da4210cd","Heartbeat",{}]
[22:07:41] [DEVICE] >> [3,"4494f244-a7e3-4423-854d-9270da4210cd",{"currentTime":"2026-07-08T14:07:41Z"}]
[22:08:41] [DEVICE] << [2,"bf1e20d7-d0b9-4175-b4c3-2e57179a4398","Heartbeat",{}]
[22:08:41] [DEVICE] >> [3,"bf1e20d7-d0b9-4175-b4c3-2e57179a4398",{"currentTime":"2026-07-08T14:08:41Z"}]
[22:09:41] [DEVICE] << [2,"43e87395-6ceb-46a7-afb5-e4c575b49bce","Heartbeat",{}]
[22:09:41] [DEVICE] >> [3,"43e87395-6ceb-46a7-afb5-e4c575b49bce",{"currentTime":"2026-07-08T14:09:41Z"}]
[22:10:41] [DEVICE] << [2,"7a5517ef-1eaa-4ef6-b1ea-b0924051bcff","Heartbeat",{}]
[22:10:41] [DEVICE] >> [3,"7a5517ef-1eaa-4ef6-b1ea-b0924051bcff",{"currentTime":"2026-07-08T14:10:41Z"}]
[22:11:41] [DEVICE] << [2,"140d36c3-8723-4877-9b32-b08c9322f523","Heartbeat",{}]
[22:11:41] [DEVICE] >> [3,"140d36c3-8723-4877-9b32-b08c9322f523",{"currentTime":"2026-07-08T14:11:41Z"}]
[22:12:41] [DEVICE] << [2,"bdef2121-d969-4c4c-bf64-87e16098dd1f","Heartbeat",{}]
[22:12:41] [DEVICE] >> [3,"bdef2121-d969-4c4c-bf64-87e16098dd1f",{"currentTime":"2026-07-08T14:12:41Z"}]
[22:13:41] [DEVICE] << [2,"8a327800-559a-415e-a77f-580731741a77","Heartbeat",{}]
[22:13:41] [DEVICE] >> [3,"8a327800-559a-415e-a77f-580731741a77",{"currentTime":"2026-07-08T14:13:41Z"}]
[22:14:41] [DEVICE] << [2,"12aa7b52-e4d9-423b-9df9-8747fae76500","Heartbeat",{}]
[22:14:41] [DEVICE] >> [3,"12aa7b52-e4d9-423b-9df9-8747fae76500",{"currentTime":"2026-07-08T14:14:41Z"}]
[22:15:41] [DEVICE] << [2,"f79369d1-f43c-4b39-a0e4-c4ac94f308d2","Heartbeat",{}]
[22:15:41] [DEVICE] >> [3,"f79369d1-f43c-4b39-a0e4-c4ac94f308d2",{"currentTime":"2026-07-08T14:15:41Z"}]
[22:16:41] [DEVICE] << [2,"dad87510-8409-429a-8528-65c10c50efe2","Heartbeat",{}]
[22:16:41] [DEVICE] >> [3,"dad87510-8409-429a-8528-65c10c50efe2",{"currentTime":"2026-07-08T14:16:41Z"}]
[22:17:41] [DEVICE] << [2,"e2e792b5-a648-4951-bdfc-59bc3abb8b20","Heartbeat",{}]
[22:17:41] [DEVICE] >> [3,"e2e792b5-a648-4951-bdfc-59bc3abb8b20",{"currentTime":"2026-07-08T14:17:41Z"}]
[22:18:41] [DEVICE] << [2,"665b9336-f073-485f-858e-85b1f095a42b","Heartbeat",{}]
[22:18:41] [DEVICE] >> [3,"665b9336-f073-485f-858e-85b1f095a42b",{"currentTime":"2026-07-08T14:18:41Z"}]
[22:19:41] [DEVICE] << [2,"adcd6f43-1f56-48d5-b2e0-b434918db81b","Heartbeat",{}]
[22:19:41] [DEVICE] >> [3,"adcd6f43-1f56-48d5-b2e0-b434918db81b",{"currentTime":"2026-07-08T14:19:41Z"}]
[22:20:41] [DEVICE] << [2,"ce285a97-0f3e-4fd6-b95a-cf80eb2a67e6","Heartbeat",{}]
[22:20:41] [DEVICE] >> [3,"ce285a97-0f3e-4fd6-b95a-cf80eb2a67e6",{"currentTime":"2026-07-08T14:20:41Z"}]
[22:21:41] [DEVICE] << [2,"b7c6aa8a-3fbc-4220-b093-328ac72ee49c","Heartbeat",{}]
[22:21:41] [DEVICE] >> [3,"b7c6aa8a-3fbc-4220-b093-328ac72ee49c",{"currentTime":"2026-07-08T14:21:41Z"}]
[22:22:41] [DEVICE] << [2,"7d5e4171-fc9a-4a0d-94e0-b272b398721e","Heartbeat",{}]
[22:22:41] [DEVICE] >> [3,"7d5e4171-fc9a-4a0d-94e0-b272b398721e",{"currentTime":"2026-07-08T14:22:41Z"}]
[22:23:41] [DEVICE] << [2,"69a9b249-cc4b-4000-b179-d94894bf5530","Heartbeat",{}]
[22:23:41] [DEVICE] >> [3,"69a9b249-cc4b-4000-b179-d94894bf5530",{"currentTime":"2026-07-08T14:23:41Z"}]
[22:24:41] [DEVICE] << [2,"1f38a701-9811-4e15-bc01-dabdfce2d111","Heartbeat",{}]
[22:24:41] [DEVICE] >> [3,"1f38a701-9811-4e15-bc01-dabdfce2d111",{"currentTime":"2026-07-08T14:24:41Z"}]
[22:25:41] [DEVICE] << [2,"26b5090f-38cc-4d2d-a944-ef8d48638296","Heartbeat",{}]
[22:25:41] [DEVICE] >> [3,"26b5090f-38cc-4d2d-a944-ef8d48638296",{"currentTime":"2026-07-08T14:25:41Z"}]
[22:26:41] [DEVICE] << [2,"4c7827d5-1893-48a0-8a0c-42bcc54b5189","Heartbeat",{}]
[22:26:41] [DEVICE] >> [3,"4c7827d5-1893-48a0-8a0c-42bcc54b5189",{"currentTime":"2026-07-08T14:26:41Z"}]
[22:27:41] [DEVICE] << [2,"5036fdc8-f6db-41c0-a238-734eb10c9ed9","Heartbeat",{}]
[22:27:41] [DEVICE] >> [3,"5036fdc8-f6db-41c0-a238-734eb10c9ed9",{"currentTime":"2026-07-08T14:27:41Z"}]
[22:28:41] [DEVICE] << [2,"6ef53fa2-490c-4403-a058-2332ad88ebe4","Heartbeat",{}]
[22:28:41] [DEVICE] >> [3,"6ef53fa2-490c-4403-a058-2332ad88ebe4",{"currentTime":"2026-07-08T14:28:41Z"}]
[22:29:41] [DEVICE] << [2,"5cc1d46c-3d91-4d86-ba1b-d73bcbdb040c","Heartbeat",{}]
[22:29:41] [DEVICE] >> [3,"5cc1d46c-3d91-4d86-ba1b-d73bcbdb040c",{"currentTime":"2026-07-08T14:29:41Z"}]
[22:30:41] [DEVICE] << [2,"fcc2e2c8-a905-4485-8136-2409b11dde0c","Heartbeat",{}]
[22:30:41] [DEVICE] >> [3,"fcc2e2c8-a905-4485-8136-2409b11dde0c",{"currentTime":"2026-07-08T14:30:41Z"}]
[22:31:41] [DEVICE] << [2,"491d2e8b-f9b3-4e64-88cf-11658025743d","Heartbeat",{}]
[22:31:41] [DEVICE] >> [3,"491d2e8b-f9b3-4e64-88cf-11658025743d",{"currentTime":"2026-07-08T14:31:41Z"}]
[22:32:41] [DEVICE] << [2,"6ff977fc-5d36-430e-b3a1-87ac421ffbe3","Heartbeat",{}]
[22:32:41] [DEVICE] >> [3,"6ff977fc-5d36-430e-b3a1-87ac421ffbe3",{"currentTime":"2026-07-08T14:32:41Z"}]
[22:33:41] [DEVICE] << [2,"e8508169-f757-48ea-8414-22560e269809","Heartbeat",{}]
[22:33:41] [DEVICE] >> [3,"e8508169-f757-48ea-8414-22560e269809",{"currentTime":"2026-07-08T14:33:41Z"}]
[22:34:41] [DEVICE] << [2,"413a33d5-59b9-4577-9bf8-667f9f7ba0ca","Heartbeat",{}]
[22:34:41] [DEVICE] >> [3,"413a33d5-59b9-4577-9bf8-667f9f7ba0ca",{"currentTime":"2026-07-08T14:34:41Z"}]
[22:35:41] [DEVICE] << [2,"42e64233-f1e7-423d-a16b-7f7d72e02bf1","Heartbeat",{}]
[22:35:41] [DEVICE] >> [3,"42e64233-f1e7-423d-a16b-7f7d72e02bf1",{"currentTime":"2026-07-08T14:35:41Z"}]
[22:36:41] [DEVICE] << [2,"b727c751-70a2-4c4d-bef2-865aa6aabdbf","Heartbeat",{}]
[22:36:41] [DEVICE] >> [3,"b727c751-70a2-4c4d-bef2-865aa6aabdbf",{"currentTime":"2026-07-08T14:36:41Z"}]
[22:37:41] [DEVICE] << [2,"7dd0a4b5-fb40-4478-a868-cbd361744774","Heartbeat",{}]
[22:37:41] [DEVICE] >> [3,"7dd0a4b5-fb40-4478-a868-cbd361744774",{"currentTime":"2026-07-08T14:37:41Z"}]
[22:38:41] [DEVICE] << [2,"1bc5a4de-68f5-49c0-8627-ec22011bc986","Heartbeat",{}]
[22:38:41] [DEVICE] >> [3,"1bc5a4de-68f5-49c0-8627-ec22011bc986",{"currentTime":"2026-07-08T14:38:41Z"}]
[22:39:42] [DEVICE] << [2,"14853724-5665-4f9a-800d-1c3fd2fbaf62","Heartbeat",{}]
[22:39:42] [DEVICE] >> [3,"14853724-5665-4f9a-800d-1c3fd2fbaf62",{"currentTime":"2026-07-08T14:39:42Z"}]
[22:40:41] [DEVICE] << [2,"2c2db18f-0a78-40ad-b6f9-4b59da7fc537","Heartbeat",{}]
[22:40:42] [DEVICE] >> [3,"2c2db18f-0a78-40ad-b6f9-4b59da7fc537",{"currentTime":"2026-07-08T14:40:42Z"}]
[22:41:42] [DEVICE] << [2,"212df291-fcf0-46c4-9f99-9ecbb81dac88","Heartbeat",{}]
[22:41:42] [DEVICE] >> [3,"212df291-fcf0-46c4-9f99-9ecbb81dac88",{"currentTime":"2026-07-08T14:41:42Z"}]
[22:42:42] [DEVICE] << [2,"fe2f50de-e83a-4057-a6a5-93c5a3303b29","Heartbeat",{}]
[22:42:42] [DEVICE] >> [3,"fe2f50de-e83a-4057-a6a5-93c5a3303b29",{"currentTime":"2026-07-08T14:42:42Z"}]
[22:43:42] [DEVICE] << [2,"661d60d0-1382-489c-9774-1912af6e47a1","Heartbeat",{}]
[22:43:42] [DEVICE] >> [3,"661d60d0-1382-489c-9774-1912af6e47a1",{"currentTime":"2026-07-08T14:43:42Z"}]
[22:44:42] [DEVICE] << [2,"a993368e-4505-4ffa-a4f4-9f26e39d600a","Heartbeat",{}]
[22:44:42] [DEVICE] >> [3,"a993368e-4505-4ffa-a4f4-9f26e39d600a",{"currentTime":"2026-07-08T14:44:42Z"}]
[22:45:42] [DEVICE] << [2,"6141cb99-9e70-43c7-a5f3-095e5db32db1","Heartbeat",{}]
[22:45:42] [DEVICE] >> [3,"6141cb99-9e70-43c7-a5f3-095e5db32db1",{"currentTime":"2026-07-08T14:45:42Z"}]
[22:46:42] [DEVICE] << [2,"f97a7282-c7db-4320-8e73-2d1195228e47","Heartbeat",{}]
[22:46:42] [DEVICE] >> [3,"f97a7282-c7db-4320-8e73-2d1195228e47",{"currentTime":"2026-07-08T14:46:42Z"}]
[22:47:42] [DEVICE] << [2,"fc67e85c-7609-4bfc-a0e2-cc85aae91bef","Heartbeat",{}]
[22:47:42] [DEVICE] >> [3,"fc67e85c-7609-4bfc-a0e2-cc85aae91bef",{"currentTime":"2026-07-08T14:47:42Z"}]
[22:48:42] [DEVICE] << [2,"164fbdd9-21f6-4016-bd79-46c2369ca8c6","Heartbeat",{}]
[22:48:42] [DEVICE] >> [3,"164fbdd9-21f6-4016-bd79-46c2369ca8c6",{"currentTime":"2026-07-08T14:48:42Z"}]
[22:49:42] [DEVICE] << [2,"5c947d4e-5bab-48cf-9091-b21e93062a6b","Heartbeat",{}]
[22:49:42] [DEVICE] >> [3,"5c947d4e-5bab-48cf-9091-b21e93062a6b",{"currentTime":"2026-07-08T14:49:42Z"}]
[22:50:42] [DEVICE] << [2,"1ccfec5e-a150-4874-8145-70dc7960b045","Heartbeat",{}]
[22:50:42] [DEVICE] >> [3,"1ccfec5e-a150-4874-8145-70dc7960b045",{"currentTime":"2026-07-08T14:50:42Z"}]
[22:51:42] [DEVICE] << [2,"2c03ce85-5af4-49fb-8fa3-6f69c2af288a","Heartbeat",{}]
[22:51:42] [DEVICE] >> [3,"2c03ce85-5af4-49fb-8fa3-6f69c2af288a",{"currentTime":"2026-07-08T14:51:42Z"}]
[22:52:42] [DEVICE] << [2,"47b980e4-6f69-4d8d-971a-a1f6c9058617","Heartbeat",{}]
[22:52:42] [DEVICE] >> [3,"47b980e4-6f69-4d8d-971a-a1f6c9058617",{"currentTime":"2026-07-08T14:52:42Z"}]
[22:53:42] [DEVICE] << [2,"75830e0d-5b19-4a7d-b00f-995bd2a2198d","Heartbeat",{}]
[22:53:42] [DEVICE] >> [3,"75830e0d-5b19-4a7d-b00f-995bd2a2198d",{"currentTime":"2026-07-08T14:53:42Z"}]
[22:54:42] [DEVICE] << [2,"9f9d4bc2-3572-4867-86b5-b39c2e00affc","Heartbeat",{}]
[22:54:42] [DEVICE] >> [3,"9f9d4bc2-3572-4867-86b5-b39c2e00affc",{"currentTime":"2026-07-08T14:54:42Z"}]
[22:55:42] [DEVICE] << [2,"4afdf331-3a92-40f5-b3af-b1eeb9eceb9a","Heartbeat",{}]
[22:55:42] [DEVICE] >> [3,"4afdf331-3a92-40f5-b3af-b1eeb9eceb9a",{"currentTime":"2026-07-08T14:55:42Z"}]
[22:56:42] [DEVICE] << [2,"9dd27275-3c8d-443b-87d4-29e9f4fb089e","Heartbeat",{}]
[22:56:42] [DEVICE] >> [3,"9dd27275-3c8d-443b-87d4-29e9f4fb089e",{"currentTime":"2026-07-08T14:56:42Z"}]
[22:57:42] [DEVICE] << [2,"e9f6a724-6b92-4a11-ab3a-58543a985cb9","Heartbeat",{}]
[22:57:42] [DEVICE] >> [3,"e9f6a724-6b92-4a11-ab3a-58543a985cb9",{"currentTime":"2026-07-08T14:57:42Z"}]
[22:58:42] [DEVICE] << [2,"f8b51448-b57c-4fc1-ab3d-28934b50f9be","Heartbeat",{}]
[22:58:42] [DEVICE] >> [3,"f8b51448-b57c-4fc1-ab3d-28934b50f9be",{"currentTime":"2026-07-08T14:58:42Z"}]
[22:59:42] [DEVICE] << [2,"b3aed780-faf4-44fb-a541-d9ebe0a13710","Heartbeat",{}]
[22:59:42] [DEVICE] >> [3,"b3aed780-faf4-44fb-a541-d9ebe0a13710",{"currentTime":"2026-07-08T14:59:42Z"}]
[23:00:42] [DEVICE] << [2,"a1144786-e93d-456b-a9eb-ceccf236e9c2","Heartbeat",{}]
[23:00:42] [DEVICE] >> [3,"a1144786-e93d-456b-a9eb-ceccf236e9c2",{"currentTime":"2026-07-08T15:00:42Z"}]
[23:01:42] [DEVICE] << [2,"00658d18-16e2-4705-909d-fb303a244bdd","Heartbeat",{}]
[23:01:42] [DEVICE] >> [3,"00658d18-16e2-4705-909d-fb303a244bdd",{"currentTime":"2026-07-08T15:01:42Z"}]
[23:02:42] [DEVICE] << [2,"d508958f-cb8b-4db9-a036-c7a0e930434b","Heartbeat",{}]
[23:02:42] [DEVICE] >> [3,"d508958f-cb8b-4db9-a036-c7a0e930434b",{"currentTime":"2026-07-08T15:02:42Z"}]
[23:03:42] [DEVICE] << [2,"53818c68-8809-443e-8c95-0f9516b1c3ca","Heartbeat",{}]
[23:03:42] [DEVICE] >> [3,"53818c68-8809-443e-8c95-0f9516b1c3ca",{"currentTime":"2026-07-08T15:03:42Z"}]
[23:04:42] [DEVICE] << [2,"c240b008-ef67-4ff6-88ce-8568ff1d2760","Heartbeat",{}]
[23:04:42] [DEVICE] >> [3,"c240b008-ef67-4ff6-88ce-8568ff1d2760",{"currentTime":"2026-07-08T15:04:42Z"}]
[23:05:42] [DEVICE] << [2,"24b399aa-8698-4203-b886-90191f9c4afc","Heartbeat",{}]
[23:05:42] [DEVICE] >> [3,"24b399aa-8698-4203-b886-90191f9c4afc",{"currentTime":"2026-07-08T15:05:42Z"}]
[23:06:42] [DEVICE] << [2,"6f22c31e-0659-4e7f-be45-6b2213263392","Heartbeat",{}]
[23:06:42] [DEVICE] >> [3,"6f22c31e-0659-4e7f-be45-6b2213263392",{"currentTime":"2026-07-08T15:06:42Z"}]
[23:07:42] [DEVICE] << [2,"5b4aa70d-e5d1-443c-b261-044c4e238742","Heartbeat",{}]
[23:07:42] [DEVICE] >> [3,"5b4aa70d-e5d1-443c-b261-044c4e238742",{"currentTime":"2026-07-08T15:07:42Z"}]
[23:08:42] [DEVICE] << [2,"520234df-2801-4ea2-9bfe-18f9e38697b7","Heartbeat",{}]
[23:08:42] [DEVICE] >> [3,"520234df-2801-4ea2-9bfe-18f9e38697b7",{"currentTime":"2026-07-08T15:08:42Z"}]
[23:09:42] [DEVICE] << [2,"8925c411-81d8-4b37-b552-cf293f0360ee","Heartbeat",{}]
[23:09:42] [DEVICE] >> [3,"8925c411-81d8-4b37-b552-cf293f0360ee",{"currentTime":"2026-07-08T15:09:42Z"}]
[23:10:42] [DEVICE] << [2,"bb29b63f-6ee0-4651-88b7-325eae5c1264","Heartbeat",{}]
[23:10:42] [DEVICE] >> [3,"bb29b63f-6ee0-4651-88b7-325eae5c1264",{"currentTime":"2026-07-08T15:10:42Z"}]
[23:11:42] [DEVICE] << [2,"83c81e8d-f5f5-40ed-b8a6-26ea28261a4d","Heartbeat",{}]
[23:11:42] [DEVICE] >> [3,"83c81e8d-f5f5-40ed-b8a6-26ea28261a4d",{"currentTime":"2026-07-08T15:11:42Z"}]
[23:12:42] [DEVICE] << [2,"51307969-ca3c-4f4c-8838-2056c2a29539","Heartbeat",{}]
[23:12:42] [DEVICE] >> [3,"51307969-ca3c-4f4c-8838-2056c2a29539",{"currentTime":"2026-07-08T15:12:42Z"}]
[23:13:42] [DEVICE] << [2,"73d036e1-c438-4524-acc3-06783416c6d1","Heartbeat",{}]
[23:13:42] [DEVICE] >> [3,"73d036e1-c438-4524-acc3-06783416c6d1",{"currentTime":"2026-07-08T15:13:42Z"}]
[23:14:42] [DEVICE] << [2,"f4bf85a8-4bcd-473d-8912-3801012eda02","Heartbeat",{}]
[23:14:42] [DEVICE] >> [3,"f4bf85a8-4bcd-473d-8912-3801012eda02",{"currentTime":"2026-07-08T15:14:42Z"}]
[23:15:42] [DEVICE] << [2,"d45e8774-487d-4399-8f15-be3d191feab8","Heartbeat",{}]
[23:15:42] [DEVICE] >> [3,"d45e8774-487d-4399-8f15-be3d191feab8",{"currentTime":"2026-07-08T15:15:42Z"}]
[23:16:42] [DEVICE] << [2,"8ff357ae-0671-48e9-8a60-f22ef8e9733e","Heartbeat",{}]
[23:16:42] [DEVICE] >> [3,"8ff357ae-0671-48e9-8a60-f22ef8e9733e",{"currentTime":"2026-07-08T15:16:42Z"}]
[23:17:42] [DEVICE] << [2,"338f6f84-8cf5-445f-8b42-b796a178bea4","Heartbeat",{}]
[23:17:42] [DEVICE] >> [3,"338f6f84-8cf5-445f-8b42-b796a178bea4",{"currentTime":"2026-07-08T15:17:42Z"}]
[23:18:42] [DEVICE] << [2,"76e54540-8946-4180-a0e2-4bbc7b8bf72a","Heartbeat",{}]
[23:18:42] [DEVICE] >> [3,"76e54540-8946-4180-a0e2-4bbc7b8bf72a",{"currentTime":"2026-07-08T15:18:42Z"}]
[23:19:42] [DEVICE] << [2,"7b5190e3-77af-414f-9484-a6352f812c43","Heartbeat",{}]
[23:19:42] [DEVICE] >> [3,"7b5190e3-77af-414f-9484-a6352f812c43",{"currentTime":"2026-07-08T15:19:42Z"}]
[23:20:42] [DEVICE] << [2,"0d5dae43-043e-4df1-b62e-b5748de1bb28","Heartbeat",{}]
[23:20:42] [DEVICE] >> [3,"0d5dae43-043e-4df1-b62e-b5748de1bb28",{"currentTime":"2026-07-08T15:20:42Z"}]
[23:21:42] [DEVICE] << [2,"4d941da8-cc3d-42b7-ae1e-a568f6447a7c","Heartbeat",{}]
[23:21:42] [DEVICE] >> [3,"4d941da8-cc3d-42b7-ae1e-a568f6447a7c",{"currentTime":"2026-07-08T15:21:42Z"}]
[23:22:42] [DEVICE] << [2,"74e1ad4f-cbd6-46bd-8153-b7c8f5301aaf","Heartbeat",{}]
[23:22:42] [DEVICE] >> [3,"74e1ad4f-cbd6-46bd-8153-b7c8f5301aaf",{"currentTime":"2026-07-08T15:22:42Z"}]
[23:23:42] [DEVICE] << [2,"2239006a-17b8-40fc-acf3-b2f6ad8a0b51","Heartbeat",{}]
[23:23:42] [DEVICE] >> [3,"2239006a-17b8-40fc-acf3-b2f6ad8a0b51",{"currentTime":"2026-07-08T15:23:42Z"}]
[23:24:42] [DEVICE] << [2,"41014b84-ecdd-435e-b79f-2363059e5d37","Heartbeat",{}]
[23:24:42] [DEVICE] >> [3,"41014b84-ecdd-435e-b79f-2363059e5d37",{"currentTime":"2026-07-08T15:24:42Z"}]
[23:25:42] [DEVICE] << [2,"859295e0-42f5-4ced-a482-7de660596fb7","Heartbeat",{}]
[23:25:42] [DEVICE] >> [3,"859295e0-42f5-4ced-a482-7de660596fb7",{"currentTime":"2026-07-08T15:25:42Z"}]
[23:26:42] [DEVICE] << [2,"43660eeb-f849-4a56-aa31-4aab272f293a","Heartbeat",{}]
[23:26:42] [DEVICE] >> [3,"43660eeb-f849-4a56-aa31-4aab272f293a",{"currentTime":"2026-07-08T15:26:42Z"}]
[23:27:42] [DEVICE] << [2,"d9047052-6057-4e49-ac2e-360d36c6ad12","Heartbeat",{}]
[23:27:42] [DEVICE] >> [3,"d9047052-6057-4e49-ac2e-360d36c6ad12",{"currentTime":"2026-07-08T15:27:42Z"}]
[23:28:42] [DEVICE] << [2,"710bb069-da40-4444-a0f4-3fb59415b417","Heartbeat",{}]
[23:28:42] [DEVICE] >> [3,"710bb069-da40-4444-a0f4-3fb59415b417",{"currentTime":"2026-07-08T15:28:42Z"}]
[23:29:42] [DEVICE] << [2,"f0333356-46dc-4a66-b1b5-cf4b189ffd91","Heartbeat",{}]
[23:29:43] [DEVICE] >> [3,"f0333356-46dc-4a66-b1b5-cf4b189ffd91",{"currentTime":"2026-07-08T15:29:43Z"}]
[23:30:42] [DEVICE] << [2,"c4e30628-28b6-406b-b48c-2316781a75e5","Heartbeat",{}]
[23:30:43] [DEVICE] >> [3,"c4e30628-28b6-406b-b48c-2316781a75e5",{"currentTime":"2026-07-08T15:30:43Z"}]
[23:31:42] [DEVICE] << [2,"79edcbdc-7cb1-4bdf-b85d-1a3b5e63a629","Heartbeat",{}]
[23:31:43] [DEVICE] >> [3,"79edcbdc-7cb1-4bdf-b85d-1a3b5e63a629",{"currentTime":"2026-07-08T15:31:43Z"}]
[23:32:42] [DEVICE] << [2,"5928a885-3695-4165-b4ab-611dfb69d7c2","Heartbeat",{}]
[23:32:43] [DEVICE] >> [3,"5928a885-3695-4165-b4ab-611dfb69d7c2",{"currentTime":"2026-07-08T15:32:43Z"}]
[23:33:43] [DEVICE] << [2,"9f7a42c9-d77f-48a1-8e40-39749f7d9df2","Heartbeat",{}]
[23:33:43] [DEVICE] >> [3,"9f7a42c9-d77f-48a1-8e40-39749f7d9df2",{"currentTime":"2026-07-08T15:33:43Z"}]
[23:34:43] [DEVICE] << [2,"5b7b3ca2-0571-42ce-8b49-9d003cdae45a","Heartbeat",{}]
[23:34:43] [DEVICE] >> [3,"5b7b3ca2-0571-42ce-8b49-9d003cdae45a",{"currentTime":"2026-07-08T15:34:43Z"}]
[23:35:43] [DEVICE] << [2,"25b7781a-48a6-4274-95df-082d8c533441","Heartbeat",{}]
[23:35:43] [DEVICE] >> [3,"25b7781a-48a6-4274-95df-082d8c533441",{"currentTime":"2026-07-08T15:35:43Z"}]
[23:36:43] [DEVICE] << [2,"ad4a49b4-eca5-4f6c-88da-d3866b794c81","Heartbeat",{}]
[23:36:43] [DEVICE] >> [3,"ad4a49b4-eca5-4f6c-88da-d3866b794c81",{"currentTime":"2026-07-08T15:36:43Z"}]
[23:37:43] [DEVICE] << [2,"a8c557b6-2469-4548-a2b4-d982c09bc2d6","Heartbeat",{}]
[23:37:43] [DEVICE] >> [3,"a8c557b6-2469-4548-a2b4-d982c09bc2d6",{"currentTime":"2026-07-08T15:37:43Z"}]
[23:38:43] [DEVICE] << [2,"fb3575ce-b32b-42a4-9c38-9a37c96e6500","Heartbeat",{}]
[23:38:43] [DEVICE] >> [3,"fb3575ce-b32b-42a4-9c38-9a37c96e6500",{"currentTime":"2026-07-08T15:38:43Z"}]
[23:39:43] [DEVICE] << [2,"5d1d5d31-fb41-4335-b6c9-4594100c6921","Heartbeat",{}]
[23:39:43] [DEVICE] >> [3,"5d1d5d31-fb41-4335-b6c9-4594100c6921",{"currentTime":"2026-07-08T15:39:43Z"}]
[23:40:43] [DEVICE] << [2,"9c4cb283-5a7a-4df5-b33f-754403735b8c","Heartbeat",{}]
[23:40:43] [DEVICE] >> [3,"9c4cb283-5a7a-4df5-b33f-754403735b8c",{"currentTime":"2026-07-08T15:40:43Z"}]
[23:41:43] [DEVICE] << [2,"0e76bf24-0a40-4d12-8e7f-4cc38328b0ae","Heartbeat",{}]
[23:41:43] [DEVICE] >> [3,"0e76bf24-0a40-4d12-8e7f-4cc38328b0ae",{"currentTime":"2026-07-08T15:41:43Z"}]
[23:42:43] [DEVICE] << [2,"76265177-1487-4b06-ada4-a86b706e5c23","Heartbeat",{}]
[23:42:43] [DEVICE] >> [3,"76265177-1487-4b06-ada4-a86b706e5c23",{"currentTime":"2026-07-08T15:42:43Z"}]
[23:43:43] [DEVICE] << [2,"88c8226c-4d7c-429a-a9ea-f7ed66422ef4","Heartbeat",{}]
[23:43:43] [DEVICE] >> [3,"88c8226c-4d7c-429a-a9ea-f7ed66422ef4",{"currentTime":"2026-07-08T15:43:43Z"}]
[23:44:43] [DEVICE] << [2,"c34a423f-67d8-492b-8959-35b2631e8887","Heartbeat",{}]
[23:44:43] [DEVICE] >> [3,"c34a423f-67d8-492b-8959-35b2631e8887",{"currentTime":"2026-07-08T15:44:43Z"}]
[23:45:43] [DEVICE] << [2,"0ee9627f-3332-4343-97db-826219ab4915","Heartbeat",{}]
[23:45:43] [DEVICE] >> [3,"0ee9627f-3332-4343-97db-826219ab4915",{"currentTime":"2026-07-08T15:45:43Z"}]
[23:46:43] [DEVICE] << [2,"49346f90-0618-4587-badd-5f4ce5ffd2e7","Heartbeat",{}]
[23:46:43] [DEVICE] >> [3,"49346f90-0618-4587-badd-5f4ce5ffd2e7",{"currentTime":"2026-07-08T15:46:43Z"}]
[23:47:43] [DEVICE] << [2,"5653d8b1-782e-40e9-b9ef-594bb401efe7","Heartbeat",{}]
[23:47:43] [DEVICE] >> [3,"5653d8b1-782e-40e9-b9ef-594bb401efe7",{"currentTime":"2026-07-08T15:47:43Z"}]
[23:48:43] [DEVICE] << [2,"ed82bd8c-075f-4786-ac38-1b398e91af30","Heartbeat",{}]
[23:48:43] [DEVICE] >> [3,"ed82bd8c-075f-4786-ac38-1b398e91af30",{"currentTime":"2026-07-08T15:48:43Z"}]
[23:49:43] [DEVICE] << [2,"21d0e8a7-de9d-43b1-8fd7-2fa288a0f274","Heartbeat",{}]
[23:49:43] [DEVICE] >> [3,"21d0e8a7-de9d-43b1-8fd7-2fa288a0f274",{"currentTime":"2026-07-08T15:49:43Z"}]
[23:50:43] [DEVICE] << [2,"d4e1d4b7-86c2-468b-9c6e-e4f44a4245ab","Heartbeat",{}]
[23:50:43] [DEVICE] >> [3,"d4e1d4b7-86c2-468b-9c6e-e4f44a4245ab",{"currentTime":"2026-07-08T15:50:43Z"}]
[23:51:43] [DEVICE] << [2,"cc2f408b-f1d0-4da0-b1ca-bdbdcb42db66","Heartbeat",{}]
[23:51:43] [DEVICE] >> [3,"cc2f408b-f1d0-4da0-b1ca-bdbdcb42db66",{"currentTime":"2026-07-08T15:51:43Z"}]
[23:52:43] [DEVICE] << [2,"5f80bf37-5602-4e30-85f8-cf7d6b26b577","Heartbeat",{}]
[23:52:43] [DEVICE] >> [3,"5f80bf37-5602-4e30-85f8-cf7d6b26b577",{"currentTime":"2026-07-08T15:52:43Z"}]
[23:53:43] [DEVICE] << [2,"25acf4c9-c371-4479-b3f6-e92817240a1e","Heartbeat",{}]
[23:53:43] [DEVICE] >> [3,"25acf4c9-c371-4479-b3f6-e92817240a1e",{"currentTime":"2026-07-08T15:53:43Z"}]
[23:54:43] [DEVICE] << [2,"f5a3a8f5-ceb7-418b-b2ce-49cf03e505a3","Heartbeat",{}]
[23:54:43] [DEVICE] >> [3,"f5a3a8f5-ceb7-418b-b2ce-49cf03e505a3",{"currentTime":"2026-07-08T15:54:43Z"}]
[23:55:43] [DEVICE] << [2,"c723a787-2254-4036-bd58-59350a7d4376","Heartbeat",{}]
[23:55:43] [DEVICE] >> [3,"c723a787-2254-4036-bd58-59350a7d4376",{"currentTime":"2026-07-08T15:55:43Z"}]
[23:56:43] [DEVICE] << [2,"2c667f1a-bad0-4304-844d-024dac714848","Heartbeat",{}]
[23:56:43] [DEVICE] >> [3,"2c667f1a-bad0-4304-844d-024dac714848",{"currentTime":"2026-07-08T15:56:43Z"}]
[23:57:43] [DEVICE] << [2,"db820761-39b9-484f-a17b-0105c808990c","Heartbeat",{}]
[23:57:43] [DEVICE] >> [3,"db820761-39b9-484f-a17b-0105c808990c",{"currentTime":"2026-07-08T15:57:43Z"}]
[23:58:43] [DEVICE] << [2,"c1225b9f-33b6-4056-8837-8e76bc69a9db","Heartbeat",{}]
[23:58:43] [DEVICE] >> [3,"c1225b9f-33b6-4056-8837-8e76bc69a9db",{"currentTime":"2026-07-08T15:58:43Z"}]
[23:59:43] [DEVICE] << [2,"26ca9cd3-838b-4c46-84fc-a6bbf4cc604f","Heartbeat",{}]
[23:59:43] [DEVICE] >> [3,"26ca9cd3-838b-4c46-84fc-a6bbf4cc604f",{"currentTime":"2026-07-08T15:59:43Z"}]
